Archive member included to satisfy reference by file (symbol)

/opt/devkitpro/libctru/lib/libcitro2d.a(base.o)
                              main.o (C2D_Init)
/opt/devkitpro/libctru/lib/libcitro2d.a(text.o)
                              main.o (C2D_TextBufNew)
/opt/devkitpro/libctru/lib/libcitro2d.a(font.o)
                              /opt/devkitpro/libctru/lib/libcitro2d.a(text.o) (C2D_FontGlyphIndexFromCodePoint)
/opt/devkitpro/libctru/lib/libcitro2d.a(render2d.shbin.o)
                              /opt/devkitpro/libctru/lib/libcitro2d.a(base.o) (render2d_shbin_size)
/opt/devkitpro/libctru/lib/libcitro3d.a(base.o)
                              main.o (C3D_Init)
/opt/devkitpro/libctru/lib/libcitro3d.a(renderqueue.o)
                              /opt/devkitpro/libctru/lib/libcitro3d.a(base.o) (C3Di_RenderQueueInit)
/opt/devkitpro/libctru/lib/libcitro3d.a(texture.o)
                              /opt/devkitpro/libctru/lib/libcitro2d.a(base.o) (C3D_TexBind)
/opt/devkitpro/libctru/lib/libcitro3d.a(framebuffer.o)
                              /opt/devkitpro/libctru/lib/libcitro3d.a(renderqueue.o) (C3D_CalcColorBufSize)
/opt/devkitpro/libctru/lib/libcitro3d.a(texenv.o)
                              /opt/devkitpro/libctru/lib/libcitro2d.a(base.o) (C3D_GetTexEnv)
/opt/devkitpro/libctru/lib/libcitro3d.a(proctex.o)
                              /opt/devkitpro/libctru/lib/libcitro2d.a(base.o) (C3D_ProcTexInit)
/opt/devkitpro/libctru/lib/libcitro3d.a(uniforms.o)
                              /opt/devkitpro/libctru/lib/libcitro3d.a(base.o) (C3D_UpdateUniforms)
/opt/devkitpro/libctru/lib/libcitro3d.a(buffers.o)
                              /opt/devkitpro/libctru/lib/libcitro2d.a(base.o) (BufInfo_Init)
/opt/devkitpro/libctru/lib/libcitro3d.a(drawArrays.o)
                              /opt/devkitpro/libctru/lib/libcitro2d.a(base.o) (C3D_DrawArrays)
/opt/devkitpro/libctru/lib/libcitro3d.a(effect.o)
                              /opt/devkitpro/libctru/lib/libcitro3d.a(base.o) (C3D_DepthMap)
/opt/devkitpro/libctru/lib/libcitro3d.a(attribs.o)
                              /opt/devkitpro/libctru/lib/libcitro2d.a(base.o) (AttrInfo_Init)
/opt/devkitpro/libctru/lib/libcitro3d.a(immediate.o)
                              /opt/devkitpro/libctru/lib/libcitro3d.a(base.o) (C3D_ImmSendAttrib)
/opt/devkitpro/libctru/lib/libcitro3d.a(mtx_ortho.o)
                              /opt/devkitpro/libctru/lib/libcitro2d.a(base.o) (Mtx_Ortho)
/opt/devkitpro/libctru/lib/libcitro3d.a(mtx_orthotilt.o)
                              /opt/devkitpro/libctru/lib/libcitro2d.a(base.o) (Mtx_OrthoTilt)
/opt/devkitpro/libctru/lib/libctru.a(vram.o)
                              /opt/devkitpro/libctru/lib/libcitro3d.a(renderqueue.o) (vramAlloc)
/opt/devkitpro/libctru/lib/libctru.a(linear.o)
                              /opt/devkitpro/libctru/lib/libcitro2d.a(base.o) (linearAlloc)
/opt/devkitpro/libctru/lib/libctru.a(mem_pool.o)
                              /opt/devkitpro/libctru/lib/libctru.a(vram.o) (MemPool::Allocate(MemChunk&, unsigned long, int))
/opt/devkitpro/libctru/lib/libctru.a(os.o)
                              /opt/devkitpro/libctru/lib/libcitro3d.a(texture.o) (osConvertVirtToPhys)
/opt/devkitpro/libctru/lib/libctru.a(console.o)
                              main.o (consoleInit)
/opt/devkitpro/libctru/lib/libctru.a(font.o)
                              /opt/devkitpro/libctru/lib/libcitro2d.a(text.o) (fontEnsureMapped)
/opt/devkitpro/libctru/lib/libctru.a(gfx.o)
                              /opt/devkitpro/libctru/lib/libctru.a(console.o) (gfxSetScreenFormat)
/opt/devkitpro/libctru/lib/libctru.a(mappable.o)
                              /opt/devkitpro/libctru/lib/libctru.a(gfx.o) (mappableAlloc)
/opt/devkitpro/libctru/lib/libctru.a(shaderProgram.o)
                              /opt/devkitpro/libctru/lib/libcitro2d.a(base.o) (shaderInstanceGetUniformLocation)
/opt/devkitpro/libctru/lib/libctru.a(shbin.o)
                              /opt/devkitpro/libctru/lib/libcitro2d.a(base.o) (DVLB_ParseFile)
/opt/devkitpro/libctru/lib/libctru.a(gx.o)
                              /opt/devkitpro/libctru/lib/libcitro3d.a(renderqueue.o) (GX_BindQueue)
/opt/devkitpro/libctru/lib/libctru.a(gxqueue.o)
                              /opt/devkitpro/libctru/lib/libcitro3d.a(renderqueue.o) (gxCmdQueueClear)
/opt/devkitpro/libctru/lib/libctru.a(gpu.o)
                              /opt/devkitpro/libctru/lib/libcitro3d.a(base.o) (GPUCMD_Add)
/opt/devkitpro/libctru/lib/libctru.a(gspgpu.o)
                              /opt/devkitpro/libctru/lib/libctru.a(gfx.o) (gspInit)
/opt/devkitpro/libctru/lib/libctru.a(cfgu.o)
                              /opt/devkitpro/libctru/lib/libcitro2d.a(font.o) (CFGU_SecureInfoGetRegion)
/opt/devkitpro/libctru/lib/libctru.a(fs.o)
                              /opt/devkitpro/libctru/lib/libcitro2d.a(font.o) (FSUSER_OpenFileDirectly)
/opt/devkitpro/libctru/lib/libctru.a(apt.o)
[...]
Memory Configuration

Name             Origin             Length             Attributes
*default*        0x0000000000000000 0xffffffffffffffff

Linker script and memory map

                0x0000000000100000                PROVIDE (__start__ = 0x100000)
                0x0000000000100000                . = __start__

.text           0x0000000000100000    0x27510
 *(.crt0)
 .crt0          0x0000000000100000       0x94 /opt/devkitpro/devkitARM/bin/../lib/gcc/arm-none-eabi/10.1.0/../../../../arm-none-eabi/lib/armv6k/fpu/3dsx_crt0.o
                0x0000000000100000                _start
                0x0000000000100008                __service_ptr
                0x000000000010000c                __apt_appid
                0x0000000000100010                __heap_size
                0x0000000000100014                __linear_heap_size
                0x0000000000100018                __system_arglist
                0x000000000010001c                __system_runflags
 *(.init)
 .init          0x0000000000100094        0xc /opt/devkitpro/devkitARM/bin/../lib/gcc/arm-none-eabi/10.1.0/armv6k/fpu/crti.o
                0x0000000000100094                _init
 .init          0x00000000001000a0        0xc /opt/devkitpro/devkitARM/bin/../lib/gcc/arm-none-eabi/10.1.0/armv6k/fpu/crtn.o
                0x00000000001000ac                . = ALIGN (0x4)
 *(.text)
 .text          0x00000000001000ac      0x240 /opt/devkitpro/devkitARM/bin/../lib/gcc/arm-none-eabi/10.1.0/armv6k/fpu/libgcc.a(_divsi3.o)
                0x00000000001000ac                __aeabi_idiv
                0x00000000001000ac                __divsi3
                0x00000000001002cc                __aeabi_idivmod
 .text          0x00000000001002ec        0x4 /opt/devkitpro/devkitARM/bin/../lib/gcc/arm-none-eabi/10.1.0/armv6k/fpu/libgcc.a(_dvmd_tls.o)
                0x00000000001002ec                __aeabi_ldiv0
                0x00000000001002ec                __aeabi_idiv0
 .text          0x00000000001002f0      0x3c0 /opt/devkitpro/devkitARM/bin/../lib/gcc/arm-none-eabi/10.1.0/armv6k/fpu/libgcc.a(_arm_addsubdf3.o)
                0x00000000001002f0                __aeabi_drsub
                0x00000000001002f8                __subdf3
                0x00000000001002f8                __aeabi_dsub
                0x00000000001002fc                __aeabi_dadd
                0x00000000001002fc                __adddf3
                0x00000000001005a8                __aeabi_ui2d
                0x00000000001005a8                __floatunsidf
                0x00000000001005cc                __floatsidf
                0x00000000001005cc                __aeabi_i2d
                0x00000000001005f4                __extendsfdf2
                0x00000000001005f4                __aeabi_f2d
                0x000000000010063c                __aeabi_ul2d
                0x000000000010063c                __floatundidf
                0x0000000000100650                __aeabi_l2d
                0x0000000000100650                __floatdidf
 .text          0x00000000001006b0       0x3c /opt/devkitpro/devkitARM/bin/../lib/gcc/arm-none-eabi/10.1.0/armv6k/fpu/libgcc.a(_aeabi_uldivmod.o)
                0x00000000001006b0                __aeabi_uldivmod
 *fill*         0x00000000001006ec       0x14 
 .text          0x0000000000100700      0x390 /opt/devkitpro/devkitARM/bin/../lib/gcc/arm-none-eabi/10.1.0/../../../../arm-none-eabi/lib/armv6k/fpu/libg.a(lib_a-strcmp.o)
                0x0000000000100708                strcmp
 .text          0x0000000000100a90      0x20c /opt/devkitpro/devkitARM/bin/../lib/gcc/arm-none-eabi/10.1.0/armv6k/fpu/libgcc.a(_udivsi3.o)
                0x0000000000100a90                __udivsi3
                0x0000000000100a90                __aeabi_uidiv
                0x0000000000100c7c                __aeabi_uidivmod
 *(.text.*)
 .text.deregister_tm_clones
                0x0000000000100c9c       0x2c /opt/devkitpro/devkitARM/bin/../lib/gcc/arm-none-eabi/10.1.0/armv6k/fpu/crtbegin.o
 .text.register_tm_clones
                0x0000000000100cc8       0x38 /opt/devkitpro/devkitARM/bin/../lib/gcc/arm-none-eabi/10.1.0/armv6k/fpu/crtbegin.o
 .text.__do_global_dtors_aux
                0x0000000000100d00       0x44 /opt/devkitpro/devkitARM/bin/../lib/gcc/arm-none-eabi/10.1.0/armv6k/fpu/crtbegin.o
 .text.frame_dummy
                0x0000000000100d44       0x34 /opt/devkitpro/devkitARM/bin/../lib/gcc/arm-none-eabi/10.1.0/armv6k/fpu/crtbegin.o
 .text.startup.main
                0x0000000000100d78      0x250 main.o
                0x0000000000100d78                main
 .text.C2Di_FrameEndHook
                0x0000000000100fc8       0x34 /opt/devkitpro/libctru/lib/libcitro2d.a(base.o)
 *fill*         0x0000000000100ffc        0x4 
 .text.C2D_Init
                0x0000000000101000      0x330 /opt/devkitpro/libctru/lib/libcitro2d.a(base.o)
                0x0000000000101000                C2D_Init
 .text.C2D_Fini
                0x0000000000101330       0x44 /opt/devkitpro/libctru/lib/libcitro2d.a(base.o)
                0x0000000000101330                C2D_Fini
 .text.C2D_Prepare
                0x0000000000101374       0xd0 /opt/devkitpro/libctru/lib/libcitro2d.a(base.o)
                0x0000000000101374                C2D_Prepare
 .text.C2D_Flush
                0x0000000000101444       0x3c /opt/devkitpro/libctru/lib/libcitro2d.a(base.o)
                0x0000000000101444                C2D_Flush
 .text.C2D_SceneSize
                0x0000000000101480      0x104 /opt/devkitpro/libctru/lib/libcitro2d.a(base.o)
                0x0000000000101480                C2D_SceneSize
 .text.C2D_CreateScreenTarget
                0x0000000000101584       0x48 /opt/devkitpro/libctru/lib/libcitro2d.a(base.o)
                0x0000000000101584                C2D_CreateScreenTarget
 .text.C2D_TargetClear
                0x00000000001015cc       0x58 /opt/devkitpro/libctru/lib/libcitro2d.a(base.o)
                0x00000000001015cc                C2D_TargetClear
 .text.C2Di_AppendVtx
                0x0000000000101624       0x40 /opt/devkitpro/libctru/lib/libcitro2d.a(base.o)
                0x0000000000101624                C2Di_AppendVtx
 .text.C2Di_Update
                0x0000000000101664      0x22c /opt/devkitpro/libctru/lib/libcitro2d.a(base.o)
                0x0000000000101664                C2Di_Update
 .text.C2D_DrawRectangle
                0x0000000000101890      0x1b0 /opt/devkitpro/libctru/lib/libcitro2d.a(base.o)
                0x0000000000101890                C2D_DrawRectangle
 .text.C2Di_GlyphComp
                0x0000000000101a40       0x18 /opt/devkitpro/libctru/lib/libcitro2d.a(text.o)
 .text.C2D_TextBufNew
                0x0000000000101a58      0x1cc /opt/devkitpro/libctru/lib/libcitro2d.a(text.o)
                0x0000000000101a58                C2D_TextBufNew
 .text.C2D_TextFontParseLine
                0x0000000000101c24      0x198 /opt/devkitpro/libctru/lib/libcitro2d.a(text.o)
                0x0000000000101c24                C2D_TextFontParseLine
 .text.C2D_TextFontParse
                0x0000000000101dbc       0x90 /opt/devkitpro/libctru/lib/libcitro2d.a(text.o)
                0x0000000000101dbc                C2D_TextFontParse
 .text.C2D_TextParse
                0x0000000000101e4c       0x14 /opt/devkitpro/libctru/lib/libcitro2d.a(text.o)
                0x0000000000101e4c                C2D_TextParse
 .text.C2D_TextOptimize
                0x0000000000101e60       0x2c /opt/devkitpro/libctru/lib/libcitro2d.a(text.o)
                0x0000000000101e60                C2D_TextOptimize
 .text.C2D_DrawText
                0x0000000000101e8c      0x34c /opt/devkitpro/libctru/lib/libcitro2d.a(text.o)
                0x0000000000101e8c                C2D_DrawText
 .text.C2D_FontGlyphIndexFromCodePoint
                0x00000000001021d8       0x44 /opt/devkitpro/libctru/lib/libcitro2d.a(font.o)
                0x00000000001021d8                C2D_FontGlyphIndexFromCodePoint
 .text.C2D_FontCalcGlyphPos
                0x000000000010221c       0x78 /opt/devkitpro/libctru/lib/libcitro2d.a(font.o)
                0x000000000010221c                C2D_FontCalcGlyphPos
 .text.C3Di_LightEnvUpdate
                0x0000000000102294        0x4 /opt/devkitpro/libctru/lib/libcitro3d.a(base.o)
                0x0000000000102294                C3Di_LightEnvUpdate
 .text.C3Di_LightEnvDirty
                0x0000000000102298        0x4 /opt/devkitpro/libctru/lib/libcitro3d.a(base.o)
                0x0000000000102298                C3Di_LightEnvDirty
 .text.C3Di_AptEventHook
                0x000000000010229c       0xac /opt/devkitpro/libctru/lib/libcitro3d.a(base.o)
 .text.C3Di_GasUpdate
                0x0000000000102348        0x4 /opt/devkitpro/libctru/lib/libcitro3d.a(base.o)
                0x0000000000102348                C3Di_GasUpdate
 .text.C3D_Init
                0x000000000010234c      0x1e0 /opt/devkitpro/libctru/lib/libcitro3d.a(base.o)
                0x000000000010234c                C3D_Init
 .text.C3D_SetViewport
                0x000000000010252c       0x98 /opt/devkitpro/libctru/lib/libcitro3d.a(base.o)
                0x000000000010252c                C3D_SetViewport
 .text.C3Di_UpdateContext
                0x00000000001025c4      0x4ec /opt/devkitpro/libctru/lib/libcitro3d.a(base.o)
                0x00000000001025c4                C3Di_UpdateContext
 .text.C3Di_SplitFrame
                0x0000000000102ab0       0xe0 /opt/devkitpro/libctru/lib/libcitro3d.a(base.o)
                0x0000000000102ab0                C3Di_SplitFrame
 .text.C3D_Fini
                0x0000000000102b90       0x44 /opt/devkitpro/libctru/lib/libcitro3d.a(base.o)
                0x0000000000102b90                C3D_Fini
 .text.C3D_BindProgram
                0x0000000000102bd4      0x108 /opt/devkitpro/libctru/lib/libcitro3d.a(base.o)
                0x0000000000102bd4                C3D_BindProgram
 .text.onVBlank0
                0x0000000000102cdc       0x4c /opt/devkitpro/libctru/lib/libcitro3d.a(renderqueue.o)
 .text.onVBlank1
                0x0000000000102d28       0x4c /opt/devkitpro/libctru/lib/libcitro3d.a(renderqueue.o)
 .text.C3Di_RenderTargetDestroy
                0x0000000000102d74       0x80 /opt/devkitpro/libctru/lib/libcitro3d.a(renderqueue.o)
 .text.onQueueFinish
                0x0000000000102df4       0xec /opt/devkitpro/libctru/lib/libcitro3d.a(renderqueue.o)
 .text.C3Di_RenderQueueInit
                0x0000000000102ee0       0x60 /opt/devkitpro/libctru/lib/libcitro3d.a(renderqueue.o)
                0x0000000000102ee0                C3Di_RenderQueueInit
 .text.C3Di_RenderQueueExit
                0x0000000000102f40       0xb0 /opt/devkitpro/libctru/lib/libcitro3d.a(renderqueue.o)
                0x0000000000102f40                C3Di_RenderQueueExit
 .text.C3Di_RenderQueueWaitDone
                0x0000000000102ff0       0x34 /opt/devkitpro/libctru/lib/libcitro3d.a(renderqueue.o)
                0x0000000000102ff0                C3Di_RenderQueueWaitDone
 .text.C3D_FrameBegin
                0x0000000000103024       0xe4 /opt/devkitpro/libctru/lib/libcitro3d.a(renderqueue.o)
                0x0000000000103024                C3D_FrameBegin
 .text.C3D_FrameDrawOn
                0x0000000000103108       0x48 /opt/devkitpro/libctru/lib/libcitro3d.a(renderqueue.o)
                0x0000000000103108                C3D_FrameDrawOn
 .text.C3D_FrameSplit
                0x0000000000103150       0x58 /opt/devkitpro/libctru/lib/libcitro3d.a(renderqueue.o)
                0x0000000000103150                C3D_FrameSplit
 .text.C3D_FrameEnd
                0x00000000001031a8      0x1bc /opt/devkitpro/libctru/lib/libcitro3d.a(renderqueue.o)
                0x00000000001031a8                C3D_FrameEnd
 .text.C3D_FrameEndHook
                0x0000000000103364       0x1c /opt/devkitpro/libctru/lib/libcitro3d.a(renderqueue.o)
                0x0000000000103364                C3D_FrameEndHook
 .text.C3D_RenderTargetCreate
                0x0000000000103380      0x128 /opt/devkitpro/libctru/lib/libcitro3d.a(renderqueue.o)
                0x0000000000103380                C3D_RenderTargetCreate
 .text.C3D_RenderTargetSetOutput
                0x00000000001034a8       0x4c /opt/devkitpro/libctru/lib/libcitro3d.a(renderqueue.o)
                0x00000000001034a8                C3D_RenderTargetSetOutput
 .text.C3D_TexBind
                0x00000000001034f4       0x44 /opt/devkitpro/libctru/lib/libcitro3d.a(texture.o)
                0x00000000001034f4                C3D_TexBind
 .text.C3Di_SetTex
                0x0000000000103538      0x16c /opt/devkitpro/libctru/lib/libcitro3d.a(texture.o)
                0x0000000000103538                C3Di_SetTex
 .text.C3D_CalcColorBufSize
                0x00000000001036a4       0x1c /opt/devkitpro/libctru/lib/libcitro3d.a(framebuffer.o)
                0x00000000001036a4                C3D_CalcColorBufSize
 .text.C3D_CalcDepthBufSize
                0x00000000001036c0       0x1c /opt/devkitpro/libctru/lib/libcitro3d.a(framebuffer.o)
                0x00000000001036c0                C3D_CalcDepthBufSize
 .text.C3D_SetFrameBuf
                0x00000000001036dc       0x44 /opt/devkitpro/libctru/lib/libcitro3d.a(framebuffer.o)
                0x00000000001036dc                C3D_SetFrameBuf
 .text.C3Di_FrameBufBind
                0x0000000000103720      0x16c /opt/devkitpro/libctru/lib/libcitro3d.a(framebuffer.o)
                0x0000000000103720                C3Di_FrameBufBind
 .text.C3D_FrameBufClear
                0x000000000010388c       0xcc /opt/devkitpro/libctru/lib/libcitro3d.a(framebuffer.o)
                0x000000000010388c                C3D_FrameBufClear
 .text.C3D_FrameBufTransfer
                0x0000000000103958       0x44 /opt/devkitpro/libctru/lib/libcitro3d.a(framebuffer.o)
                0x0000000000103958                C3D_FrameBufTransfer
 .text.C3D_GetTexEnv
                0x000000000010399c       0x34 /opt/devkitpro/libctru/lib/libcitro3d.a(texenv.o)
                0x000000000010399c                C3D_GetTexEnv
 .text.C3Di_TexEnvBind
                0x00000000001039d0       0x24 /opt/devkitpro/libctru/lib/libcitro3d.a(texenv.o)
                0x00000000001039d0                C3Di_TexEnvBind
 .text.C3D_ProcTexInit
                0x00000000001039f4       0x70 /opt/devkitpro/libctru/lib/libcitro3d.a(proctex.o)
                0x00000000001039f4                C3D_ProcTexInit
 .text.C3D_ProcTexBind
                0x0000000000103a64       0x54 /opt/devkitpro/libctru/lib/libcitro3d.a(proctex.o)
                0x0000000000103a64                C3D_ProcTexBind
 .text.C3D_ProcTexLutBind
                0x0000000000103ab8       0x5c /opt/devkitpro/libctru/lib/libcitro3d.a(proctex.o)
                0x0000000000103ab8                C3D_ProcTexLutBind
 .text.ProcTexLut_FromArray
                0x0000000000103b14       0xa4 /opt/devkitpro/libctru/lib/libcitro3d.a(proctex.o)
                0x0000000000103b14                ProcTexLut_FromArray
 .text.C3Di_ProcTexUpdate
                0x0000000000103bb8      0x17c /opt/devkitpro/libctru/lib/libcitro3d.a(proctex.o)
                0x0000000000103bb8                C3Di_ProcTexUpdate
 .text.C3Di_ProcTexDirty
                0x0000000000103d34       0x68 /opt/devkitpro/libctru/lib/libcitro3d.a(proctex.o)
                0x0000000000103d34                C3Di_ProcTexDirty
 .text.C3D_UpdateUniforms
                0x0000000000103d9c      0x29c /opt/devkitpro/libctru/lib/libcitro3d.a(uniforms.o)
                0x0000000000103d9c                C3D_UpdateUniforms
 .text.C3Di_DirtyUniforms
                0x0000000000104038       0xc0 /opt/devkitpro/libctru/lib/libcitro3d.a(uniforms.o)
                0x0000000000104038                C3Di_DirtyUniforms
 .text.C3Di_LoadShaderUniforms
                0x00000000001040f8       0xd8 /opt/devkitpro/libctru/lib/libcitro3d.a(uniforms.o)
                0x00000000001040f8                C3Di_LoadShaderUniforms
 .text.C3Di_ClearShaderUniforms
                0x00000000001041d0       0x28 /opt/devkitpro/libctru/lib/libcitro3d.a(uniforms.o)
                0x00000000001041d0                C3Di_ClearShaderUniforms
 .text.BufInfo_Init
                0x00000000001041f8       0x24 /opt/devkitpro/libctru/lib/libcitro3d.a(buffers.o)
                0x00000000001041f8                BufInfo_Init
 .text.BufInfo_Add
                0x000000000010421c       0x80 /opt/devkitpro/libctru/lib/libcitro3d.a(buffers.o)
                0x000000000010421c                BufInfo_Add
 .text.C3D_SetBufInfo
                0x000000000010429c       0x40 /opt/devkitpro/libctru/lib/libcitro3d.a(buffers.o)
                0x000000000010429c                C3D_SetBufInfo
 .text.C3Di_BufInfoBind
                0x00000000001042dc       0x48 /opt/devkitpro/libctru/lib/libcitro3d.a(buffers.o)
                0x00000000001042dc                C3Di_BufInfoBind
 .text.C3D_DrawArrays
                0x0000000000104324      0x148 /opt/devkitpro/libctru/lib/libcitro3d.a(drawArrays.o)
                0x0000000000104324                C3D_DrawArrays
 .text.C3D_DepthMap
                0x000000000010446c       0x40 /opt/devkitpro/libctru/lib/libcitro3d.a(effect.o)
                0x000000000010446c                C3D_DepthMap
 .text.C3D_CullFace
                0x00000000001044ac       0x1c /opt/devkitpro/libctru/lib/libcitro3d.a(effect.o)
                0x00000000001044ac                C3D_CullFace
 .text.C3D_StencilTest
                0x00000000001044c8       0x40 /opt/devkitpro/libctru/lib/libcitro3d.a(effect.o)
                0x00000000001044c8                C3D_StencilTest
 .text.C3D_StencilOp
                0x0000000000104508       0x24 /opt/devkitpro/libctru/lib/libcitro3d.a(effect.o)
                0x0000000000104508                C3D_StencilOp
 .text.C3D_BlendingColor
                0x000000000010452c       0x1c /opt/devkitpro/libctru/lib/libcitro3d.a(effect.o)
                0x000000000010452c                C3D_BlendingColor
 .text.C3D_EarlyDepthTest
                0x0000000000104548       0x24 /opt/devkitpro/libctru/lib/libcitro3d.a(effect.o)
                0x0000000000104548                C3D_EarlyDepthTest
 .text.C3D_DepthTest
                0x000000000010456c       0x2c /opt/devkitpro/libctru/lib/libcitro3d.a(effect.o)
                0x000000000010456c                C3D_DepthTest
 .text.C3D_AlphaTest
                0x0000000000104598       0x2c /opt/devkitpro/libctru/lib/libcitro3d.a(effect.o)
                0x0000000000104598                C3D_AlphaTest
 .text.C3D_AlphaBlend
                0x00000000001045c4       0x50 /opt/devkitpro/libctru/lib/libcitro3d.a(effect.o)
                0x00000000001045c4                C3D_AlphaBlend
 .text.C3D_FragOpMode
                0x0000000000104614       0x30 /opt/devkitpro/libctru/lib/libcitro3d.a(effect.o)
                0x0000000000104614                C3D_FragOpMode
 .text.C3D_FragOpShadow
                0x0000000000104644       0x44 /opt/devkitpro/libctru/lib/libcitro3d.a(effect.o)
                0x0000000000104644                C3D_FragOpShadow
 .text.C3Di_EffectBind
                0x0000000000104688      0x1ac /opt/devkitpro/libctru/lib/libcitro3d.a(effect.o)
                0x0000000000104688                C3Di_EffectBind
 .text.AttrInfo_Init
                0x0000000000104834       0x28 /opt/devkitpro/libctru/lib/libcitro3d.a(attribs.o)
                0x0000000000104834                AttrInfo_Init
 .text.AttrInfo_AddLoader
                0x000000000010485c       0x98 /opt/devkitpro/libctru/lib/libcitro3d.a(attribs.o)
                0x000000000010485c                AttrInfo_AddLoader
 .text.C3D_SetAttrInfo
                0x00000000001048f4       0x54 /opt/devkitpro/libctru/lib/libcitro3d.a(attribs.o)
                0x00000000001048f4                C3D_SetAttrInfo
 .text.C3Di_AttrInfoBind
                0x0000000000104948       0x80 /opt/devkitpro/libctru/lib/libcitro3d.a(attribs.o)
                0x0000000000104948                C3Di_AttrInfoBind
 .text.C3D_ImmSendAttrib
                0x00000000001049c8       0xa8 /opt/devkitpro/libctru/lib/libcitro3d.a(immediate.o)
                0x00000000001049c8                C3D_ImmSendAttrib
 .text.Mtx_Ortho
                0x0000000000104a70       0xcc /opt/devkitpro/libctru/lib/libcitro3d.a(mtx_ortho.o)
                0x0000000000104a70                Mtx_Ortho
 .text.Mtx_OrthoTilt
                0x0000000000104b3c       0xcc /opt/devkitpro/libctru/lib/libcitro3d.a(mtx_orthotilt.o)
                0x0000000000104b3c                Mtx_OrthoTilt
 .text._ZL21addrMapNodeComparatorPK11rbtree_nodeS1_
                0x0000000000104c08       0x24 /opt/devkitpro/libctru/lib/libctru.a(vram.o)
 .text._ZL21addrMapNodeDestructorP11rbtree_node
                0x0000000000104c2c        0x4 /opt/devkitpro/libctru/lib/libctru.a(vram.o)
 .text.vramMemAlign
                0x0000000000104c30      0x114 /opt/devkitpro/libctru/lib/libctru.a(vram.o)
                0x0000000000104c30                vramMemAlign
 .text.vramAlloc
                0x0000000000104d44        0x8 /opt/devkitpro/libctru/lib/libctru.a(vram.o)
                0x0000000000104d44                vramAlloc
 .text.vramFree
                0x0000000000104d4c       0x5c /opt/devkitpro/libctru/lib/libctru.a(vram.o)
                0x0000000000104d4c                vramFree
 .text._ZL21addrMapNodeComparatorPK11rbtree_nodeS1_
                0x0000000000104da8       0x24 /opt/devkitpro/libctru/lib/libctru.a(linear.o)
 .text._ZL21addrMapNodeDestructorP11rbtree_node
                0x0000000000104dcc        0x4 /opt/devkitpro/libctru/lib/libctru.a(linear.o)
 .text.linearMemAlign
                0x0000000000104dd0      0x120 /opt/devkitpro/libctru/lib/libctru.a(linear.o)
                0x0000000000104dd0                linearMemAlign
 .text.linearAlloc
                0x0000000000104ef0        0x8 /opt/devkitpro/libctru/lib/libctru.a(linear.o)
                0x0000000000104ef0                linearAlloc
 .text.linearFree
                0x0000000000104ef8       0x5c /opt/devkitpro/libctru/lib/libctru.a(linear.o)
                0x0000000000104ef8                linearFree
 .text._ZN7MemPool13CoalesceRightEP8MemBlock
                0x0000000000104f54       0x84 /opt/devkitpro/libctru/lib/libctru.a(mem_pool.o)
                0x0000000000104f54                MemPool::CoalesceRight(MemBlock*)
 .text._ZN7MemPool8AllocateER8MemChunkmi
                0x0000000000104fd8      0x170 /opt/devkitpro/libctru/lib/libctru.a(mem_pool.o)
                0x0000000000104fd8                MemPool::Allocate(MemChunk&, unsigned long, int)
 .text._ZN7MemPool10DeallocateERK8MemChunk
                0x0000000000105148       0xfc /opt/devkitpro/libctru/lib/libctru.a(mem_pool.o)
                0x0000000000105148                MemPool::Deallocate(MemChunk const&)
 .text.getSysTime
                0x0000000000105244       0x58 /opt/devkitpro/libctru/lib/libctru.a(os.o)
 .text.osConvertVirtToPhys
                0x000000000010529c       0x4c /opt/devkitpro/libctru/lib/libctru.a(os.o)
                0x000000000010529c                osConvertVirtToPhys
 .text.osGetMemRegionUsed
                0x00000000001052e8       0x24 /opt/devkitpro/libctru/lib/libctru.a(os.o)
                0x00000000001052e8                osGetMemRegionUsed
 *fill*         0x000000000010530c        0x4 
 .text.__libctru_gtod
                0x0000000000105310      0x128 /opt/devkitpro/libctru/lib/libctru.a(os.o)
                0x0000000000105310                __libctru_gtod
 .text.__ctru_speedup_config
                0x0000000000105438       0x34 /opt/devkitpro/libctru/lib/libctru.a(os.o)
                0x0000000000105438                __ctru_speedup_config
 .text.consoleDrawChar
                0x000000000010546c      0x178 /opt/devkitpro/libctru/lib/libctru.a(console.o)
                0x000000000010546c                consoleDrawChar
 .text.consolePrintChar
                0x00000000001055e4      0x124 /opt/devkitpro/libctru/lib/libctru.a(console.o)
                0x00000000001055e4                consolePrintChar
 .text.con_write
                0x0000000000105708      0xa00 /opt/devkitpro/libctru/lib/libctru.a(console.o)
                0x0000000000105708                con_write
 .text.consoleInit
                0x0000000000106108      0x154 /opt/devkitpro/libctru/lib/libctru.a(console.o)
                0x0000000000106108                consoleInit
 .text.newRow   0x000000000010625c       0xf4 /opt/devkitpro/libctru/lib/libctru.a(console.o)
 .text.fontEnsureMapped
                0x0000000000106350       0x9c /opt/devkitpro/libctru/lib/libctru.a(font.o)
                0x0000000000106350                fontEnsureMapped
 .text.fontGlyphIndexFromCodePoint
                0x00000000001063ec       0xfc /opt/devkitpro/libctru/lib/libctru.a(font.o)
                0x00000000001063ec                fontGlyphIndexFromCodePoint
 .text.fontGetCharWidthInfo
                0x00000000001064e8       0x6c /opt/devkitpro/libctru/lib/libctru.a(font.o)
                0x00000000001064e8                fontGetCharWidthInfo
 .text.fontCalcGlyphPos
                0x0000000000106554      0x1c0 /opt/devkitpro/libctru/lib/libctru.a(font.o)
                0x0000000000106554                fontCalcGlyphPos
 .text.gfxGxHwInit
                0x0000000000106714      0x808 /opt/devkitpro/libctru/lib/libctru.a(gfx.o)
 .text.gfxSetFramebufferInfo.part.0
                0x0000000000106f1c       0x84 /opt/devkitpro/libctru/lib/libctru.a(gfx.o)
 .text.__get_bytes_per_pixel
                0x0000000000106fa0       0x18 /opt/devkitpro/libctru/lib/libctru.a(gfx.o)
                0x0000000000106fa0                __get_bytes_per_pixel
 .text.gfxSetScreenFormat
                0x0000000000106fb8      0x184 /opt/devkitpro/libctru/lib/libctru.a(gfx.o)
                0x0000000000106fb8                gfxSetScreenFormat
 .text.gfxSetDoubleBuffering
                0x000000000010713c       0x10 /opt/devkitpro/libctru/lib/libctru.a(gfx.o)
                0x000000000010713c                gfxSetDoubleBuffering
 .text.gfxInit  0x000000000010714c      0x274 /opt/devkitpro/libctru/lib/libctru.a(gfx.o)
                0x000000000010714c                gfxInit
 .text.gfxInitDefault
                0x00000000001073c0       0x10 /opt/devkitpro/libctru/lib/libctru.a(gfx.o)
                0x00000000001073c0                gfxInitDefault
 .text.gfxExit  0x00000000001073d0       0xe0 /opt/devkitpro/libctru/lib/libctru.a(gfx.o)
                0x00000000001073d0                gfxExit
 .text.gfxGetFramebuffer
                0x00000000001074b0       0xa8 /opt/devkitpro/libctru/lib/libctru.a(gfx.o)
                0x00000000001074b0                gfxGetFramebuffer
 .text.gfxFlushBuffers
                0x0000000000107558       0xf4 /opt/devkitpro/libctru/lib/libctru.a(gfx.o)
                0x0000000000107558                gfxFlushBuffers
 .text.gfxConfigScreen
                0x000000000010764c      0x16c /opt/devkitpro/libctru/lib/libctru.a(gfx.o)
                0x000000000010764c                gfxConfigScreen
 .text.gfxSwapBuffersGpu
                0x00000000001077b8       0x20 /opt/devkitpro/libctru/lib/libctru.a(gfx.o)
                0x00000000001077b8                gfxSwapBuffersGpu
 .text.mappableFindAddressWithin
                0x00000000001077d8       0x94 /opt/devkitpro/libctru/lib/libctru.a(mappable.o)
 .text.mappableInit
                0x000000000010786c       0x28 /opt/devkitpro/libctru/lib/libctru.a(mappable.o)
                0x000000000010786c                mappableInit
 .text.mappableAlloc
                0x0000000000107894       0x80 /opt/devkitpro/libctru/lib/libctru.a(mappable.o)
                0x0000000000107894                mappableAlloc
 .text.mappableFree
                0x0000000000107914        0x4 /opt/devkitpro/libctru/lib/libctru.a(mappable.o)
                0x0000000000107914                mappableFree
 .text.shaderInstanceInit
                0x0000000000107918      0x1e0 /opt/devkitpro/libctru/lib/libctru.a(shaderProgram.o)
                0x0000000000107918                shaderInstanceInit
 .text.shaderInstanceGetUniformLocation
                0x0000000000107af8       0x18 /opt/devkitpro/libctru/lib/libctru.a(shaderProgram.o)
                0x0000000000107af8                shaderInstanceGetUniformLocation
 .text.shaderProgramInit
                0x0000000000107b10       0x1c /opt/devkitpro/libctru/lib/libctru.a(shaderProgram.o)
                0x0000000000107b10                shaderProgramInit
 .text.shaderProgramFree
                0x0000000000107b2c       0x64 /opt/devkitpro/libctru/lib/libctru.a(shaderProgram.o)
                0x0000000000107b2c                shaderProgramFree
 .text.shaderProgramSetVsh
                0x0000000000107b90       0x80 /opt/devkitpro/libctru/lib/libctru.a(shaderProgram.o)
                0x0000000000107b90                shaderProgramSetVsh
 .text.shaderProgramConfigure
                0x0000000000107c10      0x8c0 /opt/devkitpro/libctru/lib/libctru.a(shaderProgram.o)
                0x0000000000107c10                shaderProgramConfigure
 .text.DVLE_GenerateOutmap.part.0
                0x00000000001084d0      0x1f8 /opt/devkitpro/libctru/lib/libctru.a(shbin.o)
 .text.DVLB_ParseFile
                0x00000000001086c8      0x1cc /opt/devkitpro/libctru/lib/libctru.a(shbin.o)
                0x00000000001086c8                DVLB_ParseFile
 .text.DVLB_Free
                0x0000000000108894       0x38 /opt/devkitpro/libctru/lib/libctru.a(shbin.o)
                0x0000000000108894                DVLB_Free
 .text.DVLE_GetUniformRegister
                0x00000000001088cc       0x74 /opt/devkitpro/libctru/lib/libctru.a(shbin.o)
                0x00000000001088cc                DVLE_GetUniformRegister
 .text.GX_BindQueue
                0x0000000000108940       0x10 /opt/devkitpro/libctru/lib/libctru.a(gx.o)
                0x0000000000108940                GX_BindQueue
 .text.GX_ProcessCommandList
                0x0000000000108950       0x84 /opt/devkitpro/libctru/lib/libctru.a(gx.o)
                0x0000000000108950                GX_ProcessCommandList
 .text.GX_MemoryFill
                0x00000000001089d4       0x80 /opt/devkitpro/libctru/lib/libctru.a(gx.o)
                0x00000000001089d4                GX_MemoryFill
 .text.GX_DisplayTransfer
                0x0000000000108a54       0x7c /opt/devkitpro/libctru/lib/libctru.a(gx.o)
                0x0000000000108a54                GX_DisplayTransfer
 .text.gxCmdQueueDoCommands.part.0
                0x0000000000108ad0       0x74 /opt/devkitpro/libctru/lib/libctru.a(gxqueue.o)
 .text.gxCmdQueueInterrupt
                0x0000000000108b44       0xc8 /opt/devkitpro/libctru/lib/libctru.a(gxqueue.o)
                0x0000000000108b44                gxCmdQueueInterrupt
 .text.gxCmdQueueClear
                0x0000000000108c0c       0x4c /opt/devkitpro/libctru/lib/libctru.a(gxqueue.o)
                0x0000000000108c0c                gxCmdQueueClear
 .text.gxCmdQueueAdd
                0x0000000000108c58       0xf8 /opt/devkitpro/libctru/lib/libctru.a(gxqueue.o)
                0x0000000000108c58                gxCmdQueueAdd
 .text.gxCmdQueueRun
                0x0000000000108d50       0x80 /opt/devkitpro/libctru/lib/libctru.a(gxqueue.o)
                0x0000000000108d50                gxCmdQueueRun
 .text.gxCmdQueueStop
                0x0000000000108dd0       0x60 /opt/devkitpro/libctru/lib/libctru.a(gxqueue.o)
                0x0000000000108dd0                gxCmdQueueStop
 .text.gxCmdQueueWait
                0x0000000000108e30       0x74 /opt/devkitpro/libctru/lib/libctru.a(gxqueue.o)
                0x0000000000108e30                gxCmdQueueWait
 .text.GPUCMD_Add
                0x0000000000108ea4      0x13c /opt/devkitpro/libctru/lib/libctru.a(gpu.o)
                0x0000000000108ea4                GPUCMD_Add
 .text.GPUCMD_Split
                0x0000000000108fe0       0xac /opt/devkitpro/libctru/lib/libctru.a(gpu.o)
                0x0000000000108fe0                GPUCMD_Split
 .text.f32tof16
                0x000000000010908c       0x40 /opt/devkitpro/libctru/lib/libctru.a(gpu.o)
                0x000000000010908c                f32tof16
 .text.f32tof24
                0x00000000001090cc       0x40 /opt/devkitpro/libctru/lib/libctru.a(gpu.o)
                0x00000000001090cc                f32tof24
 .text.f32tof31
                0x000000000010910c       0x44 /opt/devkitpro/libctru/lib/libctru.a(gpu.o)
                0x000000000010910c                f32tof31
 .text.gspInit  0x0000000000109150       0x74 /opt/devkitpro/libctru/lib/libctru.a(gspgpu.o)
                0x0000000000109150                gspInit
 .text.gspExit  0x00000000001091c4       0x3c /opt/devkitpro/libctru/lib/libctru.a(gspgpu.o)
                0x00000000001091c4                gspExit
 .text.gspSetEventCallback
                0x0000000000109200       0x30 /opt/devkitpro/libctru/lib/libctru.a(gspgpu.o)
                0x0000000000109200                gspSetEventCallback
 .text.gspInitEventHandler
                0x0000000000109230       0xa0 /opt/devkitpro/libctru/lib/libctru.a(gspgpu.o)
                0x0000000000109230                gspInitEventHandler
 .text.gspExitEventHandler
                0x00000000001092d0       0x40 /opt/devkitpro/libctru/lib/libctru.a(gspgpu.o)
                0x00000000001092d0                gspExitEventHandler
 .text.gspWaitForEvent
                0x0000000000109310       0x50 /opt/devkitpro/libctru/lib/libctru.a(gspgpu.o)
                0x0000000000109310                gspWaitForEvent
 .text.gspWaitForAnyEvent
                0x0000000000109360       0x64 /opt/devkitpro/libctru/lib/libctru.a(gspgpu.o)
                0x0000000000109360                gspWaitForAnyEvent
 *fill*         0x00000000001093c4        0x4 
 .text.gspEventThreadMain
                0x00000000001093c8      0x17c /opt/devkitpro/libctru/lib/libctru.a(gspgpu.o)
 .text.gspSubmitGxCommand
                0x0000000000109544      0x114 /opt/devkitpro/libctru/lib/libctru.a(gspgpu.o)
                0x0000000000109544                gspSubmitGxCommand
 .text.GSPGPU_WriteHWRegs
                0x0000000000109658       0x68 /opt/devkitpro/libctru/lib/libctru.a(gspgpu.o)
                0x0000000000109658                GSPGPU_WriteHWRegs
 .text.GSPGPU_WriteHWRegsWithMask
                0x00000000001096c0       0x84 /opt/devkitpro/libctru/lib/libctru.a(gspgpu.o)
                0x00000000001096c0                GSPGPU_WriteHWRegsWithMask
 .text.GSPGPU_SetBufferSwap
                0x0000000000109744       0x70 /opt/devkitpro/libctru/lib/libctru.a(gspgpu.o)
                0x0000000000109744                GSPGPU_SetBufferSwap
 .text.GSPGPU_FlushDataCache
                0x00000000001097b4       0x50 /opt/devkitpro/libctru/lib/libctru.a(gspgpu.o)
                0x00000000001097b4                GSPGPU_FlushDataCache
 .text.GSPGPU_SetLcdForceBlack
                0x0000000000109804       0x34 /opt/devkitpro/libctru/lib/libctru.a(gspgpu.o)
                0x0000000000109804                GSPGPU_SetLcdForceBlack
 .text.GSPGPU_RegisterInterruptRelayQueue
                0x0000000000109838       0x64 /opt/devkitpro/libctru/lib/libctru.a(gspgpu.o)
                0x0000000000109838                GSPGPU_RegisterInterruptRelayQueue
 .text.GSPGPU_UnregisterInterruptRelayQueue
                0x000000000010989c       0x2c /opt/devkitpro/libctru/lib/libctru.a(gspgpu.o)
                0x000000000010989c                GSPGPU_UnregisterInterruptRelayQueue
 .text.GSPGPU_AcquireRight
                0x00000000001098c8       0x48 /opt/devkitpro/libctru/lib/libctru.a(gspgpu.o)
                0x00000000001098c8                GSPGPU_AcquireRight
 .text.GSPGPU_ReleaseRight
                0x0000000000109910       0x2c /opt/devkitpro/libctru/lib/libctru.a(gspgpu.o)
                0x0000000000109910                GSPGPU_ReleaseRight
 .text.GSPGPU_ImportDisplayCaptureInfo
                0x000000000010993c       0x7c /opt/devkitpro/libctru/lib/libctru.a(gspgpu.o)
                0x000000000010993c                GSPGPU_ImportDisplayCaptureInfo
 .text.GSPGPU_SaveVramSysArea
                0x00000000001099b8       0x2c /opt/devkitpro/libctru/lib/libctru.a(gspgpu.o)
                0x00000000001099b8                GSPGPU_SaveVramSysArea
 .text.GSPGPU_RestoreVramSysArea
                0x00000000001099e4       0x2c /opt/devkitpro/libctru/lib/libctru.a(gspgpu.o)
                0x00000000001099e4                GSPGPU_RestoreVramSysArea
 .text.fsInit   0x0000000000109a10       0xc8 /opt/devkitpro/libctru/lib/libctru.a(fs.o)
                0x0000000000109a10                fsInit
 .text.fsExit   0x0000000000109ad8       0x3c /opt/devkitpro/libctru/lib/libctru.a(fs.o)
                0x0000000000109ad8                fsExit
 .text.fsExemptFromSession
                0x0000000000109b14       0x60 /opt/devkitpro/libctru/lib/libctru.a(fs.o)
                0x0000000000109b14                fsExemptFromSession
 .text.fsUnexemptFromSession
                0x0000000000109b74       0x50 /opt/devkitpro/libctru/lib/libctru.a(fs.o)
                0x0000000000109b74                fsUnexemptFromSession
 .text.FSUSER_OpenFile
                0x0000000000109bc4       0xcc /opt/devkitpro/libctru/lib/libctru.a(fs.o)
                0x0000000000109bc4                FSUSER_OpenFile
 .text.FSUSER_DeleteFile
                0x0000000000109c90       0xbc /opt/devkitpro/libctru/lib/libctru.a(fs.o)
                0x0000000000109c90                FSUSER_DeleteFile
 .text.FSUSER_RenameFile
                0x0000000000109d4c       0xf8 /opt/devkitpro/libctru/lib/libctru.a(fs.o)
                0x0000000000109d4c                FSUSER_RenameFile
 .text.FSUSER_DeleteDirectory
                0x0000000000109e44       0xbc /opt/devkitpro/libctru/lib/libctru.a(fs.o)
                0x0000000000109e44                FSUSER_DeleteDirectory
 .text.FSUSER_CreateFile
                0x0000000000109f00       0xd4 /opt/devkitpro/libctru/lib/libctru.a(fs.o)
                0x0000000000109f00                FSUSER_CreateFile
 .text.FSUSER_CreateDirectory
                0x0000000000109fd4       0xc4 /opt/devkitpro/libctru/lib/libctru.a(fs.o)
                0x0000000000109fd4                FSUSER_CreateDirectory
 .text.FSUSER_RenameDirectory
                0x000000000010a098       0xf8 /opt/devkitpro/libctru/lib/libctru.a(fs.o)
                0x000000000010a098                FSUSER_RenameDirectory
 .text.FSUSER_OpenDirectory
                0x000000000010a190       0xb4 /opt/devkitpro/libctru/lib/libctru.a(fs.o)
                0x000000000010a190                FSUSER_OpenDirectory
 .text.FSUSER_OpenArchive
                0x000000000010a244       0x94 /opt/devkitpro/libctru/lib/libctru.a(fs.o)
                0x000000000010a244                FSUSER_OpenArchive
 .text.FSUSER_CloseArchive
                0x000000000010a2d8       0x8c /opt/devkitpro/libctru/lib/libctru.a(fs.o)
                0x000000000010a2d8                FSUSER_CloseArchive
 .text.FSUSER_GetSdmcArchiveResource
                0x000000000010a364       0x74 /opt/devkitpro/libctru/lib/libctru.a(fs.o)
                0x000000000010a364                FSUSER_GetSdmcArchiveResource
 .text.FSUSER_IsSdmcWritable
                0x000000000010a3d8       0x64 /opt/devkitpro/libctru/lib/libctru.a(fs.o)
                0x000000000010a3d8                FSUSER_IsSdmcWritable
 .text.FSFILE_Read
                0x000000000010a43c       0x58 /opt/devkitpro/libctru/lib/libctru.a(fs.o)
                0x000000000010a43c                FSFILE_Read
 .text.FSFILE_Write
                0x000000000010a494       0x60 /opt/devkitpro/libctru/lib/libctru.a(fs.o)
                0x000000000010a494                FSFILE_Write
 .text.FSFILE_GetSize
                0x000000000010a4f4       0x38 /opt/devkitpro/libctru/lib/libctru.a(fs.o)
                0x000000000010a4f4                FSFILE_GetSize
 .text.FSFILE_SetSize
                0x000000000010a52c       0x28 /opt/devkitpro/libctru/lib/libctru.a(fs.o)
                0x000000000010a52c                FSFILE_SetSize
 .text.FSFILE_Close
                0x000000000010a554       0x3c /opt/devkitpro/libctru/lib/libctru.a(fs.o)
                0x000000000010a554                FSFILE_Close
 .text.FSFILE_Flush
                0x000000000010a590       0x24 /opt/devkitpro/libctru/lib/libctru.a(fs.o)
                0x000000000010a590                FSFILE_Flush
 .text.FSDIR_Read
                0x000000000010a5b4       0x50 /opt/devkitpro/libctru/lib/libctru.a(fs.o)
                0x000000000010a5b4                FSDIR_Read
 .text.FSDIR_Close
                0x000000000010a604       0x3c /opt/devkitpro/libctru/lib/libctru.a(fs.o)
                0x000000000010a604                FSDIR_Close
 .text._aptDebug
                0x000000000010a640        0x4 /opt/devkitpro/libctru/lib/libctru.a(apt.o)
                0x000000000010a640                _aptDebug
 .text.aptSendCommand
                0x000000000010a644      0x178 /opt/devkitpro/libctru/lib/libctru.a(apt.o)
                0x000000000010a644                aptSendCommand
 .text.aptEventHandler
                0x000000000010a7bc      0x1a8 /opt/devkitpro/libctru/lib/libctru.a(apt.o)
 .text.aptClearParamQueue
                0x000000000010a964       0xe8 /opt/devkitpro/libctru/lib/libctru.a(apt.o)
 .text.aptHook  0x000000000010aa4c       0x30 /opt/devkitpro/libctru/lib/libctru.a(apt.o)
                0x000000000010aa4c                aptHook
 .text.aptUnhook
                0x000000000010aa7c       0x30 /opt/devkitpro/libctru/lib/libctru.a(apt.o)
                0x000000000010aa7c                aptUnhook
 .text.APT_SleepIfShellClosed
                0x000000000010aaac       0x84 /opt/devkitpro/libctru/lib/libctru.a(apt.o)
                0x000000000010aaac                APT_SleepIfShellClosed
 .text.aptSetSleepAllowed
                0x000000000010ab30       0x84 /opt/devkitpro/libctru/lib/libctru.a(apt.o)
                0x000000000010ab30                aptSetSleepAllowed
 .text.APT_UnlockTransition
                0x000000000010abb4       0x84 /opt/devkitpro/libctru/lib/libctru.a(apt.o)
                0x000000000010abb4                APT_UnlockTransition
 .text.APT_ReceiveParameter
                0x000000000010ac38       0xc8 /opt/devkitpro/libctru/lib/libctru.a(apt.o)
                0x000000000010ac38                APT_ReceiveParameter
 .text.aptReceiveParameter.constprop.0
                0x000000000010ad00       0xbc /opt/devkitpro/libctru/lib/libctru.a(apt.o)
 *fill*         0x000000000010adbc        0x4 
 .text.aptScreenTransfer
                0x000000000010adc0      0x1d8 /opt/devkitpro/libctru/lib/libctru.a(apt.o)
 .text.aptWaitForWakeUp.isra.0
                0x000000000010af98      0x21c /opt/devkitpro/libctru/lib/libctru.a(apt.o)
 .text.aptMainLoop
                0x000000000010b1b4      0x24c /opt/devkitpro/libctru/lib/libctru.a(apt.o)
                0x000000000010b1b4                aptMainLoop
 .text.aptExit  0x000000000010b400      0x2b0 /opt/devkitpro/libctru/lib/libctru.a(apt.o)
                0x000000000010b400                aptExit
 .text.aptInit  0x000000000010b6b0      0x2b4 /opt/devkitpro/libctru/lib/libctru.a(apt.o)
                0x000000000010b6b0                aptInit
 .text.APT_CloseApplication
                0x000000000010b964       0x48 /opt/devkitpro/libctru/lib/libctru.a(apt.o)
                0x000000000010b964                APT_CloseApplication
 .text.aptExitProcess
                0x000000000010b9ac       0x18 /opt/devkitpro/libctru/lib/libctru.a(apt.o)
 .text.APT_CheckNew3DS
                0x000000000010b9c4       0x7c /opt/devkitpro/libctru/lib/libctru.a(apt.o)
                0x000000000010b9c4                APT_CheckNew3DS
 .text.APT_GetSharedFont
                0x000000000010ba40       0x48 /opt/devkitpro/libctru/lib/libctru.a(apt.o)
                0x000000000010ba40                APT_GetSharedFont
 .text.hidShouldUseIrrst
                0x000000000010ba88       0x24 /opt/devkitpro/libctru/lib/libctru.a(hid.o)
                0x000000000010ba88                hidShouldUseIrrst
 .text.hidInit  0x000000000010baac      0x18c /opt/devkitpro/libctru/lib/libctru.a(hid.o)
                0x000000000010baac                hidInit
 .text.hidExit  0x000000000010bc38       0xe8 /opt/devkitpro/libctru/lib/libctru.a(hid.o)
                0x000000000010bc38                hidExit
 .text.hidScanInput
                0x000000000010bd20      0x294 /opt/devkitpro/libctru/lib/libctru.a(hid.o)
                0x000000000010bd20                hidScanInput
 .text.hidKeysDown
                0x000000000010bfb4       0x10 /opt/devkitpro/libctru/lib/libctru.a(hid.o)
                0x000000000010bfb4                hidKeysDown
 .text.hidTouchRead
                0x000000000010bfc4       0x18 /opt/devkitpro/libctru/lib/libctru.a(hid.o)
                0x000000000010bfc4                hidTouchRead
 .text.ptmSysmInit
                0x000000000010bfdc       0x74 /opt/devkitpro/libctru/lib/libctru.a(ptmsysm.o)
                0x000000000010bfdc                ptmSysmInit
 .text.ptmSysmExit
                0x000000000010c050       0x3c /opt/devkitpro/libctru/lib/libctru.a(ptmsysm.o)
                0x000000000010c050                ptmSysmExit
 .text.PTMSYSM_ConfigureNew3DSCPU
                0x000000000010c08c       0x34 /opt/devkitpro/libctru/lib/libctru.a(ptmsysm.o)
                0x000000000010c08c                PTMSYSM_ConfigureNew3DSCPU
 .text.rbtree_init
                0x000000000010c0c0       0x10 /opt/devkitpro/libctru/lib/libctru.a(rbtree_init.o)
                0x000000000010c0c0                rbtree_init
 .text.do_insert
                0x000000000010c0d0      0x1a0 /opt/devkitpro/libctru/lib/libctru.a(rbtree_insert.o)
 .text.rbtree_insert
                0x000000000010c270        0x8 /opt/devkitpro/libctru/lib/libctru.a(rbtree_insert.o)
                0x000000000010c270                rbtree_insert
 .text.rbtree_rotate
                0x000000000010c278       0x90 /opt/devkitpro/libctru/lib/libctru.a(rbtree_rotate.o)
                0x000000000010c278                rbtree_rotate
 .text.rbtree_remove
                0x000000000010c308      0x338 /opt/devkitpro/libctru/lib/libctru.a(rbtree_remove.o)
                0x000000000010c308                rbtree_remove
 .text.rbtree_find
                0x000000000010c640       0x74 /opt/devkitpro/libctru/lib/libctru.a(rbtree_find.o)
                0x000000000010c640                rbtree_find
 .text.decode_utf8
                0x000000000010c6b4      0x13c /opt/devkitpro/libctru/lib/libctru.a(decode_utf8.o)
                0x000000000010c6b4                decode_utf8
 .text.__libctru_init
                0x000000000010c7f0       0x38 /opt/devkitpro/libctru/lib/libctru.a(initSystem.o)
                0x000000000010c7f0                __libctru_init
 .text.__libctru_nanosleep
                0x000000000010c828       0x30 /opt/devkitpro/libctru/lib/libctru.a(syscalls.o)
 .text.__ctru_get_reent
                0x000000000010c858       0x30 /opt/devkitpro/libctru/lib/libctru.a(syscalls.o)
 .text.__system_initSyscalls
                0x000000000010c888       0xf8 /opt/devkitpro/libctru/lib/libctru.a(syscalls.o)
                0x000000000010c888                __system_initSyscalls
 .text.__system_allocateHeaps
                0x000000000010c980      0x134 /opt/devkitpro/libctru/lib/libctru.a(allocateHeaps.o)
                0x000000000010c980                __system_allocateHeaps
 .text.__system_initArgv
                0x000000000010cab4       0xf0 /opt/devkitpro/libctru/lib/libctru.a(initArgv.o)
                0x000000000010cab4                __system_initArgv
 .text.svcControlMemory
                0x000000000010cba4       0x20 /opt/devkitpro/libctru/lib/libctru.a(svc.o)
                0x000000000010cba4                svcControlMemory
 .text.svcQueryMemory
                0x000000000010cbc4       0x30 /opt/devkitpro/libctru/lib/libctru.a(svc.o)
                0x000000000010cbc4                svcQueryMemory
 .text.svcExitProcess
                0x000000000010cbf4        0x8 /opt/devkitpro/libctru/lib/libctru.a(svc.o)
                0x000000000010cbf4                svcExitProcess
 .text.svcCreateThread
                0x000000000010cbfc       0x20 /opt/devkitpro/libctru/lib/libctru.a(svc.o)
                0x000000000010cbfc                svcCreateThread
 .text.svcExitThread
                0x000000000010cc1c        0x8 /opt/devkitpro/libctru/lib/libctru.a(svc.o)
                0x000000000010cc1c                svcExitThread
 .text.svcSleepThread
                0x000000000010cc24        0x8 /opt/devkitpro/libctru/lib/libctru.a(svc.o)
                0x000000000010cc24                svcSleepThread
 .text.svcReleaseMutex
                0x000000000010cc2c        0x8 /opt/devkitpro/libctru/lib/libctru.a(svc.o)
                0x000000000010cc2c                svcReleaseMutex
 .text.svcCreateEvent
                0x000000000010cc34       0x14 /opt/devkitpro/libctru/lib/libctru.a(svc.o)
                0x000000000010cc34                svcCreateEvent
 .text.svcSignalEvent
                0x000000000010cc48        0x8 /opt/devkitpro/libctru/lib/libctru.a(svc.o)
                0x000000000010cc48                svcSignalEvent
 .text.svcClearEvent
                0x000000000010cc50        0x8 /opt/devkitpro/libctru/lib/libctru.a(svc.o)
                0x000000000010cc50                svcClearEvent
 .text.svcMapMemoryBlock
                0x000000000010cc58        0x8 /opt/devkitpro/libctru/lib/libctru.a(svc.o)
                0x000000000010cc58                svcMapMemoryBlock
 .text.svcUnmapMemoryBlock
                0x000000000010cc60        0x8 /opt/devkitpro/libctru/lib/libctru.a(svc.o)
                0x000000000010cc60                svcUnmapMemoryBlock
 .text.svcCreateAddressArbiter
                0x000000000010cc68       0x14 /opt/devkitpro/libctru/lib/libctru.a(svc.o)
                0x000000000010cc68                svcCreateAddressArbiter
 .text.svcArbitrateAddress
                0x000000000010cc7c       0x18 /opt/devkitpro/libctru/lib/libctru.a(svc.o)
                0x000000000010cc7c                svcArbitrateAddress
 .text.svcCloseHandle
                0x000000000010cc94        0x8 /opt/devkitpro/libctru/lib/libctru.a(svc.o)
                0x000000000010cc94                svcCloseHandle
 .text.svcWaitSynchronization
                0x000000000010cc9c        0x8 /opt/devkitpro/libctru/lib/libctru.a(svc.o)
                0x000000000010cc9c                svcWaitSynchronization
 .text.svcWaitSynchronizationN
                0x000000000010cca4       0x28 /opt/devkitpro/libctru/lib/libctru.a(svc.o)
                0x000000000010cca4                svcWaitSynchronizationN
 .text.svcDuplicateHandle
                0x000000000010cccc       0x14 /opt/devkitpro/libctru/lib/libctru.a(svc.o)
                0x000000000010cccc                svcDuplicateHandle
 .text.svcGetSystemTick
                0x000000000010cce0        0x8 /opt/devkitpro/libctru/lib/libctru.a(svc.o)
                0x000000000010cce0                svcGetSystemTick
 .text.svcGetSystemInfo
                0x000000000010cce8       0x18 /opt/devkitpro/libctru/lib/libctru.a(svc.o)
                0x000000000010cce8                svcGetSystemInfo
 .text.svcConnectToPort
                0x000000000010cd00       0x14 /opt/devkitpro/libctru/lib/libctru.a(svc.o)
                0x000000000010cd00                svcConnectToPort
 .text.svcSendSyncRequest
                0x000000000010cd14        0x8 /opt/devkitpro/libctru/lib/libctru.a(svc.o)
                0x000000000010cd14                svcSendSyncRequest
 .text.svcBreak
                0x000000000010cd1c        0x8 /opt/devkitpro/libctru/lib/libctru.a(svc.o)
                0x000000000010cd1c                svcBreak
 .text.initSystem
                0x000000000010cd24       0x50 /opt/devkitpro/libctru/lib/libctru.a(stack_adjust.o)
                0x000000000010cd24                initSystem
 .text.__ctru_exit
                0x000000000010cd74       0x18 /opt/devkitpro/libctru/lib/libctru.a(stack_adjust.o)
                0x000000000010cd74                __ctru_exit
 .text.__sync_init
                0x000000000010cd8c        0xc /opt/devkitpro/libctru/lib/libctru.a(synchronization.o)
                0x000000000010cd8c                __sync_init
 .text.__sync_fini
                0x000000000010cd98       0x18 /opt/devkitpro/libctru/lib/libctru.a(synchronization.o)
                0x000000000010cd98                __sync_fini
 .text.__sync_get_arbiter
                0x000000000010cdb0       0x10 /opt/devkitpro/libctru/lib/libctru.a(synchronization.o)
                0x000000000010cdb0                __sync_get_arbiter
 .text.LightLock_Init
                0x000000000010cdc0       0x1c /opt/devkitpro/libctru/lib/libctru.a(synchronization.o)
                0x000000000010cdc0                LightLock_Init
 .text.LightLock_Lock
                0x000000000010cddc       0x90 /opt/devkitpro/libctru/lib/libctru.a(synchronization.o)
                0x000000000010cddc                LightLock_Lock
 .text.LightLock_TryLock
                0x000000000010ce6c       0x34 /opt/devkitpro/libctru/lib/libctru.a(synchronization.o)
                0x000000000010ce6c                LightLock_TryLock
 .text.LightLock_Unlock
                0x000000000010cea0       0x5c /opt/devkitpro/libctru/lib/libctru.a(synchronization.o)
                0x000000000010cea0                LightLock_Unlock
 .text.RecursiveLock_Init
                0x000000000010cefc       0x24 /opt/devkitpro/libctru/lib/libctru.a(synchronization.o)
                0x000000000010cefc                RecursiveLock_Init
 .text.RecursiveLock_Lock
                0x000000000010cf20       0x30 /opt/devkitpro/libctru/lib/libctru.a(synchronization.o)
                0x000000000010cf20                RecursiveLock_Lock
 .text.RecursiveLock_TryLock
                0x000000000010cf50       0x5c /opt/devkitpro/libctru/lib/libctru.a(synchronization.o)
                0x000000000010cf50                RecursiveLock_TryLock
 *fill*         0x000000000010cfac        0x4 
 .text.RecursiveLock_Unlock
                0x000000000010cfb0       0x74 /opt/devkitpro/libctru/lib/libctru.a(synchronization.o)
                0x000000000010cfb0                RecursiveLock_Unlock
 .text.LightEvent_Init
                0x000000000010d024       0x40 /opt/devkitpro/libctru/lib/libctru.a(synchronization.o)
                0x000000000010d024                LightEvent_Init
 *fill*         0x000000000010d064        0x4 
 .text.LightEvent_Clear
                0x000000000010d068       0xb4 /opt/devkitpro/libctru/lib/libctru.a(synchronization.o)
                0x000000000010d068                LightEvent_Clear
 *fill*         0x000000000010d11c        0x4 
 .text.LightEvent_Signal
                0x000000000010d120       0xec /opt/devkitpro/libctru/lib/libctru.a(synchronization.o)
                0x000000000010d120                LightEvent_Signal
 *fill*         0x000000000010d20c        0x4 
 .text.LightEvent_Wait
                0x000000000010d210       0xc4 /opt/devkitpro/libctru/lib/libctru.a(synchronization.o)
                0x000000000010d210                LightEvent_Wait
 .text.envGetHandle
                0x000000000010d2d4       0x84 /opt/devkitpro/libctru/lib/libctru.a(env.o)
                0x000000000010d2d4                envGetHandle
 .text.envDestroyHandles
                0x000000000010d358       0x50 /opt/devkitpro/libctru/lib/libctru.a(env.o)
                0x000000000010d358                envDestroyHandles
 .text.srvInit  0x000000000010d3a8      0x12c /opt/devkitpro/libctru/lib/libctru.a(srv.o)
                0x000000000010d3a8                srvInit
 .text.srvExit  0x000000000010d4d4       0x58 /opt/devkitpro/libctru/lib/libctru.a(srv.o)
                0x000000000010d4d4                srvExit
 .text.srvGetServiceHandleDirect
                0x000000000010d52c       0x80 /opt/devkitpro/libctru/lib/libctru.a(srv.o)
                0x000000000010d52c                srvGetServiceHandleDirect
 .text.srvGetServiceHandle
                0x000000000010d5ac       0x48 /opt/devkitpro/libctru/lib/libctru.a(srv.o)
                0x000000000010d5ac                srvGetServiceHandle
 .text.srvPublishToSubscriber
                0x000000000010d5f4       0x38 /opt/devkitpro/libctru/lib/libctru.a(srv.o)
                0x000000000010d5f4                srvPublishToSubscriber
 .text.threadCreate
                0x000000000010d62c      0x188 /opt/devkitpro/libctru/lib/libctru.a(thread.o)
                0x000000000010d62c                threadCreate
 .text.threadFree
                0x000000000010d7b4       0x2c /opt/devkitpro/libctru/lib/libctru.a(thread.o)
                0x000000000010d7b4                threadFree
 .text.threadJoin
                0x000000000010d7e0       0x24 /opt/devkitpro/libctru/lib/libctru.a(thread.o)
                0x000000000010d7e0                threadJoin
 .text.threadGetCurrent
                0x000000000010d804       0x30 /opt/devkitpro/libctru/lib/libctru.a(thread.o)
                0x000000000010d804                threadGetCurrent
 .text.threadExit
                0x000000000010d834       0x40 /opt/devkitpro/libctru/lib/libctru.a(thread.o)
                0x000000000010d834                threadExit
 .text._thread_begin
                0x000000000010d874       0x44 /opt/devkitpro/libctru/lib/libctru.a(thread.o)
 .text.irrstInit
                0x000000000010d8b8      0x160 /opt/devkitpro/libctru/lib/libctru.a(irrst.o)
                0x000000000010d8b8                irrstInit
 .text.irrstExit
                0x000000000010da18       0xcc /opt/devkitpro/libctru/lib/libctru.a(irrst.o)
                0x000000000010da18                irrstExit
 .text.irrstScanInput
                0x000000000010dae4       0xb0 /opt/devkitpro/libctru/lib/libctru.a(irrst.o)
                0x000000000010dae4                irrstScanInput
 .text.irrstKeysHeld
                0x000000000010db94       0x24 /opt/devkitpro/libctru/lib/libctru.a(irrst.o)
                0x000000000010db94                irrstKeysHeld
 .text.srvPmGetSessionHandle
                0x000000000010dbb8        0xc /opt/devkitpro/libctru/lib/libctru.a(srvpm.o)
                0x000000000010dbb8                srvPmGetSessionHandle
 .text.rbtree_node_next
                0x000000000010dbc4       0x50 /opt/devkitpro/libctru/lib/libctru.a(rbtree_iterator.o)
                0x000000000010dbc4                rbtree_node_next
 .text.__appInit
                0x000000000010dc14       0x1c /opt/devkitpro/libctru/lib/libctru.a(appInit.o)
                0x000000000010dc14                __appInit
 .text.__appExit
                0x000000000010dc30       0x1c /opt/devkitpro/libctru/lib/libctru.a(appExit.o)
                0x000000000010dc30                __appExit
 .text.__libctru_exit
                0x000000000010dc4c       0xa0 /opt/devkitpro/libctru/lib/libctru.a(ctru_exit.o)
                0x000000000010dc4c                __libctru_exit
 .text.archive_link
                0x000000000010dcec       0x14 /opt/devkitpro/libctru/lib/libctru.a(archive_dev.o)
 .text.archive_dirreset
                0x000000000010dd00       0x14 /opt/devkitpro/libctru/lib/libctru.a(archive_dev.o)
 .text.archive_chmod
                0x000000000010dd14       0x14 /opt/devkitpro/libctru/lib/libctru.a(archive_dev.o)
 .text.error_cmp
                0x000000000010dd28       0x24 /opt/devkitpro/libctru/lib/libctru.a(archive_dev.o)
 .text.archive_translate_error
                0x000000000010dd4c       0x50 /opt/devkitpro/libctru/lib/libctru.a(archive_dev.o)
 .text.archive_seek
                0x000000000010dd9c       0xd4 /opt/devkitpro/libctru/lib/libctru.a(archive_dev.o)
 .text._archiveInit.part.0
                0x000000000010de70       0x7c /opt/devkitpro/libctru/lib/libctru.a(archive_dev.o)
 .text.archiveFindDevice.part.0
                0x000000000010deec       0x8c /opt/devkitpro/libctru/lib/libctru.a(archive_dev.o)
 .text.archive_utf16path
                0x000000000010df78      0x230 /opt/devkitpro/libctru/lib/libctru.a(archive_dev.o)
 .text._archiveUnmountDeviceStruct.part.0
                0x000000000010e1a8       0xa0 /opt/devkitpro/libctru/lib/libctru.a(archive_dev.o)
 .text.archive_fchmod
                0x000000000010e248       0x14 /opt/devkitpro/libctru/lib/libctru.a(archive_dev.o)
 .text.archive_statvfs
                0x000000000010e25c       0x14 /opt/devkitpro/libctru/lib/libctru.a(archive_dev.o)
 .text._archiveMountDevice
                0x000000000010e270      0x15c /opt/devkitpro/libctru/lib/libctru.a(archive_dev.o)
 .text.archive_diropen
                0x000000000010e3cc       0xe8 /opt/devkitpro/libctru/lib/libctru.a(archive_dev.o)
 .text.archive_fstat
                0x000000000010e4b4       0xa4 /opt/devkitpro/libctru/lib/libctru.a(archive_dev.o)
 .text.archive_close
                0x000000000010e558       0x6c /opt/devkitpro/libctru/lib/libctru.a(archive_dev.o)
 .text.archive_fsync
                0x000000000010e5c4       0x6c /opt/devkitpro/libctru/lib/libctru.a(archive_dev.o)
 .text.archive_dirclose
                0x000000000010e630       0x70 /opt/devkitpro/libctru/lib/libctru.a(archive_dev.o)
 .text.sdmc_statvfs
                0x000000000010e6a0       0xe8 /opt/devkitpro/libctru/lib/libctru.a(archive_dev.o)
 .text.archive_ftruncate
                0x000000000010e788       0x80 /opt/devkitpro/libctru/lib/libctru.a(archive_dev.o)
 .text.archive_chdir
                0x000000000010e808       0xf8 /opt/devkitpro/libctru/lib/libctru.a(archive_dev.o)
 .text.archive_read
                0x000000000010e900       0xb0 /opt/devkitpro/libctru/lib/libctru.a(archive_dev.o)
 .text.archive_unlink
                0x000000000010e9b0       0xac /opt/devkitpro/libctru/lib/libctru.a(archive_dev.o)
 .text.archive_rmdir
                0x000000000010ea5c       0xc8 /opt/devkitpro/libctru/lib/libctru.a(archive_dev.o)
 .text.archive_mkdir
                0x000000000010eb24       0xec /opt/devkitpro/libctru/lib/libctru.a(archive_dev.o)
 .text.archive_stat
                0x000000000010ec10      0x1a8 /opt/devkitpro/libctru/lib/libctru.a(archive_dev.o)
 .text.archive_rename
                0x000000000010edb8      0x190 /opt/devkitpro/libctru/lib/libctru.a(archive_dev.o)
 .text.archive_dirnext
                0x000000000010ef48      0x168 /opt/devkitpro/libctru/lib/libctru.a(archive_dev.o)
 .text.archive_write
                0x000000000010f0b0      0x12c /opt/devkitpro/libctru/lib/libctru.a(archive_dev.o)
 .text.archive_open
                0x000000000010f1dc      0x1f0 /opt/devkitpro/libctru/lib/libctru.a(archive_dev.o)
 .text.archiveMountSdmc
                0x000000000010f3cc      0x168 /opt/devkitpro/libctru/lib/libctru.a(archive_dev.o)
                0x000000000010f3cc                archiveMountSdmc
 .text.archiveUnmountAll
                0x000000000010f534       0x54 /opt/devkitpro/libctru/lib/libctru.a(archive_dev.o)
                0x000000000010f534                archiveUnmountAll
 .text.utf8_to_utf16
                0x000000000010f588       0xc0 /opt/devkitpro/libctru/lib/libctru.a(utf8_to_utf16.o)
                0x000000000010f588                utf8_to_utf16
 .text.utf16_to_utf8
                0x000000000010f648       0xe8 /opt/devkitpro/libctru/lib/libctru.a(utf16_to_utf8.o)
                0x000000000010f648                utf16_to_utf8
 .text.__aeabi_read_tp
                0x000000000010f730        0xc /opt/devkitpro/libctru/lib/libctru.a(readtp.o)
                0x000000000010f730                __aeabi_read_tp
 .text.encode_utf16
                0x000000000010f73c       0x60 /opt/devkitpro/libctru/lib/libctru.a(encode_utf16.o)
                0x000000000010f73c                encode_utf16
 .text.encode_utf8
                0x000000000010f79c       0xfc /opt/devkitpro/libctru/lib/libctru.a(encode_utf8.o)
                0x000000000010f79c                encode_utf8
 .text.decode_utf16
                0x000000000010f898       0x64 /opt/devkitpro/libctru/lib/libctru.a(decode_utf16.o)
                0x000000000010f898                decode_utf16
 .text.ceilf    0x000000000010f8fc       0xb4 /opt/devkitpro/devkitARM/bin/../lib/gcc/arm-none-eabi/10.1.0/../../../../arm-none-eabi/lib/armv6k/fpu/libm.a(lib_a-sf_ceil.o)
                0x000000000010f8fc                ceilf
 .text.__fixdfdi
                0x000000000010f9b0       0x38 /opt/devkitpro/devkitARM/bin/../lib/gcc/arm-none-eabi/10.1.0/armv6k/fpu/libgcc.a(_fixdfdi.o)
                0x000000000010f9b0                __aeabi_d2lz
                0x000000000010f9b0                __fixdfdi
 .text.__fixunsdfdi
                0x000000000010f9e8       0x40 /opt/devkitpro/devkitARM/bin/../lib/gcc/arm-none-eabi/10.1.0/armv6k/fpu/libgcc.a(_fixunsdfdi.o)
                0x000000000010f9e8                __aeabi_d2ulz
                0x000000000010f9e8                __fixunsdfdi
 .text.__udivmoddi4
                0x000000000010fa28      0x120 /opt/devkitpro/devkitARM/bin/../lib/gcc/arm-none-eabi/10.1.0/armv6k/fpu/libgcc.a(_udivmoddi4.o)
                0x000000000010fa28                __udivmoddi4
 .text.bsearch  0x000000000010fb48       0x78 /opt/devkitpro/devkitARM/bin/../lib/gcc/arm-none-eabi/10.1.0/../../../../arm-none-eabi/lib/armv6k/fpu/libg.a(lib_a-bsearch.o)
                0x000000000010fb48                bsearch
 .text.calloc   0x000000000010fbc0       0x28 /opt/devkitpro/devkitARM/bin/../lib/gcc/arm-none-eabi/10.1.0/../../../../arm-none-eabi/lib/armv6k/fpu/libg.a(lib_a-calloc.o)
                0x000000000010fbc0                calloc
 .text._calloc_r
                0x000000000010fbe8       0x94 /opt/devkitpro/devkitARM/bin/../lib/gcc/arm-none-eabi/10.1.0/../../../../arm-none-eabi/lib/armv6k/fpu/libg.a(lib_a-callocr.o)
                0x000000000010fbe8                _calloc_r
 .text.__errno  0x000000000010fc7c        0xc /opt/devkitpro/devkitARM/bin/../lib/gcc/arm-none-eabi/10.1.0/../../../../arm-none-eabi/lib/armv6k/fpu/libg.a(lib_a-errno.o)
                0x000000000010fc7c                __errno
 .text.exit     0x000000000010fc88       0x34 /opt/devkitpro/devkitARM/bin/../lib/gcc/arm-none-eabi/10.1.0/../../../../arm-none-eabi/lib/armv6k/fpu/libg.a(lib_a-exit.o)
                0x000000000010fc88                exit
 .text._fclose_r
                0x000000000010fcbc      0x160 /opt/devkitpro/devkitARM/bin/../lib/gcc/arm-none-eabi/10.1.0/../../../../arm-none-eabi/lib/armv6k/fpu/libg.a(lib_a-fclose.o)
                0x000000000010fcbc                _fclose_r
 .text.__sflush_r
                0x000000000010fe1c      0x258 /opt/devkitpro/devkitARM/bin/../lib/gcc/arm-none-eabi/10.1.0/../../../../arm-none-eabi/lib/armv6k/fpu/libg.a(lib_a-fflush.o)
                0x000000000010fe1c                __sflush_r
 .text._fflush_r
                0x0000000000110074       0x94 /opt/devkitpro/devkitARM/bin/../lib/gcc/arm-none-eabi/10.1.0/../../../../arm-none-eabi/lib/armv6k/fpu/libg.a(lib_a-fflush.o)
                0x0000000000110074                _fflush_r
 .text._cleanup_r
                0x0000000000110108        0xc /opt/devkitpro/devkitARM/bin/../lib/gcc/arm-none-eabi/10.1.0/../../../../arm-none-eabi/lib/armv6k/fpu/libg.a(lib_a-findfp.o)
                0x0000000000110108                _cleanup_r
 .text.__sinit  0x0000000000110114      0x184 /opt/devkitpro/devkitARM/bin/../lib/gcc/arm-none-eabi/10.1.0/../../../../arm-none-eabi/lib/armv6k/fpu/libg.a(lib_a-findfp.o)
                0x0000000000110114                __sinit
 .text.__sfp_lock_acquire
                0x0000000000110298        0xc /opt/devkitpro/devkitARM/bin/../lib/gcc/arm-none-eabi/10.1.0/../../../../arm-none-eabi/lib/armv6k/fpu/libg.a(lib_a-findfp.o)
                0x0000000000110298                __sfp_lock_acquire
 .text.__sfp_lock_release
                0x00000000001102a4        0xc /opt/devkitpro/devkitARM/bin/../lib/gcc/arm-none-eabi/10.1.0/../../../../arm-none-eabi/lib/armv6k/fpu/libg.a(lib_a-findfp.o)
                0x00000000001102a4                __sfp_lock_release
 .text.__libc_fini_array
                0x00000000001102b0       0x3c /opt/devkitpro/devkitARM/bin/../lib/gcc/arm-none-eabi/10.1.0/../../../../arm-none-eabi/lib/armv6k/fpu/libg.a(lib_a-fini.o)
                0x00000000001102b0                __libc_fini_array
 .text._malloc_trim_r
                0x00000000001102ec       0xf8 /opt/devkitpro/devkitARM/bin/../lib/gcc/arm-none-eabi/10.1.0/../../../../arm-none-eabi/lib/armv6k/fpu/libg.a(lib_a-freer.o)
                0x00000000001102ec                _malloc_trim_r
 .text._free_r  0x00000000001103e4      0x2e4 /opt/devkitpro/devkitARM/bin/../lib/gcc/arm-none-eabi/10.1.0/../../../../arm-none-eabi/lib/armv6k/fpu/libg.a(lib_a-freer.o)
                0x00000000001103e4                _free_r
 .text._fwalk_reent
                0x00000000001106c8       0x70 /opt/devkitpro/devkitARM/bin/../lib/gcc/arm-none-eabi/10.1.0/../../../../arm-none-eabi/lib/armv6k/fpu/libg.a(lib_a-fwalk.o)
                0x00000000001106c8                _fwalk_reent
 .text.__libc_init_array
                0x0000000000110738       0x7c /opt/devkitpro/devkitARM/bin/../lib/gcc/arm-none-eabi/10.1.0/../../../../arm-none-eabi/lib/armv6k/fpu/libg.a(lib_a-init.o)
                0x0000000000110738                __libc_init_array
 .text.__smakebuf_r
                0x00000000001107b4      0x138 /opt/devkitpro/devkitARM/bin/../lib/gcc/arm-none-eabi/10.1.0/../../../../arm-none-eabi/lib/armv6k/fpu/libg.a(lib_a-makebuf.o)
                0x00000000001107b4                __smakebuf_r
 .text.__swhatbuf_r
                0x00000000001108ec       0x94 /opt/devkitpro/devkitARM/bin/../lib/gcc/arm-none-eabi/10.1.0/../../../../arm-none-eabi/lib/armv6k/fpu/libg.a(lib_a-makebuf.o)
                0x00000000001108ec                __swhatbuf_r
 .text.memalign
                0x0000000000110980       0x28 /opt/devkitpro/devkitARM/bin/../lib/gcc/arm-none-eabi/10.1.0/../../../../arm-none-eabi/lib/armv6k/fpu/libg.a(lib_a-malign.o)
                0x0000000000110980                memalign
 .text._memalign_r
                0x00000000001109a8      0x148 /opt/devkitpro/devkitARM/bin/../lib/gcc/arm-none-eabi/10.1.0/../../../../arm-none-eabi/lib/armv6k/fpu/libg.a(lib_a-malignr.o)
                0x00000000001109a8                _memalign_r
 .text.malloc   0x0000000000110af0       0x20 /opt/devkitpro/devkitARM/bin/../lib/gcc/arm-none-eabi/10.1.0/../../../../arm-none-eabi/lib/armv6k/fpu/libg.a(lib_a-malloc.o)
                0x0000000000110af0                malloc
 .text.free     0x0000000000110b10       0x20 /opt/devkitpro/devkitARM/bin/../lib/gcc/arm-none-eabi/10.1.0/../../../../arm-none-eabi/lib/armv6k/fpu/libg.a(lib_a-malloc.o)
                0x0000000000110b10                free
 .text._malloc_r
                0x0000000000110b30      0x7f0 /opt/devkitpro/devkitARM/bin/../lib/gcc/arm-none-eabi/10.1.0/../../../../arm-none-eabi/lib/armv6k/fpu/libg.a(lib_a-mallocr.o)
                0x0000000000110b30                _malloc_r
 .text.memchr   0x0000000000111320       0xe0 /opt/devkitpro/devkitARM/bin/../lib/gcc/arm-none-eabi/10.1.0/../../../../arm-none-eabi/lib/armv6k/fpu/libg.a(lib_a-memchr-stub.o)
                0x0000000000111320                memchr
 .text.memcpy   0x0000000000111400      0x11c /opt/devkitpro/devkitARM/bin/../lib/gcc/arm-none-eabi/10.1.0/../../../../arm-none-eabi/lib/armv6k/fpu/libg.a(lib_a-memcpy-stub.o)
                0x0000000000111400                memcpy
 .text.memset   0x000000000011151c      0x118 /opt/devkitpro/devkitARM/bin/../lib/gcc/arm-none-eabi/10.1.0/../../../../arm-none-eabi/lib/armv6k/fpu/libg.a(lib_a-memset.o)
                0x000000000011151c                memset
 .text.__malloc_lock
                0x0000000000111634        0xc /opt/devkitpro/devkitARM/bin/../lib/gcc/arm-none-eabi/10.1.0/../../../../arm-none-eabi/lib/armv6k/fpu/libg.a(lib_a-mlock.o)
                0x0000000000111634                __malloc_lock
 .text.__malloc_unlock
                0x0000000000111640        0xc /opt/devkitpro/devkitARM/bin/../lib/gcc/arm-none-eabi/10.1.0/../../../../arm-none-eabi/lib/armv6k/fpu/libg.a(lib_a-mlock.o)
                0x0000000000111640                __malloc_unlock
 .text.printf   0x000000000011164c       0x34 /opt/devkitpro/devkitARM/bin/../lib/gcc/arm-none-eabi/10.1.0/../../../../arm-none-eabi/lib/armv6k/fpu/libg.a(lib_a-printf.o)
                0x000000000011164c                printf
 .text.qsort    0x0000000000111680      0x958 /opt/devkitpro/devkitARM/bin/../lib/gcc/arm-none-eabi/10.1.0/../../../../arm-none-eabi/lib/armv6k/fpu/libg.a(lib_a-qsort.o)
                0x0000000000111680                qsort
 .text.realloc  0x0000000000111fd8       0x28 /opt/devkitpro/devkitARM/bin/../lib/gcc/arm-none-eabi/10.1.0/../../../../arm-none-eabi/lib/armv6k/fpu/libg.a(lib_a-realloc.o)
                0x0000000000111fd8                realloc
 .text._realloc_r
                0x0000000000112000      0x598 /opt/devkitpro/devkitARM/bin/../lib/gcc/arm-none-eabi/10.1.0/../../../../arm-none-eabi/lib/armv6k/fpu/libg.a(lib_a-reallocr.o)
                0x0000000000112000                _realloc_r
 .text.setvbuf  0x0000000000112598      0x260 /opt/devkitpro/devkitARM/bin/../lib/gcc/arm-none-eabi/10.1.0/../../../../arm-none-eabi/lib/armv6k/fpu/libg.a(lib_a-setvbuf.o)
                0x0000000000112598                setvbuf
 .text.sscanf   0x00000000001127f8       0x74 /opt/devkitpro/devkitARM/bin/../lib/gcc/arm-none-eabi/10.1.0/../../../../arm-none-eabi/lib/armv6k/fpu/libg.a(lib_a-sscanf.o)
                0x00000000001127f8                sscanf
 .text.__sread  0x000000000011286c       0x44 /opt/devkitpro/devkitARM/bin/../lib/gcc/arm-none-eabi/10.1.0/../../../../arm-none-eabi/lib/armv6k/fpu/libg.a(lib_a-stdio.o)
                0x000000000011286c                __sread
 .text.__seofread
                0x00000000001128b0        0x8 /opt/devkitpro/devkitARM/bin/../lib/gcc/arm-none-eabi/10.1.0/../../../../arm-none-eabi/lib/armv6k/fpu/libg.a(lib_a-stdio.o)
                0x00000000001128b0                __seofread
 .text.__swrite
                0x00000000001128b8       0x68 /opt/devkitpro/devkitARM/bin/../lib/gcc/arm-none-eabi/10.1.0/../../../../arm-none-eabi/lib/armv6k/fpu/libg.a(lib_a-stdio.o)
                0x00000000001128b8                __swrite
 .text.__sseek  0x0000000000112920       0x48 /opt/devkitpro/devkitARM/bin/../lib/gcc/arm-none-eabi/10.1.0/../../../../arm-none-eabi/lib/armv6k/fpu/libg.a(lib_a-stdio.o)
                0x0000000000112920                __sseek
 .text.__sclose
                0x0000000000112968        0x8 /opt/devkitpro/devkitARM/bin/../lib/gcc/arm-none-eabi/10.1.0/../../../../arm-none-eabi/lib/armv6k/fpu/libg.a(lib_a-stdio.o)
                0x0000000000112968                __sclose
 .text.strlen   0x0000000000112970       0x5c /opt/devkitpro/devkitARM/bin/../lib/gcc/arm-none-eabi/10.1.0/../../../../arm-none-eabi/lib/armv6k/fpu/libg.a(lib_a-strlen-stub.o)
                0x0000000000112970                strlen
 .text.strncat  0x00000000001129cc       0xec /opt/devkitpro/devkitARM/bin/../lib/gcc/arm-none-eabi/10.1.0/../../../../arm-none-eabi/lib/armv6k/fpu/libg.a(lib_a-strncat.o)
                0x00000000001129cc                strncat
 .text.strncmp  0x0000000000112ab8       0xdc /opt/devkitpro/devkitARM/bin/../lib/gcc/arm-none-eabi/10.1.0/../../../../arm-none-eabi/lib/armv6k/fpu/libg.a(lib_a-strncmp.o)
                0x0000000000112ab8                strncmp
 .text.strncpy  0x0000000000112b94       0xc0 /opt/devkitpro/devkitARM/bin/../lib/gcc/arm-none-eabi/10.1.0/../../../../arm-none-eabi/lib/armv6k/fpu/libg.a(lib_a-strncpy.o)
                0x0000000000112b94                strncpy
 .text.strnlen  0x0000000000112c54       0x48 /opt/devkitpro/devkitARM/bin/../lib/gcc/arm-none-eabi/10.1.0/../../../../arm-none-eabi/lib/armv6k/fpu/libg.a(lib_a-strnlen.o)
                0x0000000000112c54                strnlen
 .text.get_arg  0x0000000000112c9c       0x50 /opt/devkitpro/devkitARM/bin/../lib/gcc/arm-none-eabi/10.1.0/../../../../arm-none-eabi/lib/armv6k/fpu/libg.a(lib_a-svfscanf.o)
 .text.__ssvfscanf_r
                0x0000000000112cec     0x2b68 /opt/devkitpro/devkitARM/bin/../lib/gcc/arm-none-eabi/10.1.0/../../../../arm-none-eabi/lib/armv6k/fpu/libg.a(lib_a-svfscanf.o)
                0x0000000000112cec                __ssvfscanf_r
 .text.get_arg  0x0000000000115854      0x64c /opt/devkitpro/devkitARM/bin/../lib/gcc/arm-none-eabi/10.1.0/../../../../arm-none-eabi/lib/armv6k/fpu/libg.a(lib_a-vfiprintf.o)
 .text.__sprint_r
                0x0000000000115ea0       0x34 /opt/devkitpro/devkitARM/bin/../lib/gcc/arm-none-eabi/10.1.0/../../../../arm-none-eabi/lib/armv6k/fpu/libg.a(lib_a-vfiprintf.o)
                0x0000000000115ea0                __sprint_r
 .text._vfiprintf_r
                0x0000000000115ed4     0x2584 /opt/devkitpro/devkitARM/bin/../lib/gcc/arm-none-eabi/10.1.0/../../../../arm-none-eabi/lib/armv6k/fpu/libg.a(lib_a-vfiprintf.o)
                0x0000000000115ed4                _vfiprintf_r
 .text.__sbprintf
                0x0000000000118458       0xd4 /opt/devkitpro/devkitARM/bin/../lib/gcc/arm-none-eabi/10.1.0/../../../../arm-none-eabi/lib/armv6k/fpu/libg.a(lib_a-vfiprintf.o)
 .text.get_arg  0x000000000011852c      0x64c /opt/devkitpro/devkitARM/bin/../lib/gcc/arm-none-eabi/10.1.0/../../../../arm-none-eabi/lib/armv6k/fpu/libg.a(lib_a-vfprintf.o)
 .text._vfprintf_r
                0x0000000000118b78     0x38d4 /opt/devkitpro/devkitARM/bin/../lib/gcc/arm-none-eabi/10.1.0/../../../../arm-none-eabi/lib/armv6k/fpu/libg.a(lib_a-vfprintf.o)
                0x0000000000118b78                _vfprintf_r
 .text.__sbprintf
                0x000000000011c44c       0xd4 /opt/devkitpro/devkitARM/bin/../lib/gcc/arm-none-eabi/10.1.0/../../../../arm-none-eabi/lib/armv6k/fpu/libg.a(lib_a-vfprintf.o)
 .text._wcrtomb_r
                0x000000000011c520       0x54 /opt/devkitpro/devkitARM/bin/../lib/gcc/arm-none-eabi/10.1.0/../../../../arm-none-eabi/lib/armv6k/fpu/libg.a(lib_a-wcrtomb.o)
                0x000000000011c520                _wcrtomb_r
 .text._wcsrtombs_r
                0x000000000011c574       0x28 /opt/devkitpro/devkitARM/bin/../lib/gcc/arm-none-eabi/10.1.0/../../../../arm-none-eabi/lib/armv6k/fpu/libg.a(lib_a-wcsrtombs.o)
                0x000000000011c574                _wcsrtombs_r
 .text.__swsetup_r
                0x000000000011c59c      0x154 /opt/devkitpro/devkitARM/bin/../lib/gcc/arm-none-eabi/10.1.0/../../../../arm-none-eabi/lib/armv6k/fpu/libg.a(lib_a-wsetup.o)
                0x000000000011c59c                __swsetup_r
 .text.__call_exitprocs
                0x000000000011c6f0      0x114 /opt/devkitpro/devkitARM/bin/../lib/gcc/arm-none-eabi/10.1.0/../../../../arm-none-eabi/lib/armv6k/fpu/libg.a(lib_a-__call_atexit.o)
                0x000000000011c6f0                __call_exitprocs
 .text.quorem   0x000000000011c804      0x1a8 /opt/devkitpro/devkitARM/bin/../lib/gcc/arm-none-eabi/10.1.0/../../../../arm-none-eabi/lib/armv6k/fpu/libg.a(lib_a-dtoa.o)
 *fill*         0x000000000011c9ac        0x4 
 .text._dtoa_r  0x000000000011c9b0     0x12ec /opt/devkitpro/devkitARM/bin/../lib/gcc/arm-none-eabi/10.1.0/../../../../arm-none-eabi/lib/armv6k/fpu/libg.a(lib_a-dtoa.o)
                0x000000000011c9b0                _dtoa_r
 .text.__sfvwrite_r
                0x000000000011dc9c      0x4a4 /opt/devkitpro/devkitARM/bin/../lib/gcc/arm-none-eabi/10.1.0/../../../../arm-none-eabi/lib/armv6k/fpu/libg.a(lib_a-fvwrite.o)
                0x000000000011dc9c                __sfvwrite_r
 .text.iswspace
                0x000000000011e140        0x8 /opt/devkitpro/devkitARM/bin/../lib/gcc/arm-none-eabi/10.1.0/../../../../arm-none-eabi/lib/armv6k/fpu/libg.a(lib_a-iswspace.o)
                0x000000000011e140                iswspace
 .text._localeconv_r
                0x000000000011e148        0xc /opt/devkitpro/devkitARM/bin/../lib/gcc/arm-none-eabi/10.1.0/../../../../arm-none-eabi/lib/armv6k/fpu/libg.a(lib_a-localeconv.o)
                0x000000000011e148                _localeconv_r
 .text.__locale_mb_cur_max
                0x000000000011e154       0x10 /opt/devkitpro/devkitARM/bin/../lib/gcc/arm-none-eabi/10.1.0/../../../../arm-none-eabi/lib/armv6k/fpu/libg.a(lib_a-locale.o)
                0x000000000011e154                __locale_mb_cur_max
 .text._mbrtowc_r
                0x000000000011e164       0x68 /opt/devkitpro/devkitARM/bin/../lib/gcc/arm-none-eabi/10.1.0/../../../../arm-none-eabi/lib/armv6k/fpu/libg.a(lib_a-mbrtowc.o)
                0x000000000011e164                _mbrtowc_r
 .text.__utf8_mbtowc
                0x000000000011e1cc      0x2fc /opt/devkitpro/devkitARM/bin/../lib/gcc/arm-none-eabi/10.1.0/../../../../arm-none-eabi/lib/armv6k/fpu/libg.a(lib_a-mbtowc_r.o)
                0x000000000011e1cc                __utf8_mbtowc
 .text.memmove  0x000000000011e4c8      0x154 /opt/devkitpro/devkitARM/bin/../lib/gcc/arm-none-eabi/10.1.0/../../../../arm-none-eabi/lib/armv6k/fpu/libg.a(lib_a-memmove.o)
                0x000000000011e4c8                memmove
 .text._Balloc  0x000000000011e61c       0x88 /opt/devkitpro/devkitARM/bin/../lib/gcc/arm-none-eabi/10.1.0/../../../../arm-none-eabi/lib/armv6k/fpu/libg.a(lib_a-mprec.o)
                0x000000000011e61c                _Balloc
 .text._Bfree   0x000000000011e6a4       0x1c /opt/devkitpro/devkitARM/bin/../lib/gcc/arm-none-eabi/10.1.0/../../../../arm-none-eabi/lib/armv6k/fpu/libg.a(lib_a-mprec.o)
                0x000000000011e6a4                _Bfree
 .text.__multadd
                0x000000000011e6c0       0xf4 /opt/devkitpro/devkitARM/bin/../lib/gcc/arm-none-eabi/10.1.0/../../../../arm-none-eabi/lib/armv6k/fpu/libg.a(lib_a-mprec.o)
                0x000000000011e6c0                __multadd
 .text.__s2b    0x000000000011e7b4      0x110 /opt/devkitpro/devkitARM/bin/../lib/gcc/arm-none-eabi/10.1.0/../../../../arm-none-eabi/lib/armv6k/fpu/libg.a(lib_a-mprec.o)
                0x000000000011e7b4                __s2b
 .text.__hi0bits
                0x000000000011e8c4       0x58 /opt/devkitpro/devkitARM/bin/../lib/gcc/arm-none-eabi/10.1.0/../../../../arm-none-eabi/lib/armv6k/fpu/libg.a(lib_a-mprec.o)
                0x000000000011e8c4                __hi0bits
 .text.__lo0bits
                0x000000000011e91c       0x9c /opt/devkitpro/devkitARM/bin/../lib/gcc/arm-none-eabi/10.1.0/../../../../arm-none-eabi/lib/armv6k/fpu/libg.a(lib_a-mprec.o)
                0x000000000011e91c                __lo0bits
 .text.__i2b    0x000000000011e9b8       0xa4 /opt/devkitpro/devkitARM/bin/../lib/gcc/arm-none-eabi/10.1.0/../../../../arm-none-eabi/lib/armv6k/fpu/libg.a(lib_a-mprec.o)
                0x000000000011e9b8                __i2b
 .text.__multiply
                0x000000000011ea5c      0x204 /opt/devkitpro/devkitARM/bin/../lib/gcc/arm-none-eabi/10.1.0/../../../../arm-none-eabi/lib/armv6k/fpu/libg.a(lib_a-mprec.o)
                0x000000000011ea5c                __multiply
 .text.__pow5mult
                0x000000000011ec60      0x120 /opt/devkitpro/devkitARM/bin/../lib/gcc/arm-none-eabi/10.1.0/../../../../arm-none-eabi/lib/armv6k/fpu/libg.a(lib_a-mprec.o)
                0x000000000011ec60                __pow5mult
 .text.__lshift
                0x000000000011ed80      0x13c /opt/devkitpro/devkitARM/bin/../lib/gcc/arm-none-eabi/10.1.0/../../../../arm-none-eabi/lib/armv6k/fpu/libg.a(lib_a-mprec.o)
                0x000000000011ed80                __lshift
 .text.__mcmp   0x000000000011eebc       0x58 /opt/devkitpro/devkitARM/bin/../lib/gcc/arm-none-eabi/10.1.0/../../../../arm-none-eabi/lib/armv6k/fpu/libg.a(lib_a-mprec.o)
                0x000000000011eebc                __mcmp
 .text.__mdiff  0x000000000011ef14      0x1cc /opt/devkitpro/devkitARM/bin/../lib/gcc/arm-none-eabi/10.1.0/../../../../arm-none-eabi/lib/armv6k/fpu/libg.a(lib_a-mprec.o)
                0x000000000011ef14                __mdiff
 .text.__ulp    0x000000000011f0e0       0x88 /opt/devkitpro/devkitARM/bin/../lib/gcc/arm-none-eabi/10.1.0/../../../../arm-none-eabi/lib/armv6k/fpu/libg.a(lib_a-mprec.o)
                0x000000000011f0e0                __ulp
 .text.__b2d    0x000000000011f168       0xd4 /opt/devkitpro/devkitARM/bin/../lib/gcc/arm-none-eabi/10.1.0/../../../../arm-none-eabi/lib/armv6k/fpu/libg.a(lib_a-mprec.o)
                0x000000000011f168                __b2d
 .text.__d2b    0x000000000011f23c      0x12c /opt/devkitpro/devkitARM/bin/../lib/gcc/arm-none-eabi/10.1.0/../../../../arm-none-eabi/lib/armv6k/fpu/libg.a(lib_a-mprec.o)
                0x000000000011f23c                __d2b
 .text.__ratio  0x000000000011f368       0x78 /opt/devkitpro/devkitARM/bin/../lib/gcc/arm-none-eabi/10.1.0/../../../../arm-none-eabi/lib/armv6k/fpu/libg.a(lib_a-mprec.o)
                0x000000000011f368                __ratio
 .text.__copybits
                0x000000000011f3e0       0x88 /opt/devkitpro/devkitARM/bin/../lib/gcc/arm-none-eabi/10.1.0/../../../../arm-none-eabi/lib/armv6k/fpu/libg.a(lib_a-mprec.o)
                0x000000000011f3e0                __copybits
 .text.__any_on
                0x000000000011f468       0x5c /opt/devkitpro/devkitARM/bin/../lib/gcc/arm-none-eabi/10.1.0/../../../../arm-none-eabi/lib/armv6k/fpu/libg.a(lib_a-mprec.o)
                0x000000000011f468                __any_on
 .text.__sccl   0x000000000011f4c4       0xe4 /opt/devkitpro/devkitARM/bin/../lib/gcc/arm-none-eabi/10.1.0/../../../../arm-none-eabi/lib/armv6k/fpu/libg.a(lib_a-sccl.o)
                0x000000000011f4c4                __sccl
 .text.nanf     0x000000000011f5a8        0xc /opt/devkitpro/devkitARM/bin/../lib/gcc/arm-none-eabi/10.1.0/../../../../arm-none-eabi/lib/armv6k/fpu/libg.a(lib_a-sf_nan.o)
                0x000000000011f5a8                nanf
 *fill*         0x000000000011f5b4        0x4 
 .text.frexp    0x000000000011f5b8       0xa8 /opt/devkitpro/devkitARM/bin/../lib/gcc/arm-none-eabi/10.1.0/../../../../arm-none-eabi/lib/armv6k/fpu/libg.a(lib_a-s_frexp.o)
                0x000000000011f5b8                frexp
 .text.sprintf  0x000000000011f660       0x64 /opt/devkitpro/devkitARM/bin/../lib/gcc/arm-none-eabi/10.1.0/../../../../arm-none-eabi/lib/armv6k/fpu/libg.a(lib_a-sprintf.o)
                0x000000000011f660                sprintf
 .text.stpncpy  0x000000000011f6c4       0xb8 /opt/devkitpro/devkitARM/bin/../lib/gcc/arm-none-eabi/10.1.0/../../../../arm-none-eabi/lib/armv6k/fpu/libg.a(lib_a-stpncpy.o)
                0x000000000011f6c4                stpncpy
 .text.strchr   0x000000000011f77c      0x144 /opt/devkitpro/devkitARM/bin/../lib/gcc/arm-none-eabi/10.1.0/../../../../arm-none-eabi/lib/armv6k/fpu/libg.a(lib_a-strchr.o)
                0x000000000011f77c                strchr
 .text._strtod_l
                0x000000000011f8c0     0x130c /opt/devkitpro/devkitARM/bin/../lib/gcc/arm-none-eabi/10.1.0/../../../../arm-none-eabi/lib/armv6k/fpu/libg.a(lib_a-strtod.o)
                0x000000000011f8c0                _strtod_l
 .text._strtod_r
                0x0000000000120bcc        0xc /opt/devkitpro/devkitARM/bin/../lib/gcc/arm-none-eabi/10.1.0/../../../../arm-none-eabi/lib/armv6k/fpu/libg.a(lib_a-strtod.o)
                0x0000000000120bcc                _strtod_r
 .text._strtoll_l.constprop.0
                0x0000000000120bd8      0x22c /opt/devkitpro/devkitARM/bin/../lib/gcc/arm-none-eabi/10.1.0/../../../../arm-none-eabi/lib/armv6k/fpu/libg.a(lib_a-strtoll.o)
 .text._strtoll_r
                0x0000000000120e04        0x4 /opt/devkitpro/devkitARM/bin/../lib/gcc/arm-none-eabi/10.1.0/../../../../arm-none-eabi/lib/armv6k/fpu/libg.a(lib_a-strtoll.o)
                0x0000000000120e04                _strtoll_r
 .text._strtol_l.part.0
                0x0000000000120e08      0x1b0 /opt/devkitpro/devkitARM/bin/../lib/gcc/arm-none-eabi/10.1.0/../../../../arm-none-eabi/lib/armv6k/fpu/libg.a(lib_a-strtol.o)
 .text._strtol_r
                0x0000000000120fb8       0x3c /opt/devkitpro/devkitARM/bin/../lib/gcc/arm-none-eabi/10.1.0/../../../../arm-none-eabi/lib/armv6k/fpu/libg.a(lib_a-strtol.o)
                0x0000000000120fb8                _strtol_r
 .text._strtoull_l.constprop.0
                0x0000000000120ff4      0x244 /opt/devkitpro/devkitARM/bin/../lib/gcc/arm-none-eabi/10.1.0/../../../../arm-none-eabi/lib/armv6k/fpu/libg.a(lib_a-strtoull.o)
 .text._strtoull_r
                0x0000000000121238        0x4 /opt/devkitpro/devkitARM/bin/../lib/gcc/arm-none-eabi/10.1.0/../../../../arm-none-eabi/lib/armv6k/fpu/libg.a(lib_a-strtoull.o)
                0x0000000000121238                _strtoull_r
 .text._strtoul_l.constprop.0
                0x000000000012123c      0x1c8 /opt/devkitpro/devkitARM/bin/../lib/gcc/arm-none-eabi/10.1.0/../../../../arm-none-eabi/lib/armv6k/fpu/libg.a(lib_a-strtoul.o)
 .text._strtoul_r
                0x0000000000121404        0x4 /opt/devkitpro/devkitARM/bin/../lib/gcc/arm-none-eabi/10.1.0/../../../../arm-none-eabi/lib/armv6k/fpu/libg.a(lib_a-strtoul.o)
                0x0000000000121404                _strtoul_r
 .text.__ssprint_r
                0x0000000000121408      0x188 /opt/devkitpro/devkitARM/bin/../lib/gcc/arm-none-eabi/10.1.0/../../../../arm-none-eabi/lib/armv6k/fpu/libg.a(lib_a-svfiprintf.o)
                0x0000000000121408                __ssprint_r
 .text._sungetc_r
                0x0000000000121590       0xe0 /opt/devkitpro/devkitARM/bin/../lib/gcc/arm-none-eabi/10.1.0/../../../../arm-none-eabi/lib/armv6k/fpu/libg.a(lib_a-svfiscanf.o)
                0x0000000000121590                _sungetc_r
 .text.__ssrefill_r
                0x0000000000121670       0x6c /opt/devkitpro/devkitARM/bin/../lib/gcc/arm-none-eabi/10.1.0/../../../../arm-none-eabi/lib/armv6k/fpu/libg.a(lib_a-svfiscanf.o)
                0x0000000000121670                __ssrefill_r
 .text._sfread_r
                0x00000000001216dc       0xc8 /opt/devkitpro/devkitARM/bin/../lib/gcc/arm-none-eabi/10.1.0/../../../../arm-none-eabi/lib/armv6k/fpu/libg.a(lib_a-svfiscanf.o)
                0x00000000001216dc                _sfread_r
 .text.get_arg  0x00000000001217a4      0x64c /opt/devkitpro/devkitARM/bin/../lib/gcc/arm-none-eabi/10.1.0/../../../../arm-none-eabi/lib/armv6k/fpu/libg.a(lib_a-svfprintf.o)
 .text._svfprintf_r
                0x0000000000121df0     0x3808 /opt/devkitpro/devkitARM/bin/../lib/gcc/arm-none-eabi/10.1.0/../../../../arm-none-eabi/lib/armv6k/fpu/libg.a(lib_a-svfprintf.o)
                0x0000000000121df0                _svfprintf_r
 .text.__submore
                0x00000000001255f8       0xa8 /opt/devkitpro/devkitARM/bin/../lib/gcc/arm-none-eabi/10.1.0/../../../../arm-none-eabi/lib/armv6k/fpu/libg.a(lib_a-ungetc.o)
                0x00000000001255f8                __submore
 .text._wcsnrtombs_l
                0x00000000001256a0      0x190 /opt/devkitpro/devkitARM/bin/../lib/gcc/arm-none-eabi/10.1.0/../../../../arm-none-eabi/lib/armv6k/fpu/libg.a(lib_a-wcsnrtombs.o)
                0x00000000001256a0                _wcsnrtombs_l
 .text._wcsnrtombs_r
                0x0000000000125830       0x4c /opt/devkitpro/devkitARM/bin/../lib/gcc/arm-none-eabi/10.1.0/../../../../arm-none-eabi/lib/armv6k/fpu/libg.a(lib_a-wcsnrtombs.o)
                0x0000000000125830                _wcsnrtombs_r
 .text.__utf8_wctomb
                0x000000000012587c       0xf0 /opt/devkitpro/devkitARM/bin/../lib/gcc/arm-none-eabi/10.1.0/../../../../arm-none-eabi/lib/armv6k/fpu/libg.a(lib_a-wctomb_r.o)
                0x000000000012587c                __utf8_wctomb
 .text.__assert_func
                0x000000000012596c       0x5c /opt/devkitpro/devkitARM/bin/../lib/gcc/arm-none-eabi/10.1.0/../../../../arm-none-eabi/lib/armv6k/fpu/libg.a(lib_a-assert.o)
                0x000000000012596c                __assert_func
 .text.fiprintf
                0x00000000001259c8       0x3c /opt/devkitpro/devkitARM/bin/../lib/gcc/arm-none-eabi/10.1.0/../../../../arm-none-eabi/lib/armv6k/fpu/libg.a(lib_a-fiprintf.o)
                0x00000000001259c8                fiprintf
 .text.rshift   0x0000000000125a04       0xec /opt/devkitpro/devkitARM/bin/../lib/gcc/arm-none-eabi/10.1.0/../../../../arm-none-eabi/lib/armv6k/fpu/libg.a(lib_a-gdtoa-gethex.o)
 .text.__gethex
                0x0000000000125af0      0x928 /opt/devkitpro/devkitARM/bin/../lib/gcc/arm-none-eabi/10.1.0/../../../../arm-none-eabi/lib/armv6k/fpu/libg.a(lib_a-gdtoa-gethex.o)
                0x0000000000125af0                __gethex
 .text.__match  0x0000000000126418       0x4c /opt/devkitpro/devkitARM/bin/../lib/gcc/arm-none-eabi/10.1.0/../../../../arm-none-eabi/lib/armv6k/fpu/libg.a(lib_a-gdtoa-hexnan.o)
                0x0000000000126418                __match
 .text.__hexnan
                0x0000000000126464      0x29c /opt/devkitpro/devkitARM/bin/../lib/gcc/arm-none-eabi/10.1.0/../../../../arm-none-eabi/lib/armv6k/fpu/libg.a(lib_a-gdtoa-hexnan.o)
                0x0000000000126464                __hexnan
 .text.iswspace_l
                0x0000000000126700       0x3c /opt/devkitpro/devkitARM/bin/../lib/gcc/arm-none-eabi/10.1.0/../../../../arm-none-eabi/lib/armv6k/fpu/libg.a(lib_a-iswspace_l.o)
                0x0000000000126700                iswspace_l
 .text.__jp2uc  0x000000000012673c      0x1d4 /opt/devkitpro/devkitARM/bin/../lib/gcc/arm-none-eabi/10.1.0/../../../../arm-none-eabi/lib/armv6k/fpu/libg.a(lib_a-jp2uc.o)
 .text._jp2uc_l
                0x0000000000126910       0x9c /opt/devkitpro/devkitARM/bin/../lib/gcc/arm-none-eabi/10.1.0/../../../../arm-none-eabi/lib/armv6k/fpu/libg.a(lib_a-jp2uc.o)
                0x0000000000126910                _jp2uc_l
 *fill*         0x00000000001269ac        0x4 
 .text.nan      0x00000000001269b0       0x10 /opt/devkitpro/devkitARM/bin/../lib/gcc/arm-none-eabi/10.1.0/../../../../arm-none-eabi/lib/armv6k/fpu/libg.a(lib_a-s_nan.o)
                0x00000000001269b0                nan
 .text.abort    0x00000000001269c0       0x14 /opt/devkitpro/devkitARM/bin/../lib/gcc/arm-none-eabi/10.1.0/../../../../arm-none-eabi/lib/armv6k/fpu/libg.a(lib_a-abort.o)
                0x00000000001269c0                abort
 .text.category
                0x00000000001269d4       0x84 /opt/devkitpro/devkitARM/bin/../lib/gcc/arm-none-eabi/10.1.0/../../../../arm-none-eabi/lib/armv6k/fpu/libg.a(lib_a-categories.o)
                0x00000000001269d4                category
 .text._raise_r