Archive member included to satisfy reference by file (symbol)

/opt/devkitpro/libctru/lib/libctru.a(console.o)
                              main.o (consoleInit)
/opt/devkitpro/libctru/lib/libctru.a(gfx.o)
                              /opt/devkitpro/libctru/lib/libctru.a(console.o) (gfxSetScreenFormat)
/opt/devkitpro/libctru/lib/libctru.a(mappable.o)
                              /opt/devkitpro/libctru/lib/libctru.a(gfx.o) (mappableAlloc)
/opt/devkitpro/libctru/lib/libctru.a(gx.o)
                              /opt/devkitpro/libctru/lib/libctru.a(gfx.o) (gxCmdBuf)
/opt/devkitpro/libctru/lib/libctru.a(gspgpu.o)
                              /opt/devkitpro/libctru/lib/libctru.a(gfx.o) (gspInit)
/opt/devkitpro/libctru/lib/libctru.a(apt.o)
                              main.o (aptMainLoop)
/opt/devkitpro/libctru/lib/libctru.a(hid.o)
                              main.o (hidScanInput)
/opt/devkitpro/libctru/lib/libctru.a(initSystem.o)
                              /opt/devkitpro/libctru/lib/libctru.a(apt.o) (__system_retAddr)
/opt/devkitpro/libctru/lib/libctru.a(syscalls.o)
                              /opt/devkitpro/libctru/lib/libctru.a(initSystem.o) (__system_initSyscalls)
/opt/devkitpro/libctru/lib/libctru.a(allocateHeaps.o)
                              /opt/devkitpro/libctru/lib/libctru.a(initSystem.o) (__system_allocateHeaps)
/opt/devkitpro/libctru/lib/libctru.a(initArgv.o)
                              /opt/devkitpro/libctru/lib/libctru.a(initSystem.o) (__system_initArgv)
/opt/devkitpro/libctru/lib/libctru.a(svc.o)
                              /opt/devkitpro/libctru/lib/libctru.a(allocateHeaps.o) (svcControlMemory)
/opt/devkitpro/libctru/lib/libctru.a(stack_adjust.o)
                              /opt/devkitpro/devkitARM/bin/../lib/gcc/arm-none-eabi/10.1.0/../../../../arm-none-eabi/lib/armv6k/fpu/3dsx_crt0.o (initSystem)
/opt/devkitpro/libctru/lib/libctru.a(default_font.bin.o)
                              /opt/devkitpro/libctru/lib/libctru.a(console.o) (default_font_bin)
/opt/devkitpro/libctru/lib/libctru.a(vram.o)
                              /opt/devkitpro/libctru/lib/libctru.a(gfx.o) (vramAlloc)
/opt/devkitpro/libctru/lib/libctru.a(linear.o)
                              /opt/devkitpro/libctru/lib/libctru.a(gfx.o) (linearAlloc)
/opt/devkitpro/libctru/lib/libctru.a(mem_pool.o)
                              /opt/devkitpro/libctru/lib/libctru.a(vram.o) (MemPool::Allocate(MemChunk&, unsigned long, int))
/opt/devkitpro/libctru/lib/libctru.a(synchronization.o)
                              /opt/devkitpro/libctru/lib/libctru.a(initSystem.o) (__sync_init)
/opt/devkitpro/libctru/lib/libctru.a(os.o)
                              /opt/devkitpro/libctru/lib/libctru.a(allocateHeaps.o) (osGetMemRegionUsed)
/opt/devkitpro/libctru/lib/libctru.a(srv.o)
                              /opt/devkitpro/libctru/lib/libctru.a(apt.o) (srvInit)
/opt/devkitpro/libctru/lib/libctru.a(thread.o)
                              /opt/devkitpro/libctru/lib/libctru.a(gspgpu.o) (threadCreate)
/opt/devkitpro/libctru/lib/libctru.a(irrst.o)
                              /opt/devkitpro/libctru/lib/libctru.a(hid.o) (irrstInit)
/opt/devkitpro/libctru/lib/libctru.a(srvpm.o)
                              /opt/devkitpro/libctru/lib/libctru.a(srv.o) (srvPmGetSessionHandle)
/opt/devkitpro/libctru/lib/libctru.a(ptmsysm.o)
                              /opt/devkitpro/libctru/lib/libctru.a(os.o) (ptmSysmInit)
/opt/devkitpro/libctru/lib/libctru.a(rbtree_init.o)
                              /opt/devkitpro/libctru/lib/libctru.a(vram.o) (rbtree_init)
/opt/devkitpro/libctru/lib/libctru.a(rbtree_insert.o)
                              /opt/devkitpro/libctru/lib/libctru.a(vram.o) (rbtree_insert)
/opt/devkitpro/libctru/lib/libctru.a(rbtree_rotate.o)
                              /opt/devkitpro/libctru/lib/libctru.a(rbtree_insert.o) (rbtree_rotate)
/opt/devkitpro/libctru/lib/libctru.a(rbtree_remove.o)
                              /opt/devkitpro/libctru/lib/libctru.a(vram.o) (rbtree_remove)
/opt/devkitpro/libctru/lib/libctru.a(rbtree_find.o)
                              /opt/devkitpro/libctru/lib/libctru.a(vram.o) (rbtree_find)
/opt/devkitpro/libctru/lib/libctru.a(appInit.o)
                              /opt/devkitpro/libctru/lib/libctru.a(stack_adjust.o) (__appInit)
/opt/devkitpro/libctru/lib/libctru.a(appExit.o)
                              /opt/devkitpro/libctru/lib/libctru.a(stack_adjust.o) (__appExit)
/opt/devkitpro/libctru/lib/libctru.a(ctru_exit.o)
                              /opt/devkitpro/libctru/lib/libctru.a(stack_adjust.o) (__libctru_exit)
/opt/devkitpro/libctru/lib/libctru.a(env.o)
                              /opt/devkitpro/libctru/lib/libctru.a(srv.o) (envGetHandle)
/opt/devkitpro/libctru/lib/libctru.a(archive_dev.o)
                              /opt/devkitpro/libctru/lib/libctru.a(appInit.o) (archiveMountSdmc)
/opt/devkitpro/libctru/lib/libctru.a(fs.o)
[...]
Memory Configuration

Name             Origin             Length             Attributes
*default*        0x0000000000000000 0xffffffffffffffff

Linker script and memory map

                0x0000000000100000                PROVIDE (__start__ = 0x100000)
                0x0000000000100000                . = __start__

.text           0x0000000000100000    0x20f18
 *(.crt0)
 .crt0          0x0000000000100000       0x94 /opt/devkitpro/devkitARM/bin/../lib/gcc/arm-none-eabi/10.1.0/../../../../arm-none-eabi/lib/armv6k/fpu/3dsx_crt0.o
                0x0000000000100000                _start
                0x0000000000100008                __service_ptr
                0x000000000010000c                __apt_appid
                0x0000000000100010                __heap_size
                0x0000000000100014                __linear_heap_size
                0x0000000000100018                __system_arglist
                0x000000000010001c                __system_runflags
 *(.init)
 .init          0x0000000000100094        0xc /opt/devkitpro/devkitARM/bin/../lib/gcc/arm-none-eabi/10.1.0/armv6k/fpu/crti.o
                0x0000000000100094                _init
 .init          0x00000000001000a0        0xc /opt/devkitpro/devkitARM/bin/../lib/gcc/arm-none-eabi/10.1.0/armv6k/fpu/crtn.o
                0x00000000001000ac                . = ALIGN (0x4)
 *(.text)
 .text          0x00000000001000ac      0x240 /opt/devkitpro/devkitARM/bin/../lib/gcc/arm-none-eabi/10.1.0/armv6k/fpu/libgcc.a(_divsi3.o)
                0x00000000001000ac                __aeabi_idiv
                0x00000000001000ac                __divsi3
                0x00000000001002cc                __aeabi_idivmod
 .text          0x00000000001002ec        0x4 /opt/devkitpro/devkitARM/bin/../lib/gcc/arm-none-eabi/10.1.0/armv6k/fpu/libgcc.a(_dvmd_tls.o)
                0x00000000001002ec                __aeabi_ldiv0
                0x00000000001002ec                __aeabi_idiv0
 .text          0x00000000001002f0       0x3c /opt/devkitpro/devkitARM/bin/../lib/gcc/arm-none-eabi/10.1.0/armv6k/fpu/libgcc.a(_aeabi_uldivmod.o)
                0x00000000001002f0                __aeabi_uldivmod
 *fill*         0x000000000010032c       0x14 
 .text          0x0000000000100340      0x390 /opt/devkitpro/devkitARM/bin/../lib/gcc/arm-none-eabi/10.1.0/../../../../arm-none-eabi/lib/armv6k/fpu/libg.a(lib_a-strcmp.o)
                0x0000000000100348                strcmp
 .text          0x00000000001006d0      0x20c /opt/devkitpro/devkitARM/bin/../lib/gcc/arm-none-eabi/10.1.0/armv6k/fpu/libgcc.a(_udivsi3.o)
                0x00000000001006d0                __udivsi3
                0x00000000001006d0                __aeabi_uidiv
                0x00000000001008bc                __aeabi_uidivmod
 .text          0x00000000001008dc      0x3c0 /opt/devkitpro/devkitARM/bin/../lib/gcc/arm-none-eabi/10.1.0/armv6k/fpu/libgcc.a(_arm_addsubdf3.o)
                0x00000000001008dc                __aeabi_drsub
                0x00000000001008e4                __subdf3
                0x00000000001008e4                __aeabi_dsub
                0x00000000001008e8                __aeabi_dadd
                0x00000000001008e8                __adddf3
                0x0000000000100b94                __aeabi_ui2d
                0x0000000000100b94                __floatunsidf
                0x0000000000100bb8                __floatsidf
                0x0000000000100bb8                __aeabi_i2d
                0x0000000000100be0                __extendsfdf2
                0x0000000000100be0                __aeabi_f2d
                0x0000000000100c28                __aeabi_ul2d
                0x0000000000100c28                __floatundidf
                0x0000000000100c3c                __aeabi_l2d
                0x0000000000100c3c                __floatdidf
 *(.text.*)
 .text.deregister_tm_clones
                0x0000000000100c9c       0x2c /opt/devkitpro/devkitARM/bin/../lib/gcc/arm-none-eabi/10.1.0/armv6k/fpu/crtbegin.o
 .text.register_tm_clones
                0x0000000000100cc8       0x38 /opt/devkitpro/devkitARM/bin/../lib/gcc/arm-none-eabi/10.1.0/armv6k/fpu/crtbegin.o
 .text.__do_global_dtors_aux
                0x0000000000100d00       0x44 /opt/devkitpro/devkitARM/bin/../lib/gcc/arm-none-eabi/10.1.0/armv6k/fpu/crtbegin.o
 .text.frame_dummy
                0x0000000000100d44       0x34 /opt/devkitpro/devkitARM/bin/../lib/gcc/arm-none-eabi/10.1.0/armv6k/fpu/crtbegin.o
 .text.startup.main
                0x0000000000100d78      0x18c main.o
                0x0000000000100d78                main
 .text.consoleDrawChar
                0x0000000000100f04      0x178 /opt/devkitpro/libctru/lib/libctru.a(console.o)
                0x0000000000100f04                consoleDrawChar
 .text.consolePrintChar
                0x000000000010107c      0x124 /opt/devkitpro/libctru/lib/libctru.a(console.o)
                0x000000000010107c                consolePrintChar
 .text.con_write
                0x00000000001011a0      0xa00 /opt/devkitpro/libctru/lib/libctru.a(console.o)
                0x00000000001011a0                con_write
 .text.consoleInit
                0x0000000000101ba0      0x154 /opt/devkitpro/libctru/lib/libctru.a(console.o)
                0x0000000000101ba0                consoleInit
 .text.newRow   0x0000000000101cf4       0xf4 /opt/devkitpro/libctru/lib/libctru.a(console.o)
 .text.gfxGxHwInit
                0x0000000000101de8      0x808 /opt/devkitpro/libctru/lib/libctru.a(gfx.o)
 .text.gfxSetFramebufferInfo.part.0
                0x00000000001025f0       0x84 /opt/devkitpro/libctru/lib/libctru.a(gfx.o)
 .text.__get_bytes_per_pixel
                0x0000000000102674       0x18 /opt/devkitpro/libctru/lib/libctru.a(gfx.o)
                0x0000000000102674                __get_bytes_per_pixel
 .text.gfxSetScreenFormat
                0x000000000010268c      0x184 /opt/devkitpro/libctru/lib/libctru.a(gfx.o)
                0x000000000010268c                gfxSetScreenFormat
 .text.gfxSetDoubleBuffering
                0x0000000000102810       0x10 /opt/devkitpro/libctru/lib/libctru.a(gfx.o)
                0x0000000000102810                gfxSetDoubleBuffering
 .text.gfxInit  0x0000000000102820      0x274 /opt/devkitpro/libctru/lib/libctru.a(gfx.o)
                0x0000000000102820                gfxInit
 .text.gfxInitDefault
                0x0000000000102a94       0x10 /opt/devkitpro/libctru/lib/libctru.a(gfx.o)
                0x0000000000102a94                gfxInitDefault
 .text.gfxExit  0x0000000000102aa4       0xe0 /opt/devkitpro/libctru/lib/libctru.a(gfx.o)
                0x0000000000102aa4                gfxExit
 .text.gfxGetFramebuffer
                0x0000000000102b84       0xa8 /opt/devkitpro/libctru/lib/libctru.a(gfx.o)
                0x0000000000102b84                gfxGetFramebuffer
 .text.gfxFlushBuffers
                0x0000000000102c2c       0xf4 /opt/devkitpro/libctru/lib/libctru.a(gfx.o)
                0x0000000000102c2c                gfxFlushBuffers
 .text.gfxConfigScreen
                0x0000000000102d20      0x16c /opt/devkitpro/libctru/lib/libctru.a(gfx.o)
                0x0000000000102d20                gfxConfigScreen
 .text.gfxSwapBuffersGpu
                0x0000000000102e8c       0x20 /opt/devkitpro/libctru/lib/libctru.a(gfx.o)
                0x0000000000102e8c                gfxSwapBuffersGpu
 .text.mappableFindAddressWithin
                0x0000000000102eac       0x94 /opt/devkitpro/libctru/lib/libctru.a(mappable.o)
 .text.mappableInit
                0x0000000000102f40       0x28 /opt/devkitpro/libctru/lib/libctru.a(mappable.o)
                0x0000000000102f40                mappableInit
 .text.mappableAlloc
                0x0000000000102f68       0x80 /opt/devkitpro/libctru/lib/libctru.a(mappable.o)
                0x0000000000102f68                mappableAlloc
 .text.mappableFree
                0x0000000000102fe8        0x4 /opt/devkitpro/libctru/lib/libctru.a(mappable.o)
                0x0000000000102fe8                mappableFree
 .text.gspInit  0x0000000000102fec       0x74 /opt/devkitpro/libctru/lib/libctru.a(gspgpu.o)
                0x0000000000102fec                gspInit
 .text.gspExit  0x0000000000103060       0x3c /opt/devkitpro/libctru/lib/libctru.a(gspgpu.o)
                0x0000000000103060                gspExit
 .text.gspInitEventHandler
                0x000000000010309c       0xa0 /opt/devkitpro/libctru/lib/libctru.a(gspgpu.o)
                0x000000000010309c                gspInitEventHandler
 .text.gspExitEventHandler
                0x000000000010313c       0x40 /opt/devkitpro/libctru/lib/libctru.a(gspgpu.o)
                0x000000000010313c                gspExitEventHandler
 .text.gspWaitForEvent
                0x000000000010317c       0x50 /opt/devkitpro/libctru/lib/libctru.a(gspgpu.o)
                0x000000000010317c                gspWaitForEvent
 .text.gxCmdQueueInterrupt
                0x00000000001031cc        0x4 /opt/devkitpro/libctru/lib/libctru.a(gspgpu.o)
                0x00000000001031cc                gxCmdQueueInterrupt
 .text.gspEventThreadMain
                0x00000000001031d0      0x17c /opt/devkitpro/libctru/lib/libctru.a(gspgpu.o)
 .text.GSPGPU_WriteHWRegs
                0x000000000010334c       0x68 /opt/devkitpro/libctru/lib/libctru.a(gspgpu.o)
                0x000000000010334c                GSPGPU_WriteHWRegs
 .text.GSPGPU_WriteHWRegsWithMask
                0x00000000001033b4       0x84 /opt/devkitpro/libctru/lib/libctru.a(gspgpu.o)
                0x00000000001033b4                GSPGPU_WriteHWRegsWithMask
 .text.GSPGPU_SetBufferSwap
                0x0000000000103438       0x70 /opt/devkitpro/libctru/lib/libctru.a(gspgpu.o)
                0x0000000000103438                GSPGPU_SetBufferSwap
 .text.GSPGPU_FlushDataCache
                0x00000000001034a8       0x50 /opt/devkitpro/libctru/lib/libctru.a(gspgpu.o)
                0x00000000001034a8                GSPGPU_FlushDataCache
 .text.GSPGPU_SetLcdForceBlack
                0x00000000001034f8       0x34 /opt/devkitpro/libctru/lib/libctru.a(gspgpu.o)
                0x00000000001034f8                GSPGPU_SetLcdForceBlack
 .text.GSPGPU_RegisterInterruptRelayQueue
                0x000000000010352c       0x64 /opt/devkitpro/libctru/lib/libctru.a(gspgpu.o)
                0x000000000010352c                GSPGPU_RegisterInterruptRelayQueue
 .text.GSPGPU_UnregisterInterruptRelayQueue
                0x0000000000103590       0x2c /opt/devkitpro/libctru/lib/libctru.a(gspgpu.o)
                0x0000000000103590                GSPGPU_UnregisterInterruptRelayQueue
 .text.GSPGPU_AcquireRight
                0x00000000001035bc       0x48 /opt/devkitpro/libctru/lib/libctru.a(gspgpu.o)
                0x00000000001035bc                GSPGPU_AcquireRight
 .text.GSPGPU_ReleaseRight
                0x0000000000103604       0x2c /opt/devkitpro/libctru/lib/libctru.a(gspgpu.o)
                0x0000000000103604                GSPGPU_ReleaseRight
 .text.GSPGPU_ImportDisplayCaptureInfo
                0x0000000000103630       0x7c /opt/devkitpro/libctru/lib/libctru.a(gspgpu.o)
                0x0000000000103630                GSPGPU_ImportDisplayCaptureInfo
 .text.GSPGPU_SaveVramSysArea
                0x00000000001036ac       0x2c /opt/devkitpro/libctru/lib/libctru.a(gspgpu.o)
                0x00000000001036ac                GSPGPU_SaveVramSysArea
 .text.GSPGPU_RestoreVramSysArea
                0x00000000001036d8       0x2c /opt/devkitpro/libctru/lib/libctru.a(gspgpu.o)
                0x00000000001036d8                GSPGPU_RestoreVramSysArea
 .text._aptDebug
                0x0000000000103704        0x4 /opt/devkitpro/libctru/lib/libctru.a(apt.o)
                0x0000000000103704                _aptDebug
 .text.aptSendCommand
                0x0000000000103708      0x178 /opt/devkitpro/libctru/lib/libctru.a(apt.o)
                0x0000000000103708                aptSendCommand
 .text.aptEventHandler
                0x0000000000103880      0x1a8 /opt/devkitpro/libctru/lib/libctru.a(apt.o)
 .text.aptClearParamQueue
                0x0000000000103a28       0xe8 /opt/devkitpro/libctru/lib/libctru.a(apt.o)
 .text.APT_SleepIfShellClosed
                0x0000000000103b10       0x84 /opt/devkitpro/libctru/lib/libctru.a(apt.o)
                0x0000000000103b10                APT_SleepIfShellClosed
 .text.aptSetSleepAllowed
                0x0000000000103b94       0x84 /opt/devkitpro/libctru/lib/libctru.a(apt.o)
                0x0000000000103b94                aptSetSleepAllowed
 .text.APT_UnlockTransition
                0x0000000000103c18       0x84 /opt/devkitpro/libctru/lib/libctru.a(apt.o)
                0x0000000000103c18                APT_UnlockTransition
 .text.APT_ReceiveParameter
                0x0000000000103c9c       0xc8 /opt/devkitpro/libctru/lib/libctru.a(apt.o)
                0x0000000000103c9c                APT_ReceiveParameter
 .text.aptReceiveParameter.constprop.0
                0x0000000000103d64       0xbc /opt/devkitpro/libctru/lib/libctru.a(apt.o)
 .text.aptScreenTransfer
                0x0000000000103e20      0x1d8 /opt/devkitpro/libctru/lib/libctru.a(apt.o)
 .text.aptWaitForWakeUp.isra.0
                0x0000000000103ff8      0x21c /opt/devkitpro/libctru/lib/libctru.a(apt.o)
 .text.aptMainLoop
                0x0000000000104214      0x24c /opt/devkitpro/libctru/lib/libctru.a(apt.o)
                0x0000000000104214                aptMainLoop
 .text.aptExit  0x0000000000104460      0x2b0 /opt/devkitpro/libctru/lib/libctru.a(apt.o)
                0x0000000000104460                aptExit
 .text.aptInit  0x0000000000104710      0x2b4 /opt/devkitpro/libctru/lib/libctru.a(apt.o)
                0x0000000000104710                aptInit
 .text.APT_CloseApplication
                0x00000000001049c4       0x48 /opt/devkitpro/libctru/lib/libctru.a(apt.o)
                0x00000000001049c4                APT_CloseApplication
 .text.aptExitProcess
                0x0000000000104a0c       0x18 /opt/devkitpro/libctru/lib/libctru.a(apt.o)
 .text.APT_CheckNew3DS
                0x0000000000104a24       0x7c /opt/devkitpro/libctru/lib/libctru.a(apt.o)
                0x0000000000104a24                APT_CheckNew3DS
 .text.hidShouldUseIrrst
                0x0000000000104aa0       0x24 /opt/devkitpro/libctru/lib/libctru.a(hid.o)
                0x0000000000104aa0                hidShouldUseIrrst
 .text.hidInit  0x0000000000104ac4      0x18c /opt/devkitpro/libctru/lib/libctru.a(hid.o)
                0x0000000000104ac4                hidInit
 .text.hidExit  0x0000000000104c50       0xe8 /opt/devkitpro/libctru/lib/libctru.a(hid.o)
                0x0000000000104c50                hidExit
 .text.hidScanInput
                0x0000000000104d38      0x294 /opt/devkitpro/libctru/lib/libctru.a(hid.o)
                0x0000000000104d38                hidScanInput
 .text.hidKeysDown
                0x0000000000104fcc       0x10 /opt/devkitpro/libctru/lib/libctru.a(hid.o)
                0x0000000000104fcc                hidKeysDown
 .text.__libctru_init
                0x0000000000104fdc       0x38 /opt/devkitpro/libctru/lib/libctru.a(initSystem.o)
                0x0000000000104fdc                __libctru_init
 .text.__libctru_nanosleep
                0x0000000000105014       0x30 /opt/devkitpro/libctru/lib/libctru.a(syscalls.o)
 .text.__ctru_get_reent
                0x0000000000105044       0x30 /opt/devkitpro/libctru/lib/libctru.a(syscalls.o)
 .text.__system_initSyscalls
                0x0000000000105074       0xf8 /opt/devkitpro/libctru/lib/libctru.a(syscalls.o)
                0x0000000000105074                __system_initSyscalls
 .text.__system_allocateHeaps
                0x000000000010516c      0x134 /opt/devkitpro/libctru/lib/libctru.a(allocateHeaps.o)
                0x000000000010516c                __system_allocateHeaps
 .text.__system_initArgv
                0x00000000001052a0       0xf0 /opt/devkitpro/libctru/lib/libctru.a(initArgv.o)
                0x00000000001052a0                __system_initArgv
 .text.svcControlMemory
                0x0000000000105390       0x20 /opt/devkitpro/libctru/lib/libctru.a(svc.o)
                0x0000000000105390                svcControlMemory
 .text.svcQueryMemory
                0x00000000001053b0       0x30 /opt/devkitpro/libctru/lib/libctru.a(svc.o)
                0x00000000001053b0                svcQueryMemory
 .text.svcExitProcess
                0x00000000001053e0        0x8 /opt/devkitpro/libctru/lib/libctru.a(svc.o)
                0x00000000001053e0                svcExitProcess
 .text.svcCreateThread
                0x00000000001053e8       0x20 /opt/devkitpro/libctru/lib/libctru.a(svc.o)
                0x00000000001053e8                svcCreateThread
 .text.svcExitThread
                0x0000000000105408        0x8 /opt/devkitpro/libctru/lib/libctru.a(svc.o)
                0x0000000000105408                svcExitThread
 .text.svcSleepThread
                0x0000000000105410        0x8 /opt/devkitpro/libctru/lib/libctru.a(svc.o)
                0x0000000000105410                svcSleepThread
 .text.svcReleaseMutex
                0x0000000000105418        0x8 /opt/devkitpro/libctru/lib/libctru.a(svc.o)
                0x0000000000105418                svcReleaseMutex
 .text.svcCreateEvent
                0x0000000000105420       0x14 /opt/devkitpro/libctru/lib/libctru.a(svc.o)
                0x0000000000105420                svcCreateEvent
 .text.svcSignalEvent
                0x0000000000105434        0x8 /opt/devkitpro/libctru/lib/libctru.a(svc.o)
                0x0000000000105434                svcSignalEvent
 .text.svcClearEvent
                0x000000000010543c        0x8 /opt/devkitpro/libctru/lib/libctru.a(svc.o)
                0x000000000010543c                svcClearEvent
 .text.svcMapMemoryBlock
                0x0000000000105444        0x8 /opt/devkitpro/libctru/lib/libctru.a(svc.o)
                0x0000000000105444                svcMapMemoryBlock
 .text.svcUnmapMemoryBlock
                0x000000000010544c        0x8 /opt/devkitpro/libctru/lib/libctru.a(svc.o)
                0x000000000010544c                svcUnmapMemoryBlock
 .text.svcCreateAddressArbiter
                0x0000000000105454       0x14 /opt/devkitpro/libctru/lib/libctru.a(svc.o)
                0x0000000000105454                svcCreateAddressArbiter
 .text.svcArbitrateAddress
                0x0000000000105468       0x18 /opt/devkitpro/libctru/lib/libctru.a(svc.o)
                0x0000000000105468                svcArbitrateAddress
 .text.svcCloseHandle
                0x0000000000105480        0x8 /opt/devkitpro/libctru/lib/libctru.a(svc.o)
                0x0000000000105480                svcCloseHandle
 .text.svcWaitSynchronization
                0x0000000000105488        0x8 /opt/devkitpro/libctru/lib/libctru.a(svc.o)
                0x0000000000105488                svcWaitSynchronization
 .text.svcWaitSynchronizationN
                0x0000000000105490       0x28 /opt/devkitpro/libctru/lib/libctru.a(svc.o)
                0x0000000000105490                svcWaitSynchronizationN
 .text.svcDuplicateHandle
                0x00000000001054b8       0x14 /opt/devkitpro/libctru/lib/libctru.a(svc.o)
                0x00000000001054b8                svcDuplicateHandle
 .text.svcGetSystemTick
                0x00000000001054cc        0x8 /opt/devkitpro/libctru/lib/libctru.a(svc.o)
                0x00000000001054cc                svcGetSystemTick
 .text.svcGetSystemInfo
                0x00000000001054d4       0x18 /opt/devkitpro/libctru/lib/libctru.a(svc.o)
                0x00000000001054d4                svcGetSystemInfo
 .text.svcConnectToPort
                0x00000000001054ec       0x14 /opt/devkitpro/libctru/lib/libctru.a(svc.o)
                0x00000000001054ec                svcConnectToPort
 .text.svcSendSyncRequest
                0x0000000000105500        0x8 /opt/devkitpro/libctru/lib/libctru.a(svc.o)
                0x0000000000105500                svcSendSyncRequest
 .text.svcBreak
                0x0000000000105508        0x8 /opt/devkitpro/libctru/lib/libctru.a(svc.o)
                0x0000000000105508                svcBreak
 .text.initSystem
                0x0000000000105510       0x50 /opt/devkitpro/libctru/lib/libctru.a(stack_adjust.o)
                0x0000000000105510                initSystem
 .text.__ctru_exit
                0x0000000000105560       0x18 /opt/devkitpro/libctru/lib/libctru.a(stack_adjust.o)
                0x0000000000105560                __ctru_exit
 .text._ZL21addrMapNodeComparatorPK11rbtree_nodeS1_
                0x0000000000105578       0x24 /opt/devkitpro/libctru/lib/libctru.a(vram.o)
 .text._ZL21addrMapNodeDestructorP11rbtree_node
                0x000000000010559c        0x4 /opt/devkitpro/libctru/lib/libctru.a(vram.o)
 .text.vramMemAlign
                0x00000000001055a0      0x114 /opt/devkitpro/libctru/lib/libctru.a(vram.o)
                0x00000000001055a0                vramMemAlign
 .text.vramAlloc
                0x00000000001056b4        0x8 /opt/devkitpro/libctru/lib/libctru.a(vram.o)
                0x00000000001056b4                vramAlloc
 .text.vramFree
                0x00000000001056bc       0x5c /opt/devkitpro/libctru/lib/libctru.a(vram.o)
                0x00000000001056bc                vramFree
 .text._ZL21addrMapNodeComparatorPK11rbtree_nodeS1_
                0x0000000000105718       0x24 /opt/devkitpro/libctru/lib/libctru.a(linear.o)
 .text._ZL21addrMapNodeDestructorP11rbtree_node
                0x000000000010573c        0x4 /opt/devkitpro/libctru/lib/libctru.a(linear.o)
 .text.linearMemAlign
                0x0000000000105740      0x120 /opt/devkitpro/libctru/lib/libctru.a(linear.o)
                0x0000000000105740                linearMemAlign
 .text.linearAlloc
                0x0000000000105860        0x8 /opt/devkitpro/libctru/lib/libctru.a(linear.o)
                0x0000000000105860                linearAlloc
 .text.linearFree
                0x0000000000105868       0x5c /opt/devkitpro/libctru/lib/libctru.a(linear.o)
                0x0000000000105868                linearFree
 .text._ZN7MemPool13CoalesceRightEP8MemBlock
                0x00000000001058c4       0x84 /opt/devkitpro/libctru/lib/libctru.a(mem_pool.o)
                0x00000000001058c4                MemPool::CoalesceRight(MemBlock*)
 .text._ZN7MemPool8AllocateER8MemChunkmi
                0x0000000000105948      0x170 /opt/devkitpro/libctru/lib/libctru.a(mem_pool.o)
                0x0000000000105948                MemPool::Allocate(MemChunk&, unsigned long, int)
 .text._ZN7MemPool10DeallocateERK8MemChunk
                0x0000000000105ab8       0xfc /opt/devkitpro/libctru/lib/libctru.a(mem_pool.o)
                0x0000000000105ab8                MemPool::Deallocate(MemChunk const&)
 .text.__sync_init
                0x0000000000105bb4        0xc /opt/devkitpro/libctru/lib/libctru.a(synchronization.o)
                0x0000000000105bb4                __sync_init
 .text.__sync_fini
                0x0000000000105bc0       0x18 /opt/devkitpro/libctru/lib/libctru.a(synchronization.o)
                0x0000000000105bc0                __sync_fini
 .text.__sync_get_arbiter
                0x0000000000105bd8       0x10 /opt/devkitpro/libctru/lib/libctru.a(synchronization.o)
                0x0000000000105bd8                __sync_get_arbiter
 .text.LightLock_Init
                0x0000000000105be8       0x1c /opt/devkitpro/libctru/lib/libctru.a(synchronization.o)
                0x0000000000105be8                LightLock_Init
 .text.LightLock_Lock
                0x0000000000105c04       0x90 /opt/devkitpro/libctru/lib/libctru.a(synchronization.o)
                0x0000000000105c04                LightLock_Lock
 .text.LightLock_TryLock
                0x0000000000105c94       0x34 /opt/devkitpro/libctru/lib/libctru.a(synchronization.o)
                0x0000000000105c94                LightLock_TryLock
 .text.LightLock_Unlock
                0x0000000000105cc8       0x5c /opt/devkitpro/libctru/lib/libctru.a(synchronization.o)
                0x0000000000105cc8                LightLock_Unlock
 .text.RecursiveLock_Init
                0x0000000000105d24       0x24 /opt/devkitpro/libctru/lib/libctru.a(synchronization.o)
                0x0000000000105d24                RecursiveLock_Init
 .text.RecursiveLock_Lock
                0x0000000000105d48       0x30 /opt/devkitpro/libctru/lib/libctru.a(synchronization.o)
                0x0000000000105d48                RecursiveLock_Lock
 .text.RecursiveLock_TryLock
                0x0000000000105d78       0x5c /opt/devkitpro/libctru/lib/libctru.a(synchronization.o)
                0x0000000000105d78                RecursiveLock_TryLock
 *fill*         0x0000000000105dd4        0x4 
 .text.RecursiveLock_Unlock
                0x0000000000105dd8       0x74 /opt/devkitpro/libctru/lib/libctru.a(synchronization.o)
                0x0000000000105dd8                RecursiveLock_Unlock
 .text.LightEvent_Init
                0x0000000000105e4c       0x40 /opt/devkitpro/libctru/lib/libctru.a(synchronization.o)
                0x0000000000105e4c                LightEvent_Init
 *fill*         0x0000000000105e8c        0x4 
 .text.LightEvent_Clear
                0x0000000000105e90       0xb4 /opt/devkitpro/libctru/lib/libctru.a(synchronization.o)
                0x0000000000105e90                LightEvent_Clear
 *fill*         0x0000000000105f44        0x4 
 .text.LightEvent_Signal
                0x0000000000105f48       0xec /opt/devkitpro/libctru/lib/libctru.a(synchronization.o)
                0x0000000000105f48                LightEvent_Signal
 *fill*         0x0000000000106034        0x4 
 .text.LightEvent_Wait
                0x0000000000106038       0xc4 /opt/devkitpro/libctru/lib/libctru.a(synchronization.o)
                0x0000000000106038                LightEvent_Wait
 .text.getSysTime
                0x00000000001060fc       0x58 /opt/devkitpro/libctru/lib/libctru.a(os.o)
 .text.osGetMemRegionUsed
                0x0000000000106154       0x24 /opt/devkitpro/libctru/lib/libctru.a(os.o)
                0x0000000000106154                osGetMemRegionUsed
 .text.__libctru_gtod
                0x0000000000106178      0x128 /opt/devkitpro/libctru/lib/libctru.a(os.o)
                0x0000000000106178                __libctru_gtod
 .text.__ctru_speedup_config
                0x00000000001062a0       0x34 /opt/devkitpro/libctru/lib/libctru.a(os.o)
                0x00000000001062a0                __ctru_speedup_config
 .text.srvInit  0x00000000001062d4      0x12c /opt/devkitpro/libctru/lib/libctru.a(srv.o)
                0x00000000001062d4                srvInit
 .text.srvExit  0x0000000000106400       0x58 /opt/devkitpro/libctru/lib/libctru.a(srv.o)
                0x0000000000106400                srvExit
 .text.srvGetServiceHandleDirect
                0x0000000000106458       0x80 /opt/devkitpro/libctru/lib/libctru.a(srv.o)
                0x0000000000106458                srvGetServiceHandleDirect
 .text.srvGetServiceHandle
                0x00000000001064d8       0x48 /opt/devkitpro/libctru/lib/libctru.a(srv.o)
                0x00000000001064d8                srvGetServiceHandle
 .text.srvPublishToSubscriber
                0x0000000000106520       0x38 /opt/devkitpro/libctru/lib/libctru.a(srv.o)
                0x0000000000106520                srvPublishToSubscriber
 .text.threadCreate
                0x0000000000106558      0x188 /opt/devkitpro/libctru/lib/libctru.a(thread.o)
                0x0000000000106558                threadCreate
 .text.threadFree
                0x00000000001066e0       0x2c /opt/devkitpro/libctru/lib/libctru.a(thread.o)
                0x00000000001066e0                threadFree
 .text.threadJoin
                0x000000000010670c       0x24 /opt/devkitpro/libctru/lib/libctru.a(thread.o)
                0x000000000010670c                threadJoin
 .text.threadGetCurrent
                0x0000000000106730       0x30 /opt/devkitpro/libctru/lib/libctru.a(thread.o)
                0x0000000000106730                threadGetCurrent
 .text.threadExit
                0x0000000000106760       0x40 /opt/devkitpro/libctru/lib/libctru.a(thread.o)
                0x0000000000106760                threadExit
 .text._thread_begin
                0x00000000001067a0       0x44 /opt/devkitpro/libctru/lib/libctru.a(thread.o)
 .text.irrstInit
                0x00000000001067e4      0x160 /opt/devkitpro/libctru/lib/libctru.a(irrst.o)
                0x00000000001067e4                irrstInit
 .text.irrstExit
                0x0000000000106944       0xcc /opt/devkitpro/libctru/lib/libctru.a(irrst.o)
                0x0000000000106944                irrstExit
 .text.irrstScanInput
                0x0000000000106a10       0xb0 /opt/devkitpro/libctru/lib/libctru.a(irrst.o)
                0x0000000000106a10                irrstScanInput
 .text.irrstKeysHeld
                0x0000000000106ac0       0x24 /opt/devkitpro/libctru/lib/libctru.a(irrst.o)
                0x0000000000106ac0                irrstKeysHeld
 .text.srvPmGetSessionHandle
                0x0000000000106ae4        0xc /opt/devkitpro/libctru/lib/libctru.a(srvpm.o)
                0x0000000000106ae4                srvPmGetSessionHandle
 .text.ptmSysmInit
                0x0000000000106af0       0x74 /opt/devkitpro/libctru/lib/libctru.a(ptmsysm.o)
                0x0000000000106af0                ptmSysmInit
 .text.ptmSysmExit
                0x0000000000106b64       0x3c /opt/devkitpro/libctru/lib/libctru.a(ptmsysm.o)
                0x0000000000106b64                ptmSysmExit
 .text.PTMSYSM_ConfigureNew3DSCPU
                0x0000000000106ba0       0x34 /opt/devkitpro/libctru/lib/libctru.a(ptmsysm.o)
                0x0000000000106ba0                PTMSYSM_ConfigureNew3DSCPU
 .text.rbtree_init
                0x0000000000106bd4       0x10 /opt/devkitpro/libctru/lib/libctru.a(rbtree_init.o)
                0x0000000000106bd4                rbtree_init
 .text.do_insert
                0x0000000000106be4      0x1a0 /opt/devkitpro/libctru/lib/libctru.a(rbtree_insert.o)
 .text.rbtree_insert
                0x0000000000106d84        0x8 /opt/devkitpro/libctru/lib/libctru.a(rbtree_insert.o)
                0x0000000000106d84                rbtree_insert
 .text.rbtree_rotate
                0x0000000000106d8c       0x90 /opt/devkitpro/libctru/lib/libctru.a(rbtree_rotate.o)
                0x0000000000106d8c                rbtree_rotate
 .text.rbtree_remove
                0x0000000000106e1c      0x338 /opt/devkitpro/libctru/lib/libctru.a(rbtree_remove.o)
                0x0000000000106e1c                rbtree_remove
 .text.rbtree_find
                0x0000000000107154       0x74 /opt/devkitpro/libctru/lib/libctru.a(rbtree_find.o)
                0x0000000000107154                rbtree_find
 .text.__appInit
                0x00000000001071c8       0x1c /opt/devkitpro/libctru/lib/libctru.a(appInit.o)
                0x00000000001071c8                __appInit
 .text.__appExit
                0x00000000001071e4       0x1c /opt/devkitpro/libctru/lib/libctru.a(appExit.o)
                0x00000000001071e4                __appExit
 .text.__libctru_exit
                0x0000000000107200       0xa0 /opt/devkitpro/libctru/lib/libctru.a(ctru_exit.o)
                0x0000000000107200                __libctru_exit
 .text.envGetHandle
                0x00000000001072a0       0x84 /opt/devkitpro/libctru/lib/libctru.a(env.o)
                0x00000000001072a0                envGetHandle
 .text.envDestroyHandles
                0x0000000000107324       0x50 /opt/devkitpro/libctru/lib/libctru.a(env.o)
                0x0000000000107324                envDestroyHandles
 .text.archive_link
                0x0000000000107374       0x14 /opt/devkitpro/libctru/lib/libctru.a(archive_dev.o)
 .text.archive_dirreset
                0x0000000000107388       0x14 /opt/devkitpro/libctru/lib/libctru.a(archive_dev.o)
 .text.archive_chmod
                0x000000000010739c       0x14 /opt/devkitpro/libctru/lib/libctru.a(archive_dev.o)
 .text.error_cmp
                0x00000000001073b0       0x24 /opt/devkitpro/libctru/lib/libctru.a(archive_dev.o)
 .text.archive_translate_error
                0x00000000001073d4       0x50 /opt/devkitpro/libctru/lib/libctru.a(archive_dev.o)
 .text.archive_seek
                0x0000000000107424       0xd4 /opt/devkitpro/libctru/lib/libctru.a(archive_dev.o)
 .text._archiveInit.part.0
                0x00000000001074f8       0x7c /opt/devkitpro/libctru/lib/libctru.a(archive_dev.o)
 .text.archiveFindDevice.part.0
                0x0000000000107574       0x8c /opt/devkitpro/libctru/lib/libctru.a(archive_dev.o)
 .text.archive_utf16path
                0x0000000000107600      0x230 /opt/devkitpro/libctru/lib/libctru.a(archive_dev.o)
 .text._archiveUnmountDeviceStruct.part.0
                0x0000000000107830       0xa0 /opt/devkitpro/libctru/lib/libctru.a(archive_dev.o)
 .text.archive_fchmod
                0x00000000001078d0       0x14 /opt/devkitpro/libctru/lib/libctru.a(archive_dev.o)
 .text.archive_statvfs
                0x00000000001078e4       0x14 /opt/devkitpro/libctru/lib/libctru.a(archive_dev.o)
 .text._archiveMountDevice
                0x00000000001078f8      0x15c /opt/devkitpro/libctru/lib/libctru.a(archive_dev.o)
 .text.archive_diropen
                0x0000000000107a54       0xe8 /opt/devkitpro/libctru/lib/libctru.a(archive_dev.o)
 .text.archive_fstat
                0x0000000000107b3c       0xa4 /opt/devkitpro/libctru/lib/libctru.a(archive_dev.o)
 .text.archive_close
                0x0000000000107be0       0x6c /opt/devkitpro/libctru/lib/libctru.a(archive_dev.o)
 .text.archive_fsync
                0x0000000000107c4c       0x6c /opt/devkitpro/libctru/lib/libctru.a(archive_dev.o)
 .text.archive_dirclose
                0x0000000000107cb8       0x70 /opt/devkitpro/libctru/lib/libctru.a(archive_dev.o)
 .text.sdmc_statvfs
                0x0000000000107d28       0xe8 /opt/devkitpro/libctru/lib/libctru.a(archive_dev.o)
 .text.archive_ftruncate
                0x0000000000107e10       0x80 /opt/devkitpro/libctru/lib/libctru.a(archive_dev.o)
 .text.archive_chdir
                0x0000000000107e90       0xf8 /opt/devkitpro/libctru/lib/libctru.a(archive_dev.o)
 .text.archive_read
                0x0000000000107f88       0xb0 /opt/devkitpro/libctru/lib/libctru.a(archive_dev.o)
 .text.archive_unlink
                0x0000000000108038       0xac /opt/devkitpro/libctru/lib/libctru.a(archive_dev.o)
 .text.archive_rmdir
                0x00000000001080e4       0xc8 /opt/devkitpro/libctru/lib/libctru.a(archive_dev.o)
 .text.archive_mkdir
                0x00000000001081ac       0xec /opt/devkitpro/libctru/lib/libctru.a(archive_dev.o)
 .text.archive_stat
                0x0000000000108298      0x1a8 /opt/devkitpro/libctru/lib/libctru.a(archive_dev.o)
 .text.archive_rename
                0x0000000000108440      0x190 /opt/devkitpro/libctru/lib/libctru.a(archive_dev.o)
 .text.archive_dirnext
                0x00000000001085d0      0x168 /opt/devkitpro/libctru/lib/libctru.a(archive_dev.o)
 .text.archive_write
                0x0000000000108738      0x12c /opt/devkitpro/libctru/lib/libctru.a(archive_dev.o)
 .text.archive_open
                0x0000000000108864      0x1f0 /opt/devkitpro/libctru/lib/libctru.a(archive_dev.o)
 .text.archiveMountSdmc
                0x0000000000108a54      0x168 /opt/devkitpro/libctru/lib/libctru.a(archive_dev.o)
                0x0000000000108a54                archiveMountSdmc
 .text.archiveUnmountAll
                0x0000000000108bbc       0x54 /opt/devkitpro/libctru/lib/libctru.a(archive_dev.o)
                0x0000000000108bbc                archiveUnmountAll
 .text.fsInit   0x0000000000108c10       0xc8 /opt/devkitpro/libctru/lib/libctru.a(fs.o)
                0x0000000000108c10                fsInit
 .text.fsExit   0x0000000000108cd8       0x3c /opt/devkitpro/libctru/lib/libctru.a(fs.o)
                0x0000000000108cd8                fsExit
 .text.fsExemptFromSession
                0x0000000000108d14       0x60 /opt/devkitpro/libctru/lib/libctru.a(fs.o)
                0x0000000000108d14                fsExemptFromSession
 .text.fsUnexemptFromSession
                0x0000000000108d74       0x50 /opt/devkitpro/libctru/lib/libctru.a(fs.o)
                0x0000000000108d74                fsUnexemptFromSession
 .text.FSUSER_OpenFile
                0x0000000000108dc4       0xcc /opt/devkitpro/libctru/lib/libctru.a(fs.o)
                0x0000000000108dc4                FSUSER_OpenFile
 .text.FSUSER_DeleteFile
                0x0000000000108e90       0xbc /opt/devkitpro/libctru/lib/libctru.a(fs.o)
                0x0000000000108e90                FSUSER_DeleteFile
 .text.FSUSER_RenameFile
                0x0000000000108f4c       0xf8 /opt/devkitpro/libctru/lib/libctru.a(fs.o)
                0x0000000000108f4c                FSUSER_RenameFile
 .text.FSUSER_DeleteDirectory
                0x0000000000109044       0xbc /opt/devkitpro/libctru/lib/libctru.a(fs.o)
                0x0000000000109044                FSUSER_DeleteDirectory
 .text.FSUSER_CreateFile
                0x0000000000109100       0xd4 /opt/devkitpro/libctru/lib/libctru.a(fs.o)
                0x0000000000109100                FSUSER_CreateFile
 .text.FSUSER_CreateDirectory
                0x00000000001091d4       0xc4 /opt/devkitpro/libctru/lib/libctru.a(fs.o)
                0x00000000001091d4                FSUSER_CreateDirectory
 .text.FSUSER_RenameDirectory
                0x0000000000109298       0xf8 /opt/devkitpro/libctru/lib/libctru.a(fs.o)
                0x0000000000109298                FSUSER_RenameDirectory
 .text.FSUSER_OpenDirectory
                0x0000000000109390       0xb4 /opt/devkitpro/libctru/lib/libctru.a(fs.o)
                0x0000000000109390                FSUSER_OpenDirectory
 .text.FSUSER_OpenArchive
                0x0000000000109444       0x94 /opt/devkitpro/libctru/lib/libctru.a(fs.o)
                0x0000000000109444                FSUSER_OpenArchive
 .text.FSUSER_CloseArchive
                0x00000000001094d8       0x8c /opt/devkitpro/libctru/lib/libctru.a(fs.o)
                0x00000000001094d8                FSUSER_CloseArchive
 .text.FSUSER_GetSdmcArchiveResource
                0x0000000000109564       0x74 /opt/devkitpro/libctru/lib/libctru.a(fs.o)
                0x0000000000109564                FSUSER_GetSdmcArchiveResource
 .text.FSUSER_IsSdmcWritable
                0x00000000001095d8       0x64 /opt/devkitpro/libctru/lib/libctru.a(fs.o)
                0x00000000001095d8                FSUSER_IsSdmcWritable
 .text.FSFILE_Read
                0x000000000010963c       0x58 /opt/devkitpro/libctru/lib/libctru.a(fs.o)
                0x000000000010963c                FSFILE_Read
 .text.FSFILE_Write
                0x0000000000109694       0x60 /opt/devkitpro/libctru/lib/libctru.a(fs.o)
                0x0000000000109694                FSFILE_Write
 .text.FSFILE_GetSize
                0x00000000001096f4       0x38 /opt/devkitpro/libctru/lib/libctru.a(fs.o)
                0x00000000001096f4                FSFILE_GetSize
 .text.FSFILE_SetSize
                0x000000000010972c       0x28 /opt/devkitpro/libctru/lib/libctru.a(fs.o)
                0x000000000010972c                FSFILE_SetSize
 .text.FSFILE_Close
                0x0000000000109754       0x3c /opt/devkitpro/libctru/lib/libctru.a(fs.o)
                0x0000000000109754                FSFILE_Close
 .text.FSFILE_Flush
                0x0000000000109790       0x24 /opt/devkitpro/libctru/lib/libctru.a(fs.o)
                0x0000000000109790                FSFILE_Flush
 .text.FSDIR_Read
                0x00000000001097b4       0x50 /opt/devkitpro/libctru/lib/libctru.a(fs.o)
                0x00000000001097b4                FSDIR_Read
 .text.FSDIR_Close
                0x0000000000109804       0x3c /opt/devkitpro/libctru/lib/libctru.a(fs.o)
                0x0000000000109804                FSDIR_Close
 .text.rbtree_node_next
                0x0000000000109840       0x50 /opt/devkitpro/libctru/lib/libctru.a(rbtree_iterator.o)
                0x0000000000109840                rbtree_node_next
 .text.utf8_to_utf16
                0x0000000000109890       0xc0 /opt/devkitpro/libctru/lib/libctru.a(utf8_to_utf16.o)
                0x0000000000109890                utf8_to_utf16
 .text.decode_utf8
                0x0000000000109950      0x13c /opt/devkitpro/libctru/lib/libctru.a(decode_utf8.o)
                0x0000000000109950                decode_utf8
 .text.utf16_to_utf8
                0x0000000000109a8c       0xe8 /opt/devkitpro/libctru/lib/libctru.a(utf16_to_utf8.o)
                0x0000000000109a8c                utf16_to_utf8
 .text.__aeabi_read_tp
                0x0000000000109b74        0xc /opt/devkitpro/libctru/lib/libctru.a(readtp.o)
                0x0000000000109b74                __aeabi_read_tp
 .text.encode_utf16
                0x0000000000109b80       0x60 /opt/devkitpro/libctru/lib/libctru.a(encode_utf16.o)
                0x0000000000109b80                encode_utf16
 .text.encode_utf8
                0x0000000000109be0       0xfc /opt/devkitpro/libctru/lib/libctru.a(encode_utf8.o)
                0x0000000000109be0                encode_utf8
 .text.decode_utf16
                0x0000000000109cdc       0x64 /opt/devkitpro/libctru/lib/libctru.a(decode_utf16.o)
                0x0000000000109cdc                decode_utf16
 .text.__fixdfdi
                0x0000000000109d40       0x38 /opt/devkitpro/devkitARM/bin/../lib/gcc/arm-none-eabi/10.1.0/armv6k/fpu/libgcc.a(_fixdfdi.o)
                0x0000000000109d40                __aeabi_d2lz
                0x0000000000109d40                __fixdfdi
 .text.__fixunsdfdi
                0x0000000000109d78       0x40 /opt/devkitpro/devkitARM/bin/../lib/gcc/arm-none-eabi/10.1.0/armv6k/fpu/libgcc.a(_fixunsdfdi.o)
                0x0000000000109d78                __aeabi_d2ulz
                0x0000000000109d78                __fixunsdfdi
 .text.__udivmoddi4
                0x0000000000109db8      0x120 /opt/devkitpro/devkitARM/bin/../lib/gcc/arm-none-eabi/10.1.0/armv6k/fpu/libgcc.a(_udivmoddi4.o)
                0x0000000000109db8                __udivmoddi4
 .text.bsearch  0x0000000000109ed8       0x78 /opt/devkitpro/devkitARM/bin/../lib/gcc/arm-none-eabi/10.1.0/../../../../arm-none-eabi/lib/armv6k/fpu/libg.a(lib_a-bsearch.o)
                0x0000000000109ed8                bsearch
 .text.__errno  0x0000000000109f50        0xc /opt/devkitpro/devkitARM/bin/../lib/gcc/arm-none-eabi/10.1.0/../../../../arm-none-eabi/lib/armv6k/fpu/libg.a(lib_a-errno.o)
                0x0000000000109f50                __errno
 .text.exit     0x0000000000109f5c       0x34 /opt/devkitpro/devkitARM/bin/../lib/gcc/arm-none-eabi/10.1.0/../../../../arm-none-eabi/lib/armv6k/fpu/libg.a(lib_a-exit.o)
                0x0000000000109f5c                exit
 .text.__libc_fini_array
                0x0000000000109f90       0x3c /opt/devkitpro/devkitARM/bin/../lib/gcc/arm-none-eabi/10.1.0/../../../../arm-none-eabi/lib/armv6k/fpu/libg.a(lib_a-fini.o)
                0x0000000000109f90                __libc_fini_array
 .text.__libc_init_array
                0x0000000000109fcc       0x7c /opt/devkitpro/devkitARM/bin/../lib/gcc/arm-none-eabi/10.1.0/../../../../arm-none-eabi/lib/armv6k/fpu/libg.a(lib_a-init.o)
                0x0000000000109fcc                __libc_init_array
 .text.memalign
                0x000000000010a048       0x28 /opt/devkitpro/devkitARM/bin/../lib/gcc/arm-none-eabi/10.1.0/../../../../arm-none-eabi/lib/armv6k/fpu/libg.a(lib_a-malign.o)
                0x000000000010a048                memalign
 .text._memalign_r
                0x000000000010a070      0x148 /opt/devkitpro/devkitARM/bin/../lib/gcc/arm-none-eabi/10.1.0/../../../../arm-none-eabi/lib/armv6k/fpu/libg.a(lib_a-malignr.o)
                0x000000000010a070                _memalign_r
 .text.malloc   0x000000000010a1b8       0x20 /opt/devkitpro/devkitARM/bin/../lib/gcc/arm-none-eabi/10.1.0/../../../../arm-none-eabi/lib/armv6k/fpu/libg.a(lib_a-malloc.o)
                0x000000000010a1b8                malloc
 .text.free     0x000000000010a1d8       0x20 /opt/devkitpro/devkitARM/bin/../lib/gcc/arm-none-eabi/10.1.0/../../../../arm-none-eabi/lib/armv6k/fpu/libg.a(lib_a-malloc.o)
                0x000000000010a1d8                free
 .text._malloc_r
                0x000000000010a1f8      0x7f0 /opt/devkitpro/devkitARM/bin/../lib/gcc/arm-none-eabi/10.1.0/../../../../arm-none-eabi/lib/armv6k/fpu/libg.a(lib_a-mallocr.o)
                0x000000000010a1f8                _malloc_r
 .text.memchr   0x000000000010a9e8       0xe0 /opt/devkitpro/devkitARM/bin/../lib/gcc/arm-none-eabi/10.1.0/../../../../arm-none-eabi/lib/armv6k/fpu/libg.a(lib_a-memchr-stub.o)
                0x000000000010a9e8                memchr
 .text.memcpy   0x000000000010aac8      0x11c /opt/devkitpro/devkitARM/bin/../lib/gcc/arm-none-eabi/10.1.0/../../../../arm-none-eabi/lib/armv6k/fpu/libg.a(lib_a-memcpy-stub.o)
                0x000000000010aac8                memcpy
 .text.memset   0x000000000010abe4      0x118 /opt/devkitpro/devkitARM/bin/../lib/gcc/arm-none-eabi/10.1.0/../../../../arm-none-eabi/lib/armv6k/fpu/libg.a(lib_a-memset.o)
                0x000000000010abe4                memset
 .text.__malloc_lock
                0x000000000010acfc        0xc /opt/devkitpro/devkitARM/bin/../lib/gcc/arm-none-eabi/10.1.0/../../../../arm-none-eabi/lib/armv6k/fpu/libg.a(lib_a-mlock.o)
                0x000000000010acfc                __malloc_lock
 .text.__malloc_unlock
                0x000000000010ad08        0xc /opt/devkitpro/devkitARM/bin/../lib/gcc/arm-none-eabi/10.1.0/../../../../arm-none-eabi/lib/armv6k/fpu/libg.a(lib_a-mlock.o)
                0x000000000010ad08                __malloc_unlock
 .text.printf   0x000000000010ad14       0x34 /opt/devkitpro/devkitARM/bin/../lib/gcc/arm-none-eabi/10.1.0/../../../../arm-none-eabi/lib/armv6k/fpu/libg.a(lib_a-printf.o)
                0x000000000010ad14                printf
 .text.setvbuf  0x000000000010ad48      0x260 /opt/devkitpro/devkitARM/bin/../lib/gcc/arm-none-eabi/10.1.0/../../../../arm-none-eabi/lib/armv6k/fpu/libg.a(lib_a-setvbuf.o)
                0x000000000010ad48                setvbuf
 .text.sscanf   0x000000000010afa8       0x74 /opt/devkitpro/devkitARM/bin/../lib/gcc/arm-none-eabi/10.1.0/../../../../arm-none-eabi/lib/armv6k/fpu/libg.a(lib_a-sscanf.o)
                0x000000000010afa8                sscanf
 .text.__sread  0x000000000010b01c       0x44 /opt/devkitpro/devkitARM/bin/../lib/gcc/arm-none-eabi/10.1.0/../../../../arm-none-eabi/lib/armv6k/fpu/libg.a(lib_a-stdio.o)
                0x000000000010b01c                __sread
 .text.__seofread
                0x000000000010b060        0x8 /opt/devkitpro/devkitARM/bin/../lib/gcc/arm-none-eabi/10.1.0/../../../../arm-none-eabi/lib/armv6k/fpu/libg.a(lib_a-stdio.o)
                0x000000000010b060                __seofread
 .text.__swrite
                0x000000000010b068       0x68 /opt/devkitpro/devkitARM/bin/../lib/gcc/arm-none-eabi/10.1.0/../../../../arm-none-eabi/lib/armv6k/fpu/libg.a(lib_a-stdio.o)
                0x000000000010b068                __swrite
 .text.__sseek  0x000000000010b0d0       0x48 /opt/devkitpro/devkitARM/bin/../lib/gcc/arm-none-eabi/10.1.0/../../../../arm-none-eabi/lib/armv6k/fpu/libg.a(lib_a-stdio.o)
                0x000000000010b0d0                __sseek
 .text.__sclose
                0x000000000010b118        0x8 /opt/devkitpro/devkitARM/bin/../lib/gcc/arm-none-eabi/10.1.0/../../../../arm-none-eabi/lib/armv6k/fpu/libg.a(lib_a-stdio.o)
                0x000000000010b118                __sclose
 .text.strlen   0x000000000010b120       0x5c /opt/devkitpro/devkitARM/bin/../lib/gcc/arm-none-eabi/10.1.0/../../../../arm-none-eabi/lib/armv6k/fpu/libg.a(lib_a-strlen-stub.o)
                0x000000000010b120                strlen
 .text.strncat  0x000000000010b17c       0xec /opt/devkitpro/devkitARM/bin/../lib/gcc/arm-none-eabi/10.1.0/../../../../arm-none-eabi/lib/armv6k/fpu/libg.a(lib_a-strncat.o)
                0x000000000010b17c                strncat
 .text.strncmp  0x000000000010b268       0xdc /opt/devkitpro/devkitARM/bin/../lib/gcc/arm-none-eabi/10.1.0/../../../../arm-none-eabi/lib/armv6k/fpu/libg.a(lib_a-strncmp.o)
                0x000000000010b268                strncmp
 .text.strncpy  0x000000000010b344       0xc0 /opt/devkitpro/devkitARM/bin/../lib/gcc/arm-none-eabi/10.1.0/../../../../arm-none-eabi/lib/armv6k/fpu/libg.a(lib_a-strncpy.o)
                0x000000000010b344                strncpy
 .text.strnlen  0x000000000010b404       0x48 /opt/devkitpro/devkitARM/bin/../lib/gcc/arm-none-eabi/10.1.0/../../../../arm-none-eabi/lib/armv6k/fpu/libg.a(lib_a-strnlen.o)
                0x000000000010b404                strnlen
 .text.get_arg  0x000000000010b44c       0x50 /opt/devkitpro/devkitARM/bin/../lib/gcc/arm-none-eabi/10.1.0/../../../../arm-none-eabi/lib/armv6k/fpu/libg.a(lib_a-svfscanf.o)
 .text.__ssvfscanf_r
                0x000000000010b49c     0x2b68 /opt/devkitpro/devkitARM/bin/../lib/gcc/arm-none-eabi/10.1.0/../../../../arm-none-eabi/lib/armv6k/fpu/libg.a(lib_a-svfscanf.o)
                0x000000000010b49c                __ssvfscanf_r
 .text.get_arg  0x000000000010e004      0x64c /opt/devkitpro/devkitARM/bin/../lib/gcc/arm-none-eabi/10.1.0/../../../../arm-none-eabi/lib/armv6k/fpu/libg.a(lib_a-vfiprintf.o)
 .text.__sprint_r
                0x000000000010e650       0x34 /opt/devkitpro/devkitARM/bin/../lib/gcc/arm-none-eabi/10.1.0/../../../../arm-none-eabi/lib/armv6k/fpu/libg.a(lib_a-vfiprintf.o)
                0x000000000010e650                __sprint_r
 .text._vfiprintf_r
                0x000000000010e684     0x2584 /opt/devkitpro/devkitARM/bin/../lib/gcc/arm-none-eabi/10.1.0/../../../../arm-none-eabi/lib/armv6k/fpu/libg.a(lib_a-vfiprintf.o)
                0x000000000010e684                _vfiprintf_r
 .text.__sbprintf
                0x0000000000110c08       0xd4 /opt/devkitpro/devkitARM/bin/../lib/gcc/arm-none-eabi/10.1.0/../../../../arm-none-eabi/lib/armv6k/fpu/libg.a(lib_a-vfiprintf.o)
 .text.get_arg  0x0000000000110cdc      0x64c /opt/devkitpro/devkitARM/bin/../lib/gcc/arm-none-eabi/10.1.0/../../../../arm-none-eabi/lib/armv6k/fpu/libg.a(lib_a-vfprintf.o)
 .text._vfprintf_r
                0x0000000000111328     0x38d4 /opt/devkitpro/devkitARM/bin/../lib/gcc/arm-none-eabi/10.1.0/../../../../arm-none-eabi/lib/armv6k/fpu/libg.a(lib_a-vfprintf.o)
                0x0000000000111328                _vfprintf_r
 .text.__sbprintf
                0x0000000000114bfc       0xd4 /opt/devkitpro/devkitARM/bin/../lib/gcc/arm-none-eabi/10.1.0/../../../../arm-none-eabi/lib/armv6k/fpu/libg.a(lib_a-vfprintf.o)
 .text._wcrtomb_r
                0x0000000000114cd0       0x54 /opt/devkitpro/devkitARM/bin/../lib/gcc/arm-none-eabi/10.1.0/../../../../arm-none-eabi/lib/armv6k/fpu/libg.a(lib_a-wcrtomb.o)
                0x0000000000114cd0                _wcrtomb_r
 .text._wcsrtombs_r
                0x0000000000114d24       0x28 /opt/devkitpro/devkitARM/bin/../lib/gcc/arm-none-eabi/10.1.0/../../../../arm-none-eabi/lib/armv6k/fpu/libg.a(lib_a-wcsrtombs.o)
                0x0000000000114d24                _wcsrtombs_r
 .text.__swsetup_r
                0x0000000000114d4c      0x154 /opt/devkitpro/devkitARM/bin/../lib/gcc/arm-none-eabi/10.1.0/../../../../arm-none-eabi/lib/armv6k/fpu/libg.a(lib_a-wsetup.o)
                0x0000000000114d4c                __swsetup_r
 .text.__call_exitprocs
                0x0000000000114ea0      0x114 /opt/devkitpro/devkitARM/bin/../lib/gcc/arm-none-eabi/10.1.0/../../../../arm-none-eabi/lib/armv6k/fpu/libg.a(lib_a-__call_atexit.o)
                0x0000000000114ea0                __call_exitprocs
 .text.quorem   0x0000000000114fb4      0x1a8 /opt/devkitpro/devkitARM/bin/../lib/gcc/arm-none-eabi/10.1.0/../../../../arm-none-eabi/lib/armv6k/fpu/libg.a(lib_a-dtoa.o)
 *fill*         0x000000000011515c        0x4 
 .text._dtoa_r  0x0000000000115160     0x12ec /opt/devkitpro/devkitARM/bin/../lib/gcc/arm-none-eabi/10.1.0/../../../../arm-none-eabi/lib/armv6k/fpu/libg.a(lib_a-dtoa.o)
                0x0000000000115160                _dtoa_r
 .text.__sflush_r
                0x000000000011644c      0x258 /opt/devkitpro/devkitARM/bin/../lib/gcc/arm-none-eabi/10.1.0/../../../../arm-none-eabi/lib/armv6k/fpu/libg.a(lib_a-fflush.o)
                0x000000000011644c                __sflush_r
 .text._fflush_r
                0x00000000001166a4       0x94 /opt/devkitpro/devkitARM/bin/../lib/gcc/arm-none-eabi/10.1.0/../../../../arm-none-eabi/lib/armv6k/fpu/libg.a(lib_a-fflush.o)
                0x00000000001166a4                _fflush_r
 .text._cleanup_r
                0x0000000000116738        0xc /opt/devkitpro/devkitARM/bin/../lib/gcc/arm-none-eabi/10.1.0/../../../../arm-none-eabi/lib/armv6k/fpu/libg.a(lib_a-findfp.o)
                0x0000000000116738                _cleanup_r
 .text.__sinit  0x0000000000116744      0x184 /opt/devkitpro/devkitARM/bin/../lib/gcc/arm-none-eabi/10.1.0/../../../../arm-none-eabi/lib/armv6k/fpu/libg.a(lib_a-findfp.o)
                0x0000000000116744                __sinit
 .text.__sfp_lock_acquire
                0x00000000001168c8        0xc /opt/devkitpro/devkitARM/bin/../lib/gcc/arm-none-eabi/10.1.0/../../../../arm-none-eabi/lib/armv6k/fpu/libg.a(lib_a-findfp.o)
                0x00000000001168c8                __sfp_lock_acquire
 .text.__sfp_lock_release
                0x00000000001168d4        0xc /opt/devkitpro/devkitARM/bin/../lib/gcc/arm-none-eabi/10.1.0/../../../../arm-none-eabi/lib/armv6k/fpu/libg.a(lib_a-findfp.o)
                0x00000000001168d4                __sfp_lock_release
 .text._malloc_trim_r
                0x00000000001168e0       0xf8 /opt/devkitpro/devkitARM/bin/../lib/gcc/arm-none-eabi/10.1.0/../../../../arm-none-eabi/lib/armv6k/fpu/libg.a(lib_a-freer.o)
                0x00000000001168e0                _malloc_trim_r
 .text._free_r  0x00000000001169d8      0x2e4 /opt/devkitpro/devkitARM/bin/../lib/gcc/arm-none-eabi/10.1.0/../../../../arm-none-eabi/lib/armv6k/fpu/libg.a(lib_a-freer.o)
                0x00000000001169d8                _free_r
 .text.__sfvwrite_r
                0x0000000000116cbc      0x4a4 /opt/devkitpro/devkitARM/bin/../lib/gcc/arm-none-eabi/10.1.0/../../../../arm-none-eabi/lib/armv6k/fpu/libg.a(lib_a-fvwrite.o)
                0x0000000000116cbc                __sfvwrite_r
 .text._fwalk_reent
                0x0000000000117160       0x70 /opt/devkitpro/devkitARM/bin/../lib/gcc/arm-none-eabi/10.1.0/../../../../arm-none-eabi/lib/armv6k/fpu/libg.a(lib_a-fwalk.o)
                0x0000000000117160                _fwalk_reent
 .text.iswspace
                0x00000000001171d0        0x8 /opt/devkitpro/devkitARM/bin/../lib/gcc/arm-none-eabi/10.1.0/../../../../arm-none-eabi/lib/armv6k/fpu/libg.a(lib_a-iswspace.o)
                0x00000000001171d0                iswspace
 .text._localeconv_r
                0x00000000001171d8        0xc /opt/devkitpro/devkitARM/bin/../lib/gcc/arm-none-eabi/10.1.0/../../../../arm-none-eabi/lib/armv6k/fpu/libg.a(lib_a-localeconv.o)
                0x00000000001171d8                _localeconv_r
 .text.__locale_mb_cur_max
                0x00000000001171e4       0x10 /opt/devkitpro/devkitARM/bin/../lib/gcc/arm-none-eabi/10.1.0/../../../../arm-none-eabi/lib/armv6k/fpu/libg.a(lib_a-locale.o)
                0x00000000001171e4                __locale_mb_cur_max
 .text.__smakebuf_r
                0x00000000001171f4      0x138 /opt/devkitpro/devkitARM/bin/../lib/gcc/arm-none-eabi/10.1.0/../../../../arm-none-eabi/lib/armv6k/fpu/libg.a(lib_a-makebuf.o)
                0x00000000001171f4                __smakebuf_r
 .text.__swhatbuf_r
                0x000000000011732c       0x94 /opt/devkitpro/devkitARM/bin/../lib/gcc/arm-none-eabi/10.1.0/../../../../arm-none-eabi/lib/armv6k/fpu/libg.a(lib_a-makebuf.o)
                0x000000000011732c                __swhatbuf_r
 .text._mbrtowc_r
                0x00000000001173c0       0x68 /opt/devkitpro/devkitARM/bin/../lib/gcc/arm-none-eabi/10.1.0/../../../../arm-none-eabi/lib/armv6k/fpu/libg.a(lib_a-mbrtowc.o)
                0x00000000001173c0                _mbrtowc_r
 .text.__utf8_mbtowc
                0x0000000000117428      0x2fc /opt/devkitpro/devkitARM/bin/../lib/gcc/arm-none-eabi/10.1.0/../../../../arm-none-eabi/lib/armv6k/fpu/libg.a(lib_a-mbtowc_r.o)
                0x0000000000117428                __utf8_mbtowc
 .text.memmove  0x0000000000117724      0x154 /opt/devkitpro/devkitARM/bin/../lib/gcc/arm-none-eabi/10.1.0/../../../../arm-none-eabi/lib/armv6k/fpu/libg.a(lib_a-memmove.o)
                0x0000000000117724                memmove
 .text._Balloc  0x0000000000117878       0x88 /opt/devkitpro/devkitARM/bin/../lib/gcc/arm-none-eabi/10.1.0/../../../../arm-none-eabi/lib/armv6k/fpu/libg.a(lib_a-mprec.o)
                0x0000000000117878                _Balloc
 .text._Bfree   0x0000000000117900       0x1c /opt/devkitpro/devkitARM/bin/../lib/gcc/arm-none-eabi/10.1.0/../../../../arm-none-eabi/lib/armv6k/fpu/libg.a(lib_a-mprec.o)
                0x0000000000117900                _Bfree
 .text.__multadd
                0x000000000011791c       0xf4 /opt/devkitpro/devkitARM/bin/../lib/gcc/arm-none-eabi/10.1.0/../../../../arm-none-eabi/lib/armv6k/fpu/libg.a(lib_a-mprec.o)
                0x000000000011791c                __multadd
 .text.__s2b    0x0000000000117a10      0x110 /opt/devkitpro/devkitARM/bin/../lib/gcc/arm-none-eabi/10.1.0/../../../../arm-none-eabi/lib/armv6k/fpu/libg.a(lib_a-mprec.o)
                0x0000000000117a10                __s2b
 .text.__hi0bits
                0x0000000000117b20       0x58 /opt/devkitpro/devkitARM/bin/../lib/gcc/arm-none-eabi/10.1.0/../../../../arm-none-eabi/lib/armv6k/fpu/libg.a(lib_a-mprec.o)
                0x0000000000117b20                __hi0bits
 .text.__lo0bits
                0x0000000000117b78       0x9c /opt/devkitpro/devkitARM/bin/../lib/gcc/arm-none-eabi/10.1.0/../../../../arm-none-eabi/lib/armv6k/fpu/libg.a(lib_a-mprec.o)
                0x0000000000117b78                __lo0bits
 .text.__i2b    0x0000000000117c14       0xa4 /opt/devkitpro/devkitARM/bin/../lib/gcc/arm-none-eabi/10.1.0/../../../../arm-none-eabi/lib/armv6k/fpu/libg.a(lib_a-mprec.o)
                0x0000000000117c14                __i2b
 .text.__multiply
                0x0000000000117cb8      0x204 /opt/devkitpro/devkitARM/bin/../lib/gcc/arm-none-eabi/10.1.0/../../../../arm-none-eabi/lib/armv6k/fpu/libg.a(lib_a-mprec.o)
                0x0000000000117cb8                __multiply
 .text.__pow5mult
                0x0000000000117ebc      0x120 /opt/devkitpro/devkitARM/bin/../lib/gcc/arm-none-eabi/10.1.0/../../../../arm-none-eabi/lib/armv6k/fpu/libg.a(lib_a-mprec.o)
                0x0000000000117ebc                __pow5mult
 .text.__lshift
                0x0000000000117fdc      0x13c /opt/devkitpro/devkitARM/bin/../lib/gcc/arm-none-eabi/10.1.0/../../../../arm-none-eabi/lib/armv6k/fpu/libg.a(lib_a-mprec.o)
                0x0000000000117fdc                __lshift
 .text.__mcmp   0x0000000000118118       0x58 /opt/devkitpro/devkitARM/bin/../lib/gcc/arm-none-eabi/10.1.0/../../../../arm-none-eabi/lib/armv6k/fpu/libg.a(lib_a-mprec.o)
                0x0000000000118118                __mcmp
 .text.__mdiff  0x0000000000118170      0x1cc /opt/devkitpro/devkitARM/bin/../lib/gcc/arm-none-eabi/10.1.0/../../../../arm-none-eabi/lib/armv6k/fpu/libg.a(lib_a-mprec.o)
                0x0000000000118170                __mdiff
 .text.__ulp    0x000000000011833c       0x88 /opt/devkitpro/devkitARM/bin/../lib/gcc/arm-none-eabi/10.1.0/../../../../arm-none-eabi/lib/armv6k/fpu/libg.a(lib_a-mprec.o)
                0x000000000011833c                __ulp
 .text.__b2d    0x00000000001183c4       0xd4 /opt/devkitpro/devkitARM/bin/../lib/gcc/arm-none-eabi/10.1.0/../../../../arm-none-eabi/lib/armv6k/fpu/libg.a(lib_a-mprec.o)
                0x00000000001183c4                __b2d
 .text.__d2b    0x0000000000118498      0x12c /opt/devkitpro/devkitARM/bin/../lib/gcc/arm-none-eabi/10.1.0/../../../../arm-none-eabi/lib/armv6k/fpu/libg.a(lib_a-mprec.o)
                0x0000000000118498                __d2b
 .text.__ratio  0x00000000001185c4       0x78 /opt/devkitpro/devkitARM/bin/../lib/gcc/arm-none-eabi/10.1.0/../../../../arm-none-eabi/lib/armv6k/fpu/libg.a(lib_a-mprec.o)
                0x00000000001185c4                __ratio
 .text.__copybits
                0x000000000011863c       0x88 /opt/devkitpro/devkitARM/bin/../lib/gcc/arm-none-eabi/10.1.0/../../../../arm-none-eabi/lib/armv6k/fpu/libg.a(lib_a-mprec.o)
                0x000000000011863c                __copybits
 .text.__any_on
                0x00000000001186c4       0x5c /opt/devkitpro/devkitARM/bin/../lib/gcc/arm-none-eabi/10.1.0/../../../../arm-none-eabi/lib/armv6k/fpu/libg.a(lib_a-mprec.o)
                0x00000000001186c4                __any_on
 .text.realloc  0x0000000000118720       0x28 /opt/devkitpro/devkitARM/bin/../lib/gcc/arm-none-eabi/10.1.0/../../../../arm-none-eabi/lib/armv6k/fpu/libg.a(lib_a-realloc.o)
                0x0000000000118720                realloc
 .text._realloc_r
                0x0000000000118748      0x598 /opt/devkitpro/devkitARM/bin/../lib/gcc/arm-none-eabi/10.1.0/../../../../arm-none-eabi/lib/armv6k/fpu/libg.a(lib_a-reallocr.o)
                0x0000000000118748                _realloc_r
 .text.__sccl   0x0000000000118ce0       0xe4 /opt/devkitpro/devkitARM/bin/../lib/gcc/arm-none-eabi/10.1.0/../../../../arm-none-eabi/lib/armv6k/fpu/libg.a(lib_a-sccl.o)
                0x0000000000118ce0                __sccl
 .text.nanf     0x0000000000118dc4        0xc /opt/devkitpro/devkitARM/bin/../lib/gcc/arm-none-eabi/10.1.0/../../../../arm-none-eabi/lib/armv6k/fpu/libg.a(lib_a-sf_nan.o)
                0x0000000000118dc4                nanf
 .text.frexp    0x0000000000118dd0       0xa8 /opt/devkitpro/devkitARM/bin/../lib/gcc/arm-none-eabi/10.1.0/../../../../arm-none-eabi/lib/armv6k/fpu/libg.a(lib_a-s_frexp.o)
                0x0000000000118dd0                frexp
 .text.sprintf  0x0000000000118e78       0x64 /opt/devkitpro/devkitARM/bin/../lib/gcc/arm-none-eabi/10.1.0/../../../../arm-none-eabi/lib/armv6k/fpu/libg.a(lib_a-sprintf.o)
                0x0000000000118e78                sprintf
 .text.stpncpy  0x0000000000118edc       0xb8 /opt/devkitpro/devkitARM/bin/../lib/gcc/arm-none-eabi/10.1.0/../../../../arm-none-eabi/lib/armv6k/fpu/libg.a(lib_a-stpncpy.o)
                0x0000000000118edc                stpncpy
 .text.strchr   0x0000000000118f94      0x144 /opt/devkitpro/devkitARM/bin/../lib/gcc/arm-none-eabi/10.1.0/../../../../arm-none-eabi/lib/armv6k/fpu/libg.a(lib_a-strchr.o)
                0x0000000000118f94                strchr
 .text._strtod_l
                0x00000000001190d8     0x130c /opt/devkitpro/devkitARM/bin/../lib/gcc/arm-none-eabi/10.1.0/../../../../arm-none-eabi/lib/armv6k/fpu/libg.a(lib_a-strtod.o)
                0x00000000001190d8                _strtod_l
 .text._strtod_r
                0x000000000011a3e4        0xc /opt/devkitpro/devkitARM/bin/../lib/gcc/arm-none-eabi/10.1.0/../../../../arm-none-eabi/lib/armv6k/fpu/libg.a(lib_a-strtod.o)
                0x000000000011a3e4                _strtod_r
 .text._strtoll_l.constprop.0
                0x000000000011a3f0      0x22c /opt/devkitpro/devkitARM/bin/../lib/gcc/arm-none-eabi/10.1.0/../../../../arm-none-eabi/lib/armv6k/fpu/libg.a(lib_a-strtoll.o)
 .text._strtoll_r
                0x000000000011a61c        0x4 /opt/devkitpro/devkitARM/bin/../lib/gcc/arm-none-eabi/10.1.0/../../../../arm-none-eabi/lib/armv6k/fpu/libg.a(lib_a-strtoll.o)
                0x000000000011a61c                _strtoll_r
 .text._strtol_l.part.0
                0x000000000011a620      0x1b0 /opt/devkitpro/devkitARM/bin/../lib/gcc/arm-none-eabi/10.1.0/../../../../arm-none-eabi/lib/armv6k/fpu/libg.a(lib_a-strtol.o)
 .text._strtol_r
                0x000000000011a7d0       0x3c /opt/devkitpro/devkitARM/bin/../lib/gcc/arm-none-eabi/10.1.0/../../../../arm-none-eabi/lib/armv6k/fpu/libg.a(lib_a-strtol.o)
                0x000000000011a7d0                _strtol_r
 .text._strtoull_l.constprop.0
                0x000000000011a80c      0x244 /opt/devkitpro/devkitARM/bin/../lib/gcc/arm-none-eabi/10.1.0/../../../../arm-none-eabi/lib/armv6k/fpu/libg.a(lib_a-strtoull.o)
 .text._strtoull_r
                0x000000000011aa50        0x4 /opt/devkitpro/devkitARM/bin/../lib/gcc/arm-none-eabi/10.1.0/../../../../arm-none-eabi/lib/armv6k/fpu/libg.a(lib_a-strtoull.o)
                0x000000000011aa50                _strtoull_r
 .text._strtoul_l.constprop.0
                0x000000000011aa54      0x1c8 /opt/devkitpro/devkitARM/bin/../lib/gcc/arm-none-eabi/10.1.0/../../../../arm-none-eabi/lib/armv6k/fpu/libg.a(lib_a-strtoul.o)
 .text._strtoul_r
                0x000000000011ac1c        0x4 /opt/devkitpro/devkitARM/bin/../lib/gcc/arm-none-eabi/10.1.0/../../../../arm-none-eabi/lib/armv6k/fpu/libg.a(lib_a-strtoul.o)
                0x000000000011ac1c                _strtoul_r
 .text.__ssprint_r
                0x000000000011ac20      0x188 /opt/devkitpro/devkitARM/bin/../lib/gcc/arm-none-eabi/10.1.0/../../../../arm-none-eabi/lib/armv6k/fpu/libg.a(lib_a-svfiprintf.o)
                0x000000000011ac20                __ssprint_r
 .text._sungetc_r
                0x000000000011ada8       0xe0 /opt/devkitpro/devkitARM/bin/../lib/gcc/arm-none-eabi/10.1.0/../../../../arm-none-eabi/lib/armv6k/fpu/libg.a(lib_a-svfiscanf.o)
                0x000000000011ada8                _sungetc_r
 .text.__ssrefill_r
                0x000000000011ae88       0x6c /opt/devkitpro/devkitARM/bin/../lib/gcc/arm-none-eabi/10.1.0/../../../../arm-none-eabi/lib/armv6k/fpu/libg.a(lib_a-svfiscanf.o)
                0x000000000011ae88                __ssrefill_r
 .text._sfread_r
                0x000000000011aef4       0xc8 /opt/devkitpro/devkitARM/bin/../lib/gcc/arm-none-eabi/10.1.0/../../../../arm-none-eabi/lib/armv6k/fpu/libg.a(lib_a-svfiscanf.o)
                0x000000000011aef4                _sfread_r
 .text.get_arg  0x000000000011afbc      0x64c /opt/devkitpro/devkitARM/bin/../lib/gcc/arm-none-eabi/10.1.0/../../../../arm-none-eabi/lib/armv6k/fpu/libg.a(lib_a-svfprintf.o)
 .text._svfprintf_r
                0x000000000011b608     0x3808 /opt/devkitpro/devkitARM/bin/../lib/gcc/arm-none-eabi/10.1.0/../../../../arm-none-eabi/lib/armv6k/fpu/libg.a(lib_a-svfprintf.o)
                0x000000000011b608                _svfprintf_r
 .text.__submore
                0x000000000011ee10       0xa8 /opt/devkitpro/devkitARM/bin/../lib/gcc/arm-none-eabi/10.1.0/../../../../arm-none-eabi/lib/armv6k/fpu/libg.a(lib_a-ungetc.o)
                0x000000000011ee10                __submore
 .text._wcsnrtombs_l
                0x000000000011eeb8      0x190 /opt/devkitpro/devkitARM/bin/../lib/gcc/arm-none-eabi/10.1.0/../../../../arm-none-eabi/lib/armv6k/fpu/libg.a(lib_a-wcsnrtombs.o)
                0x000000000011eeb8                _wcsnrtombs_l
 .text._wcsnrtombs_r
                0x000000000011f048       0x4c /opt/devkitpro/devkitARM/bin/../lib/gcc/arm-none-eabi/10.1.0/../../../../arm-none-eabi/lib/armv6k/fpu/libg.a(lib_a-wcsnrtombs.o)
                0x000000000011f048                _wcsnrtombs_r
 .text.__utf8_wctomb
                0x000000000011f094       0xf0 /opt/devkitpro/devkitARM/bin/../lib/gcc/arm-none-eabi/10.1.0/../../../../arm-none-eabi/lib/armv6k/fpu/libg.a(lib_a-wctomb_r.o)
                0x000000000011f094                __utf8_wctomb
 .text.__assert_func
                0x000000000011f184       0x5c /opt/devkitpro/devkitARM/bin/../lib/gcc/arm-none-eabi/10.1.0/../../../../arm-none-eabi/lib/armv6k/fpu/libg.a(lib_a-assert.o)
                0x000000000011f184                __assert_func
 .text._calloc_r
                0x000000000011f1e0       0x94 /opt/devkitpro/devkitARM/bin/../lib/gcc/arm-none-eabi/10.1.0/../../../../arm-none-eabi/lib/armv6k/fpu/libg.a(lib_a-callocr.o)
                0x000000000011f1e0                _calloc_r
 .text._fclose_r
                0x000000000011f274      0x160 /opt/devkitpro/devkitARM/bin/../lib/gcc/arm-none-eabi/10.1.0/../../../../arm-none-eabi/lib/armv6k/fpu/libg.a(lib_a-fclose.o)
                0x000000000011f274                _fclose_r
 .text.fiprintf
                0x000000000011f3d4       0x3c /opt/devkitpro/devkitARM/bin/../lib/gcc/arm-none-eabi/10.1.0/../../../../arm-none-eabi/lib/armv6k/fpu/libg.a(lib_a-fiprintf.o)
                0x000000000011f3d4                fiprintf
 .text.rshift   0x000000000011f410       0xec /opt/devkitpro/devkitARM/bin/../lib/gcc/arm-none-eabi/10.1.0/../../../../arm-none-eabi/lib/armv6k/fpu/libg.a(lib_a-gdtoa-gethex.o)
 .text.__gethex
                0x000000000011f4fc      0x928 /opt/devkitpro/devkitARM/bin/../lib/gcc/arm-none-eabi/10.1.0/../../../../arm-none-eabi/lib/armv6k/fpu/libg.a(lib_a-gdtoa-gethex.o)
                0x000000000011f4fc                __gethex
 .text.__match  0x000000000011fe24       0x4c /opt/devkitpro/devkitARM/bin/../lib/gcc/arm-none-eabi/10.1.0/../../../../arm-none-eabi/lib/armv6k/fpu/libg.a(lib_a-gdtoa-hexnan.o)
                0x000000000011fe24                __match
 .text.__hexnan
                0x000000000011fe70      0x29c /opt/devkitpro/devkitARM/bin/../lib/gcc/arm-none-eabi/10.1.0/../../../../arm-none-eabi/lib/armv6k/fpu/libg.a(lib_a-gdtoa-hexnan.o)
                0x000000000011fe70                __hexnan
 .text.iswspace_l
                0x000000000012010c       0x3c /opt/devkitpro/devkitARM/bin/../lib/gcc/arm-none-eabi/10.1.0/../../../../arm-none-eabi/lib/armv6k/fpu/libg.a(lib_a-iswspace_l.o)
                0x000000000012010c                iswspace_l
 .text.__jp2uc  0x0000000000120148      0x1d4 /opt/devkitpro/devkitARM/bin/../lib/gcc/arm-none-eabi/10.1.0/../../../../arm-none-eabi/lib/armv6k/fpu/libg.a(lib_a-jp2uc.o)
 .text._jp2uc_l
                0x000000000012031c       0x9c /opt/devkitpro/devkitARM/bin/../lib/gcc/arm-none-eabi/10.1.0/../../../../arm-none-eabi/lib/armv6k/fpu/libg.a(lib_a-jp2uc.o)
                0x000000000012031c                _jp2uc_l
 .text.nan      0x00000000001203b8       0x10 /opt/devkitpro/devkitARM/bin/../lib/gcc/arm-none-eabi/10.1.0/../../../../arm-none-eabi/lib/armv6k/fpu/libg.a(lib_a-s_nan.o)
                0x00000000001203b8                nan
 .text.abort    0x00000000001203c8       0x14 /opt/devkitpro/devkitARM/bin/../lib/gcc/arm-none-eabi/10.1.0/../../../../arm-none-eabi/lib/armv6k/fpu/libg.a(lib_a-abort.o)
                0x00000000001203c8                abort
 .text.category
                0x00000000001203dc       0x84 /opt/devkitpro/devkitARM/bin/../lib/gcc/arm-none-eabi/10.1.0/../../../../arm-none-eabi/lib/armv6k/fpu/libg.a(lib_a-categories.o)
                0x00000000001203dc                category
 .text._raise_r
                0x0000000000120460       0x98 /opt/devkitpro/devkitARM/bin/../lib/gcc/arm-none-eabi/10.1.0/../../../../arm-none-eabi/lib/armv6k/fpu/libg.a(lib_a-signal.o)
                0x0000000000120460                _raise_r
 .text.raise    0x00000000001204f8       0x20 /opt/devkitpro/devkitARM/bin/../lib/gcc/arm-none-eabi/10.1.0/../../../../arm-none-eabi/lib/armv6k/fpu/libg.a(lib_a-signal.o)
                0x00000000001204f8                raise
 .text.null_write
                0x0000000000120518        0x8 /opt/devkitpro/devkitARM/bin/../lib/gcc/arm-none-eabi/10.1.0/../../../../arm-none-eabi/lib/armv6k/fpu/libsysbase.a(iosupport.o)
 .text.setDefaultDevice
                0x0000000000120520       0x18 /opt/devkitpro/devkitARM/bin/../lib/gcc/arm-none-eabi/10.1.0/../../../../arm-none-eabi/lib/armv6k/fpu/libsysbase.a(iosupport.o)
                0x0000000000120520                setDefaultDevice
 .text.FindDevice
                0x0000000000120538       0xc8 /opt/devkitpro/devkitARM/bin/../lib/gcc/arm-none-eabi/10.1.0/../../../../arm-none-eabi/lib/armv6k/fpu/libsysbase.a(iosupport.o)
                0x0000000000120538                FindDevice
 .text.RemoveDevice
                0x0000000000120600       0x28 /opt/devkitpro/devkitARM/bin/../lib/gcc/arm-none-eabi/10.1.0/../../../../arm-none-eabi/lib/armv6k/fpu/libsysbase.a(iosupport.o)
                0x0000000000120600                RemoveDevice
 .text.AddDevice
                0x0000000000120628       0x9c /opt/devkitpro/devkitARM/bin/../lib/gcc/arm-none-eabi/10.1.0/../../../../arm-none-eabi/lib/armv6k/fpu/libsysbase.a(iosupport.o)
                0x0000000000120628                AddDevice
 .text.GetDeviceOpTab
                0x00000000001206c4       0x20 /opt/devkitpro/devkitARM/bin/../lib/gcc/arm-none-eabi/10.1.0/../../../../arm-none-eabi/lib/armv6k/fpu/libsysbase.a(iosupport.o)
                0x00000000001206c4                GetDeviceOpTab
 .text._fstat_r
                0x00000000001206e4       0x78 /opt/devkitpro/devkitARM/bin/../lib/gcc/arm-none-eabi/10.1.0/../../../../arm-none-eabi/lib/armv6k/fpu/libsysbase.a(fstat.o)
                0x00000000001206e4                _fstat_r
 .text._getpid_r
                0x000000000012075c       0x14 /opt/devkitpro/devkitARM/bin/../lib/gcc/arm-none-eabi/10.1.0/../../../../arm-none-eabi/lib/armv6k/fpu/libsysbase.a(getpid.o)
                0x000000000012075c                _getpid_r
 .text._isatty_r
                0x0000000000120770        0x8 /opt/devkitpro/devkitARM/bin/../lib/gcc/arm-none-eabi/10.1.0/../../../../arm-none-eabi/lib/armv6k/fpu/libsysbase.a(isatty.o)
                0x0000000000120770                _isatty_r
 .text._kill_r  0x0000000000120778       0x14 /opt/devkitpro/devkitARM/bin/../lib/gcc/arm-none-eabi/10.1.0/../../../../arm-none-eabi/lib/armv6k/fpu/libsysbase.a(kill.o)
                0x0000000000120778                _kill_r
 .text._lseek_r
                0x000000000012078c       0x84 /opt/devkitpro/devkitARM/bin/../lib/gcc/arm-none-eabi/10.1.0/../../../../arm-none-eabi/lib/armv6k/fpu/libsysbase.a(lseek.o)
                0x000000000012078c                _lseek_r
 .text._read_r  0x0000000000120810       0x80 /opt/devkitpro/devkitARM/bin/../lib/gcc/arm-none-eabi/10.1.0/../../../../arm-none-eabi/lib/armv6k/fpu/libsysbase.a(read.o)
                0x0000000000120810                _read_r
 .text._sbrk_r  0x0000000000120890       0x78 /opt/devkitpro/devkitARM/bin/../lib/gcc/arm-none-eabi/10.1.0/../../../../arm-none-eabi/lib/armv6k/fpu/libsysbase.a(sbrk.o)
                0x0000000000120890                _sbrk_r
 .text._write_r
                0x0000000000120908       0x80 /opt/devkitpro/devkitARM/bin/../lib/gcc/arm-none-eabi/10.1.0/../../../../arm-none-eabi/lib/armv6k/fpu/libsysbase.a(write.o)
                0x0000000000120908                _write_r
 .text._exit    0x0000000000120988       0x24 /opt/devkitpro/devkitARM/bin/../lib/gcc/arm-none-eabi/10.1.0/../../../../arm-none-eabi/lib/armv6k/fpu/libsysbase.a(_exit.o)
                0x0000000000120988                _exit
 .text._concatenate_path
                0x00000000001209ac      0x1b8 /opt/devkitpro/devkitARM/bin/../lib/gcc/arm-none-eabi/10.1.0/../../../../arm-none-eabi/lib/armv6k/fpu/libsysbase.a(chdir.o)
                0x00000000001209ac                _concatenate_path
 .text.chdir    0x0000000000120b64      0x160 /opt/devkitpro/devkitARM/bin/../lib/gcc/arm-none-eabi/10.1.0/../../../../arm-none-eabi/lib/armv6k/fpu/libsysbase.a(chdir.o)
                0x0000000000120b64                chdir
 .text.__flockfile
                0x0000000000120cc4        0x8 /opt/devkitpro/devkitARM/bin/../lib/gcc/arm-none-eabi/10.1.0/../../../../arm-none-eabi/lib/armv6k/fpu/libsysbase.a(flock.o)
                0x0000000000120cc4                __flockfile
 .text.__funlockfile
                0x0000000000120ccc        0x8 /opt/devkitpro/devkitARM/bin/../lib/gcc/arm-none-eabi/10.1.0/../../../../arm-none-eabi/lib/armv6k/fpu/libsysbase.a(flock.o)
                0x0000000000120ccc                __funlockfile
 .text.__libc_lock_acquire
                0x0000000000120cd4       0x18 /opt/devkitpro/devkitARM/bin/../lib/gcc/arm-none-eabi/10.1.0/../../../../arm-none-eabi/lib/armv6k/fpu/libsysbase.a(syscall_support.o)
                0x0000000000120cd4                __libc_lock_acquire
 .text.__libc_lock_release
                0x0000000000120cec       0x18 /opt/devkitpro/devkitARM/bin/../lib/gcc/arm-none-eabi/10.1.0/../../../../arm-none-eabi/lib/armv6k/fpu/libsysbase.a(syscall_support.o)
                0x0000000000120cec                __libc_lock_release
 .text.__libc_lock_init_recursive
                0x0000000000120d04       0x18 /opt/devkitpro/devkitARM/bin/../lib/gcc/arm-none-eabi/10.1.0/../../../../arm-none-eabi/lib/armv6k/fpu/libsysbase.a(syscall_support.o)
                0x0000000000120d04                __libc_lock_init_recursive
 .text.__libc_lock_acquire_recursive
                0x0000000000120d1c       0x18 /opt/devkitpro/devkitARM/bin/../lib/gcc/arm-none-eabi/10.1.0/../../../../arm-none-eabi/lib/armv6k/fpu/libsysbase.a(syscall_support.o)
                0x0000000000120d1c                __libc_lock_acquire_recursive
 .text.__libc_lock_release_recursive
                0x0000000000120d34       0x18 /opt/devkitpro/devkitARM/bin/../lib/gcc/arm-none-eabi/10.1.0/../../../../arm-none-eabi/lib/armv6k/fpu/libsysbase.a(syscall_support.o)
                0x0000000000120d34                __libc_lock_release_recursive
 .text.__libc_lock_close_recursive
                0x0000000000120d4c       0x18 /opt/devkitpro/devkitARM/bin/../lib/gcc/arm-none-eabi/10.1.0/../../../../arm-none-eabi/lib/armv6k/fpu/libsysbase.a(syscall_support.o)
                0x0000000000120d4c                __libc_lock_close_recursive
 .text.__get_handle
                0x0000000000120d64       0x3c /opt/devkitpro/devkitARM/bin/../lib/gcc/arm-none-eabi/10.1.0/../../../../arm-none-eabi/lib/armv6k/fpu/libsysbase.a(handle_manager.o)
                0x0000000000120d64                __get_handle
 .text._close_r
                0x0000000000120da0       0xf4 /opt/devkitpro/devkitARM/bin/../lib/gcc/arm-none-eabi/10.1.0/../../../../arm-none-eabi/lib/armv6k/fpu/libsysbase.a(handle_manager.o)
                0x0000000000120da0                _close_r
 .text.__getreent
                0x0000000000120e94       0x28 /opt/devkitpro/devkitARM/bin/../lib/gcc/arm-none-eabi/10.1.0/../../../../arm-none-eabi/lib/armv6k/fpu/libsysbase.a(getreent.o)
                0x0000000000120e94                __getreent
 .text.strrchr  0x0000000000120ebc       0x44 /opt/devkitpro/devkitARM/bin/../lib/gcc/arm-none-eabi/10.1.0/../../../../arm-none-eabi/lib/armv6k/fpu/libg.a(lib_a-strrchr.o)
                0x0000000000120ebc                strrchr
 *(.glue_7)
 .glue_7        0x0000000000120f00        0x0 linker stubs
 *(.glue_7t)
 .glue_7t       0x0000000000120f00        0x0 linker stubs
 *(.stub)
 *(.gnu.warning)
 *(.gnu.linkonce.t*)
                0x0000000000120f00                . = ALIGN (0x4)
 *(.fini)
 .fini          0x0000000000120f00        0xc /opt/devkitpro/devkitARM/bin/../lib/gcc/arm-none-eabi/10.1.0/armv6k/fpu/crti.o
                0x0000000000120f00                _fini
 .fini          0x0000000000120f0c        0xc /opt/devkitpro/devkitARM/bin/../lib/gcc/arm-none-eabi/10.1.0/armv6k/fpu/crtn.o
                0x0000000000120f18                . = ALIGN (0x4)

.vfp11_veneer   0x0000000000120f18        0x0
 .vfp11_veneer  0x0000000000120f18        0x0 linker stubs

.v4_bx          0x0000000000120f18        0x0
 .v4_bx         0x0000000000120f18        0x0 linker stubs

.iplt           0x0000000000120f18        0x0
 .iplt          0x0000000000120f18        0x0 /opt/devkitpro/devkitARM/bin/../lib/gcc/arm-none-eabi/10.1.0/../../../../arm-none-eabi/lib/armv6k/fpu/3dsx_crt0.o
                0x0000000000121000                . = ALIGN (0x1000)

.rodata         0x0000000000121000     0x7958
 *(.rodata)
 .rodata        0x0000000000121000      0x804 /opt/devkitpro/libctru/lib/libctru.a(default_font.bin.o)
                0x0000000000121000                default_font_bin
                0x0000000000121800                default_font_bin_end
                0x0000000000121800                default_font_bin_size
 .rodata        0x0000000000121804        0xc /opt/devkitpro/libctru/lib/libctru.a(archive_dev.o)
 *(.roda)
 *(.rodata.*)
 .rodata.str1.4
                0x0000000000121810       0x41 main.o
 *fill*         0x0000000000121851        0x3 
 .rodata.con_write.str1.4
                0x0000000000121854       0x52 /opt/devkitpro/libctru/lib/libctru.a(console.o)
 *fill*         0x00000000001218a6        0x2 
 .rodata.str1.4
                0x00000000001218a8       0x10 /opt/devkitpro/libctru/lib/libctru.a(console.o)
 .rodata.colorTable
                0x00000000001218b8       0x30 /opt/devkitpro/libctru/lib/libctru.a(console.o)
 .rodata.dotab_stdout
                0x00000000001218e8       0x70 /opt/devkitpro/libctru/lib/libctru.a(console.o)
 .rodata.CSWTCH.66
                0x0000000000121958       0x14 /opt/devkitpro/libctru/lib/libctru.a(gfx.o)
 .rodata.framebufferInfoSt
                0x000000000012196c        0x8 /opt/devkitpro/libctru/lib/libctru.a(gfx.o)
 .rodata.gspInit.str1.4
                0x0000000000121974        0x9 /opt/devkitpro/libctru/lib/libctru.a(gspgpu.o)
 *fill*         0x000000000012197d        0x3 
 .rodata.aptSendCommand.str1.4
                0x0000000000121980       0x16 /opt/devkitpro/libctru/lib/libctru.a(apt.o)
 *fill*         0x0000000000121996        0x2 
 .rodata.hidInit.str1.4
                0x0000000000121998       0x15 /opt/devkitpro/libctru/lib/libctru.a(hid.o)
 *fill*         0x00000000001219ad        0x3 
 .rodata.srvInit.str1.4
                0x00000000001219b0        0x5 /opt/devkitpro/libctru/lib/libctru.a(srv.o)
 *fill*         0x00000000001219b5        0x3 
 .rodata.irrstInit.str1.4
                0x00000000001219b8        0x7 /opt/devkitpro/libctru/lib/libctru.a(irrst.o)
 *fill*         0x00000000001219bf        0x1 
 .rodata.ptmSysmInit.str1.4
                0x00000000001219c0        0x9 /opt/devkitpro/libctru/lib/libctru.a(ptmsysm.o)
 *fill*         0x00000000001219c9        0x3 
 .rodata.str1.4
                0x00000000001219cc        0x8 /opt/devkitpro/libctru/lib/libctru.a(archive_dev.o)
                                          0xc (size before relaxing)
 .rodata._archiveUnmountDeviceStruct.part.0.str1.4
                0x00000000001219d4        0x2 /opt/devkitpro/libctru/lib/libctru.a(archive_dev.o)
 *fill*         0x00000000001219d6        0x2 
 .rodata._archiveMountDevice.str1.4
                0x00000000001219d8        0x8 /opt/devkitpro/libctru/lib/libctru.a(archive_dev.o)
 .rodata.archiveMountSdmc.str1.4
                0x00000000001219e0        0x5 /opt/devkitpro/libctru/lib/libctru.a(archive_dev.o)
 *fill*         0x00000000001219e5        0x3 
 .rodata.archive_devoptab
                0x00000000001219e8       0x70 /opt/devkitpro/libctru/lib/libctru.a(archive_dev.o)
 .rodata.error_table
                0x0000000000121a58       0x30 /opt/devkitpro/libctru/lib/libctru.a(archive_dev.o)
 .rodata.fsInit.str1.4
                0x0000000000121a88        0x8 /opt/devkitpro/libctru/lib/libctru.a(fs.o)
 .rodata._global_impure_ptr
                0x0000000000121a90        0x4 /opt/devkitpro/devkitARM/bin/../lib/gcc/arm-none-eabi/10.1.0/../../../../arm-none-eabi/lib/armv6k/fpu/libg.a(lib_a-impure.o)
                0x0000000000121a90                _global_impure_ptr
 .rodata.__ssvfscanf_r.str1.1
                0x0000000000121a94        0x5 /opt/devkitpro/devkitARM/bin/../lib/gcc/arm-none-eabi/10.1.0/../../../../arm-none-eabi/lib/armv6k/fpu/libg.a(lib_a-svfscanf.o)
                                          0x6 (size before relaxing)
 *fill*         0x0000000000121a99        0x3 
 .rodata.basefix.0
                0x0000000000121a9c       0x22 /opt/devkitpro/devkitARM/bin/../lib/gcc/arm-none-eabi/10.1.0/../../../../arm-none-eabi/lib/armv6k/fpu/libg.a(lib_a-svfscanf.o)
 .rodata._vfiprintf_r.str1.1
                0x0000000000121abe       0x29 /opt/devkitpro/devkitARM/bin/../lib/gcc/arm-none-eabi/10.1.0/../../../../arm-none-eabi/lib/armv6k/fpu/libg.a(lib_a-vfiprintf.o)
 *fill*         0x0000000000121ae7        0x1 
 .rodata.blanks.1
                0x0000000000121ae8       0x10 /opt/devkitpro/devkitARM/bin/../lib/gcc/arm-none-eabi/10.1.0/../../../../arm-none-eabi/lib/armv6k/fpu/libg.a(lib_a-vfiprintf.o)
 .rodata.zeroes.0
                0x0000000000121af8       0x10 /opt/devkitpro/devkitARM/bin/../lib/gcc/arm-none-eabi/10.1.0/../../../../arm-none-eabi/lib/armv6k/fpu/libg.a(lib_a-vfiprintf.o)
 .rodata._vfprintf_r.str1.1
                0x0000000000121b08       0x12 /opt/devkitpro/devkitARM/bin/../lib/gcc/arm-none-eabi/10.1.0/../../../../arm-none-eabi/lib/armv6k/fpu/libg.a(lib_a-vfprintf.o)
                                         0x3b (size before relaxing)
 *fill*         0x0000000000121b1a        0x2 
 .rodata.blanks.1
                0x0000000000121b1c       0x10 /opt/devkitpro/devkitARM/bin/../lib/gcc/arm-none-eabi/10.1.0/../../../../arm-none-eabi/lib/armv6k/fpu/libg.a(lib_a-vfprintf.o)
 .rodata.zeroes.0
                0x0000000000121b2c       0x10 /opt/devkitpro/devkitARM/bin/../lib/gcc/arm-none-eabi/10.1.0/../../../../arm-none-eabi/lib/armv6k/fpu/libg.a(lib_a-vfprintf.o)
 .rodata._ctype_
                0x0000000000121b3c      0x101 /opt/devkitpro/devkitARM/bin/../lib/gcc/arm-none-eabi/10.1.0/../../../../arm-none-eabi/lib/armv6k/fpu/libg.a(lib_a-ctype_.o)
                0x0000000000121b3c                _ctype_
 *fill*         0x0000000000121c3d        0x3 
 .rodata._dtoa_r.str1.4
                0x0000000000121c40       0x67 /opt/devkitpro/devkitARM/bin/../lib/gcc/arm-none-eabi/10.1.0/../../../../arm-none-eabi/lib/armv6k/fpu/libg.a(lib_a-dtoa.o)
 *fill*         0x0000000000121ca7        0x1 
 .rodata.str1.4
                0x0000000000121ca8       0x44 /opt/devkitpro/devkitARM/bin/../lib/gcc/arm-none-eabi/10.1.0/../../../../arm-none-eabi/lib/armv6k/fpu/libg.a(lib_a-locale.o)
                                         0x4c (size before relaxing)
 .rodata._mbrtowc_r.str1.4
                0x0000000000121cec        0x1 /opt/devkitpro/devkitARM/bin/../lib/gcc/arm-none-eabi/10.1.0/../../../../arm-none-eabi/lib/armv6k/fpu/libg.a(lib_a-mbrtowc.o)
 .rodata.__multadd.str1.4
                0x0000000000121cec       0x40 /opt/devkitpro/devkitARM/bin/../lib/gcc/arm-none-eabi/10.1.0/../../../../arm-none-eabi/lib/armv6k/fpu/libg.a(lib_a-mprec.o)
                                         0x54 (size before relaxing)
 *fill*         0x0000000000121d2c        0x4 
 .rodata.__mprec_bigtens
                0x0000000000121d30       0x28 /opt/devkitpro/devkitARM/bin/../lib/gcc/arm-none-eabi/10.1.0/../../../../arm-none-eabi/lib/armv6k/fpu/libg.a(lib_a-mprec.o)
                0x0000000000121d30                __mprec_bigtens
 .rodata.__mprec_tens
                0x0000000000121d58       0xc8 /opt/devkitpro/devkitARM/bin/../lib/gcc/arm-none-eabi/10.1.0/../../../../arm-none-eabi/lib/armv6k/fpu/libg.a(lib_a-mprec.o)
                0x0000000000121d58                __mprec_tens
 .rodata.p05.0  0x0000000000121e20        0xc /opt/devkitpro/devkitARM/bin/../lib/gcc/arm-none-eabi/10.1.0/../../../../arm-none-eabi/lib/armv6k/fpu/libg.a(lib_a-mprec.o)
 .rodata._strtod_l.str1.4
                0x0000000000121e2c        0xf /opt/devkitpro/devkitARM/bin/../lib/gcc/arm-none-eabi/10.1.0/../../../../arm-none-eabi/lib/armv6k/fpu/libg.a(lib_a-strtod.o)
                                         0x11 (size before relaxing)
 *fill*         0x0000000000121e3b        0x1 
 .rodata.fpi.1  0x0000000000121e3c       0x14 /opt/devkitpro/devkitARM/bin/../lib/gcc/arm-none-eabi/10.1.0/../../../../arm-none-eabi/lib/armv6k/fpu/libg.a(lib_a-strtod.o)
 .rodata.fpinan.0
                0x0000000000121e50       0x14 /opt/devkitpro/devkitARM/bin/../lib/gcc/arm-none-eabi/10.1.0/../../../../arm-none-eabi/lib/armv6k/fpu/libg.a(lib_a-strtod.o)
 *fill*         0x0000000000121e64        0x4 
 .rodata.tinytens
                0x0000000000121e68       0x28 /opt/devkitpro/devkitARM/bin/../lib/gcc/arm-none-eabi/10.1.0/../../../../arm-none-eabi/lib/armv6k/fpu/libg.a(lib_a-strtod.o)
 .rodata.__action_table
                0x0000000000121e90       0x6c /opt/devkitpro/devkitARM/bin/../lib/gcc/arm-none-eabi/10.1.0/../../../../arm-none-eabi/lib/armv6k/fpu/libg.a(lib_a-svfiprintf.o)
                0x0000000000121e90                __action_table
 .rodata.__chclass
                0x0000000000121efc      0x100 /opt/devkitpro/devkitARM/bin/../lib/gcc/arm-none-eabi/10.1.0/../../../../arm-none-eabi/lib/armv6k/fpu/libg.a(lib_a-svfiprintf.o)
                0x0000000000121efc                __chclass
 .rodata.__state_table
                0x0000000000121ffc       0x6c /opt/devkitpro/devkitARM/bin/../lib/gcc/arm-none-eabi/10.1.0/../../../../arm-none-eabi/lib/armv6k/fpu/libg.a(lib_a-svfiprintf.o)
                0x0000000000121ffc                __state_table
 .rodata._svfprintf_r.str1.1
                0x0000000000122068       0x3b /opt/devkitpro/devkitARM/bin/../lib/gcc/arm-none-eabi/10.1.0/../../../../arm-none-eabi/lib/armv6k/fpu/libg.a(lib_a-svfprintf.o)
 .rodata.blanks.1
                0x0000000000122068       0x10 /opt/devkitpro/devkitARM/bin/../lib/gcc/arm-none-eabi/10.1.0/../../../../arm-none-eabi/lib/armv6k/fpu/libg.a(lib_a-svfprintf.o)
 .rodata.zeroes.0
                0x0000000000122078       0x10 /opt/devkitpro/devkitARM/bin/../lib/gcc/arm-none-eabi/10.1.0/../../../../arm-none-eabi/lib/armv6k/fpu/libg.a(lib_a-svfprintf.o)
 .rodata.__assert_func.str1.4
                0x0000000000122088       0x3f /opt/devkitpro/devkitARM/bin/../lib/gcc/arm-none-eabi/10.1.0/../../../../arm-none-eabi/lib/armv6k/fpu/libg.a(lib_a-assert.o)
                                         0x43 (size before relaxing)
 *fill*         0x00000000001220c7        0x1 
 .rodata.__gethex.str1.4
                0x00000000001220c8       0x47 /opt/devkitpro/devkitARM/bin/../lib/gcc/arm-none-eabi/10.1.0/../../../../arm-none-eabi/lib/armv6k/fpu/libg.a(lib_a-gdtoa-gethex.o)
                                         0x5b (size before relaxing)
 *fill*         0x000000000012210f        0x1 
 .rodata.__hexdig
                0x0000000000122110      0x100 /opt/devkitpro/devkitARM/bin/../lib/gcc/arm-none-eabi/10.1.0/../../../../arm-none-eabi/lib/armv6k/fpu/libg.a(lib_a-gdtoa-gethex.o)
                0x0000000000122110                __hexdig
 .rodata._jp2uc_l.str1.4
                0x0000000000122210       0x14 /opt/devkitpro/devkitARM/bin/../lib/gcc/arm-none-eabi/10.1.0/../../../../arm-none-eabi/lib/armv6k/fpu/libg.a(lib_a-jp2uc.o)
                                         0x12 (size before relaxing)
 .rodata.a1     0x0000000000122224       0xbc /opt/devkitpro/devkitARM/bin/../lib/gcc/arm-none-eabi/10.1.0/../../../../arm-none-eabi/lib/armv6k/fpu/libg.a(lib_a-jp2uc.o)
 .rodata.a2     0x00000000001222e0       0xbc /opt/devkitpro/devkitARM/bin/../lib/gcc/arm-none-eabi/10.1.0/../../../../arm-none-eabi/lib/armv6k/fpu/libg.a(lib_a-jp2uc.o)
 .rodata.a3     0x000000000012239c       0x5b /opt/devkitpro/devkitARM/bin/../lib/gcc/arm-none-eabi/10.1.0/../../../../arm-none-eabi/lib/armv6k/fpu/libg.a(lib_a-jp2uc.o)
 *fill*         0x00000000001223f7        0x1 
 .rodata.a6     0x00000000001223f8       0x70 /opt/devkitpro/devkitARM/bin/../lib/gcc/arm-none-eabi/10.1.0/../../../../arm-none-eabi/lib/armv6k/fpu/libg.a(lib_a-jp2uc.o)
 .rodata.a7     0x0000000000122468       0xa2 /opt/devkitpro/devkitARM/bin/../lib/gcc/arm-none-eabi/10.1.0/../../../../arm-none-eabi/lib/armv6k/fpu/libg.a(lib_a-jp2uc.o)
 *fill*         0x000000000012250a        0x2 
 .rodata.a8     0x000000000012250c       0x40 /opt/devkitpro/devkitARM/bin/../lib/gcc/arm-none-eabi/10.1.0/../../../../arm-none-eabi/lib/armv6k/fpu/libg.a(lib_a-jp2uc.o)
 .rodata.b02cf  0x000000000012254c     0x172a /opt/devkitpro/devkitARM/bin/../lib/gcc/arm-none-eabi/10.1.0/../../../../arm-none-eabi/lib/armv6k/fpu/libg.a(lib_a-jp2uc.o)
 *fill*         0x0000000000123c76        0x2 
 .rodata.d02f4  0x0000000000123c78     0x1a7c /opt/devkitpro/devkitARM/bin/../lib/gcc/arm-none-eabi/10.1.0/../../../../arm-none-eabi/lib/armv6k/fpu/libg.a(lib_a-jp2uc.o)
 .rodata.str1.4
                0x00000000001256f4        0x5 /opt/devkitpro/devkitARM/bin/../lib/gcc/arm-none-eabi/10.1.0/../../../../arm-none-eabi/lib/armv6k/fpu/libg.a(lib_a-lnumeric.o)
 .rodata._C_numeric_locale
                0x00000000001256f4        0xc /opt/devkitpro/devkitARM/bin/../lib/gcc/arm-none-eabi/10.1.0/../../../../arm-none-eabi/lib/armv6k/fpu/libg.a(lib_a-lnumeric.o)
                0x00000000001256f4                _C_numeric_locale
 .rodata.categories
                0x0000000000125700     0x31e6 /opt/devkitpro/devkitARM/bin/../lib/gcc/arm-none-eabi/10.1.0/../../../../arm-none-eabi/lib/armv6k/fpu/libg.a(lib_a-categories.o)
 .rodata.AddDevice.str1.4
                0x00000000001288e6        0x8 /opt/devkitpro/devkitARM/bin/../lib/gcc/arm-none-eabi/10.1.0/../../../../arm-none-eabi/lib/armv6k/fpu/libsysbase.a(iosupport.o)
 *fill*         0x00000000001288e6        0x2 
 .rodata.dotab_stdnull
                0x00000000001288e8       0x70 /opt/devkitpro/devkitARM/bin/../lib/gcc/arm-none-eabi/10.1.0/../../../../arm-none-eabi/lib/armv6k/fpu/libsysbase.a(iosupport.o)
                0x00000000001288e8                dotab_stdnull
 *all.rodata*(*)
 *(.gnu.linkonce.r*)
                0x0000000000128958                . = ALIGN (0x4)

.eh_frame       0x0000000000128958        0x0
 .eh_frame      0x0000000000128958        0x0 /opt/devkitpro/devkitARM/bin/../lib/gcc/arm-none-eabi/10.1.0/armv6k/fpu/crtbegin.o

.rel.dyn        0x0000000000128958        0x0
 .rel.iplt      0x0000000000128958        0x0 /opt/devkitpro/devkitARM/bin/../lib/gcc/arm-none-eabi/10.1.0/../../../../arm-none-eabi/lib/armv6k/fpu/3dsx_crt0.o

.ARM.extab
 *(.ARM.extab* .gnu.linkonce.armextab.*)
                0x0000000000128958                __exidx_start = .

ARM.exidx
 *(.ARM.exidx* .gnu.linkonce.armexidx.*)
                0x0000000000128958                __exidx_end = .
                0x0000000000129000                . = ALIGN (0x1000)

.data           0x0000000000129000     0x1f48
 *(.data)
 .data          0x0000000000129000        0x4 /opt/devkitpro/libctru/lib/libctru.a(stack_adjust.o)
                0x0000000000129000                __stacksize__
 *(.data.*)
 .data.currentConsole
                0x0000000000129004        0x4 /opt/devkitpro/libctru/lib/libctru.a(console.o)
                0x0000000000129004                currentConsole
 .data.defaultConsole